******************************************************************************
            TI ARM Clang Linker PC v2.1.2                      
******************************************************************************
>> Linked Fri Jun  6 07:58:58 2025

OUTPUT FILE NAME:   <sbl_sd.debug.out>
ENTRY POINT SYMBOL: "_vectors_sbl"  address: 43c00040


MEMORY CONFIGURATION

         name            origin    length      used     unused   attr    fill
----------------------  --------  ---------  --------  --------  ----  --------
  HSM_RAM_VECS          43c00000   00000100  00000080  00000080  RWIX
  HSM_RAM               43c00100   0003c700  0003c600  00000100  RWIX
  OCRAM                 70000000   00010000  00005400  0000ac00  RWIX
  DDR                   84000000   40000000  00800000  3f800000  RWIX


SEGMENT ALLOCATION MAP

run origin  load origin   length   init length attrs members
----------  ----------- ---------- ----------- ----- -------
43c00000    43c00000    00000080   00000080    r-x
  43c00000    43c00000    00000080   00000080    r-x .vectors
43c00100    43c00100    00025738   00025738    r-x
  43c00100    43c00100    00024000   00024000    r-x .text
  43c24100    43c24100    00001738   00001738    r-- .const
43c25840    43c25840    00001400   00001400    r-x
  43c25840    43c25840    00000ab0   00000ab0    r-x .text.hwi
  43c262f0    43c262f0    00000500   00000500    r-x .text.cache
  43c267f0    43c267f0    00000310   00000310    r-x .text.mpu
  43c26b00    43c26b00    00000140   00000140    r-x .text.boot
43c26c80    43c26c80    00003a80   00003a80    rw-
  43c26c80    43c26c80    00003a80   00003a80    rw- .data
43c2a700    43c2a700    00005890   00005890    r--
  43c2a700    43c2a700    00005890   00005890    r-- .rodata
43c30000    43c30000    00000800   00000800    r--
  43c30000    43c30000    00000800   00000800    r-- .boardcfg_data
43c30800    43c30800    0000bf00   00000000    rw-
  43c30800    43c30800    00008000   00000000    rw- .sysmem
  43c38800    43c38800    00003f00   00000000    rw- .bss
70000000    70000000    00004000   00000000    rw-
  70000000    70000000    00004000   00000000    rw- .stack
70004000    70004000    00001400   00000000    r--
  70004000    70004000    00001000   00000000    r-- .irqstack
  70005000    70005000    00000100   00000000    r-- .fiqstack
  70005100    70005100    00000100   00000000    r-- .svcstack
  70005200    70005200    00000100   00000000    r-- .abortstack
  70005300    70005300    00000100   00000000    r-- .undefinedstack


SECTION ALLOCATION MAP

 output                                  attributes/
section   page    origin      length       input sections
--------  ----  ----------  ----------   ----------------
.vectors   0    43c00000    00000080     
                  43c00000    00000040     nortos.am62x.r5f.ti-arm-clang.debug.lib : HwiP_armv7r_vectors_nortos_asm.obj (.vectors)
                  43c00040    00000040                                             : HwiP_armv7r_vectors_nortos_sbl_asm.obj (.vectors)

.text      0    43c00100    00024000     
                  43c00100    0000167e     drivers.am62x.r5f.ti-arm-clang.debug.lib : mmcsd_v1.obj (.text.MMCSD_open)
                  43c0177e    00000002     freertos_fat.am62x.r5f.ti-arm-clang.debug.lib : portable.obj (.text.FF_Assert_Lock)
                  43c01780    000013b0     libc.a : _scanfi.c.obj (.text.__TI_scanfi)
                  43c02b30    00000de0            : _printfi.c.obj (.text:__TI_printfi_nofloat)
                  43c03910    00000ba0     drivers.am62x.r5f.ti-arm-clang.debug.lib : mmcsd_v1.obj (.text.MMCSD_transfer)
                  43c044b0    00000a34     nortos.am62x.r5f.ti-arm-clang.debug.lib : printf.obj (.text._vsnprintf)
                  43c04ee4    0000000c     sciclient_direct_sbl.am62x.r5f.ti-arm-clang.debug.lib : sciclient_rm.obj (.text.Sciclient_rmIrqRelease)
                  43c04ef0    00000784     drivers.am62x.r5f.ti-arm-clang.debug.lib : ddr.obj (.text.DDR_init)
                  43c05674    0000074c     rm_pm_hal_sbl.am62x.r5f.ti-arm-clang.debug.lib : pll.obj (.text.pll_calc)
                  43c05dc0    00000708     main.obj (.text.main)
                  43c064c8    00000008     rm_pm_hal_sbl.am62x.r5f.ti-arm-clang.debug.lib : clk.obj (.text.clk_freq_change_allow)
                  43c064d0    00000706     drivers.am62x.r5f.ti-arm-clang.debug.lib : udma_ch.obj (.text.Udma_chDisable)
                  43c06bd6    00000002     freertos_fat.am62x.r5f.ti-arm-clang.debug.lib : portable.obj (.text.FF_BufferProceed)
                  43c06bd8    00000624     rm_pm_hal_sbl.am62x.r5f.ti-arm-clang.debug.lib : rm_udmap.obj (.text.rm_udmap_tx_ch_cfg)
                  43c071fc    00000004     freertos_fat.am62x.r5f.ti-arm-clang.debug.lib : portable.obj (.text.FF_BufferWait)
                  43c07200    000005e2     nortos.am62x.r5f.ti-arm-clang.debug.lib : printf.obj (.text._ftoa)
                  43c077e2    00000002     freertos_fat.am62x.r5f.ti-arm-clang.debug.lib : portable.obj (.text.FF_DeleteEvents)
                  43c077e4    000005c0     rm_pm_hal_sbl.am62x.r5f.ti-arm-clang.debug.lib : rm_udmap.obj (.text.rm_udmap_rx_ch_cfg)
                  43c07da4    0000056c     sciclient_direct_sbl.am62x.r5f.ti-arm-clang.debug.lib : sciclient_rm_irq.obj (.text.Sciclient_rmIrqFindRoute)
                  43c08310    00000566     drivers.am62x.r5f.ti-arm-clang.debug.lib : udma_rm.obj (.text.Udma_rmDeinit)
                  43c08876    0000000a     rm_pm_hal_sbl.am62x.r5f.ti-arm-clang.debug.lib : clk.obj (.text.clk_notify_children_freq)
                  43c08880    00000560     drivers.am62x.r5f.ti-arm-clang.debug.lib : udma_event.obj (.text.Udma_eventRegister)
                  43c08de0    00000526                                              : udma_ch.obj (.text.Udma_chOpen)
                  43c09306    00000002     freertos_fat.am62x.r5f.ti-arm-clang.debug.lib : portable.obj (.text.FF_LockDirectory)
                  43c09308    000004cc     libc.a : strtod.c.obj (.text.strtod)
                  43c097d4    0000000c            : aeabi_portable.c.obj (.text.__aeabi_errno_addr)
                  43c097e0    000004b0     nortos.am62x.r5f.ti-arm-clang.debug.lib : printf.obj (.text._etoa)
                  43c09c90    00000430     rm_pm_hal_sbl.am62x.r5f.ti-arm-clang.debug.lib : rm_ra.obj (.text.rm_ra_cfg)
                  43c0a0c0    00000424     drivers.am62x.r5f.ti-arm-clang.debug.lib : udma_rm.obj (.text.Udma_rmInit)
                  43c0a4e4    0000000c     rm_pm_hal_sbl.am62x.r5f.ti-arm-clang.debug.lib : device_prepare.obj (.text.device_prepare_nonexclusive)
                  43c0a4f0    000003cc     drivers.am62x.r5f.ti-arm-clang.debug.lib : uart_v0.obj (.text.UART_open)
                  43c0a8bc    000003a0     freertos_fat.am62x.r5f.ti-arm-clang.debug.lib : ff_ioman.obj (.text.FF_PartitionSearch)
                  43c0ac5c    00000388     rm_pm_hal_sbl.am62x.r5f.ti-arm-clang.debug.lib : psc.obj (.text.lpsc_module_sync_state)
                  43c0afe4    0000037c     freertos_fat.am62x.r5f.ti-arm-clang.debug.lib : ff_ioman.obj (.text.FF_Mount)
                  43c0b360    00000368     drivers.am62x.r5f.ti-arm-clang.debug.lib : mmcsd_v1.obj (.text.MMCSD_read)
                  43c0b6c8    00000008     rm_pm_hal_sbl.am62x.r5f.ti-arm-clang.debug.lib : clk.obj (.text.clk_freq_change_block)
                  43c0b6d0    00000368     drivers.am62x.r5f.ti-arm-clang.debug.lib : mmcsd_v1.obj (.text.MMCSD_write)
                  43c0ba38    00000008     rm_pm_hal_sbl.am62x.r5f.ti-arm-clang.debug.lib : psc.obj (.text.lpsc_module_get)
                  43c0ba40    00000350     drivers.am62x.r5f.ti-arm-clang.debug.lib : mmcsd_v1.obj (.text.MMCSD_close)
                  43c0bd90    0000031c     freertos_fat.am62x.r5f.ti-arm-clang.debug.lib : ff_dir.obj (.text.FF_FindEntryInDir)
                  43c0c0ac    00000004                                                   : portable.obj (.text.FF_CreateEvents)
                  43c0c0b0    00000314     nortos.am62x.r5f.ti-arm-clang.debug.lib : TimerP.obj (.text.TimerP_setup)
                  43c0c3c4    0000030c     freertos_fat.am62x.r5f.ti-arm-clang.debug.lib : ff_dir.obj (.text.FF_CreateDirent)
                  43c0c6d0    000002e8     sciclient_direct_sbl.am62x.r5f.ti-arm-clang.debug.lib : sciclient.obj (.text.Sciclient_serviceSecureProxy)
                  43c0c9b8    000002dc     freertos_fat.am62x.r5f.ti-arm-clang.debug.lib : ff_file.obj (.text.FF_Read)
                  43c0cc94    000002d4     rm_pm_hal_sbl.am62x.r5f.ti-arm-clang.debug.lib : rm_udmap.obj (.text.rm_udmap_flow_cfg)
                  43c0cf68    00000008                                                    : psc.obj (.text.lpsc_module_get_module_reset)
                  43c0cf70    000002a8     drivers.am62x.r5f.ti-arm-clang.debug.lib : udma_rmcfg_common.obj (.text.UdmaRmInitPrms_init)
                  43c0d218    000002a0     sciclient_direct_sbl.am62x.r5f.ti-arm-clang.debug.lib : sciclient_rm_irq.obj (.text.Sciclient_rmIrqGetRoute)
                  43c0d4b8    00000294     rm_pm_hal_sbl.am62x.r5f.ti-arm-clang.debug.lib : clk_pll_16fft.obj (.text.clk_pll_16fft_hsdiv_set_freq)
                  43c0d74c    0000028c     libc.a : strtoll.c.obj (.text.strtoll)
                  43c0d9d8    00000008     rm_pm_hal_sbl.am62x.r5f.ti-arm-clang.debug.lib : psc.obj (.text.lpsc_module_put)
                  43c0d9e0    0000028a     drivers.am62x.r5f.ti-arm-clang.debug.lib : udma_soc.obj (.text.Udma_initDrvHandle)
                  43c0dc6a    00000006     rm_pm_hal_sbl.am62x.r5f.ti-arm-clang.debug.lib : clk_pll_16fft.obj (.text.pll_16fft_bin)
                  43c0dc70    0000027a     drivers.am62x.r5f.ti-arm-clang.debug.lib : udma_event.obj (.text.Udma_eventUnRegister)
                  43c0deea    00000274     rm_pm_hal_sbl.am62x.r5f.ti-arm-clang.debug.lib : pll.obj (.text.pll_consider)
                  43c0e15e    00000002     freertos_fat.am62x.r5f.ti-arm-clang.debug.lib : portable.obj (.text.FF_LockFAT)
                  43c0e160    00000270     rm_pm_hal_sbl.am62x.r5f.ti-arm-clang.debug.lib : clk_pll_16fft.obj (.text.clk_pll_16fft_program_freq)
                  43c0e3d0    0000026c                                                    : clk_div.obj (.text.clk_div_set_freq)
                  43c0e63c    00000004     freertos_fat.am62x.r5f.ti-arm-clang.debug.lib : portable.obj (.text.FF_Has_Lock)
                  43c0e640    00000254     drivers.am62x.r5f.ti-arm-clang.debug.lib : uart_v0.obj (.text.UART_masterIsr)
                  43c0e894    0000000c     libc.a : memory.c.obj (.text.malloc)
                  43c0e8a0    00000242     drivers.am62x.r5f.ti-arm-clang.debug.lib : uart_v0.obj (.text.UART_write)
                  43c0eae2    0000000e     sciclient_direct_sbl.am62x.r5f.ti-arm-clang.debug.lib : sciclient_rm_irq.obj (.text.Sciclient_rmIrIsIr)
                  43c0eaf0    0000023e     nortos.am62x.r5f.ti-arm-clang.debug.lib : printf.obj (.text._ntoa_format)
                  43c0ed2e    00000002     freertos_fat.am62x.r5f.ti-arm-clang.debug.lib : portable.obj (.text.FF_PendSemaphore)
                  43c0ed30    00000234     drivers.am62x.r5f.ti-arm-clang.debug.lib : ddr.obj (.text.DDR_isr)
                  43c0ef64    00000230     rm_pm_hal_sbl.am62x.r5f.ti-arm-clang.debug.lib : device_clk.obj (.text.dev_clk_set_freq)
                  43c0f194    00000230     libc.a : strtoull.c.obj (.text.strtoull)
                  43c0f3c4    00000224     freertos_fat.am62x.r5f.ti-arm-clang.debug.lib : ff_file.obj (.text.FF_Open)
                  43c0f5e8    00000224     rm_pm_hal_sbl.am62x.r5f.ti-arm-clang.debug.lib : rm_irq.obj (.text.rm_irq_release)
                  43c0f80c    00000214     sciclient_direct_sbl.am62x.r5f.ti-arm-clang.debug.lib : sciclient_rm_irq.obj (.text.Sciclient_rmProgramInterruptRoute)
                  43c0fa20    00000208     libc.a : strtol.c.obj (.text.strtol)
                  43c0fc28    00000200     rm_pm_hal_sbl.am62x.r5f.ti-arm-clang.debug.lib : device.obj (.text.devices_init)
                  43c0fe28    000001fc     freertos_fat.am62x.r5f.ti-arm-clang.debug.lib : ff_dir.obj (.text.FF_FindShortName)
                  43c10024    000001f0     sciclient_direct_sbl.am62x.r5f.ti-arm-clang.debug.lib : sciclient_direct.obj (.text.Sciclient_service)
                  43c10214    0000000c     rm_pm_hal_sbl.am62x.r5f.ti-arm-clang.debug.lib : sys-reset.obj (.text.sys_reset_handler_register)
                  43c10220    000001e8     drivers.am62x.r5f.ti-arm-clang.debug.lib : csl_bcdma.obj (.text.CSL_bcdmaChanOp)
                  43c10408    00000008     rm_pm_hal_sbl.am62x.r5f.ti-arm-clang.debug.lib : psc.obj (.text.lpsc_module_ret_get)
                  43c10410    000001e8     drivers.am62x.r5f.ti-arm-clang.debug.lib : udma_ring_common.obj (.text.Udma_ringAlloc)
                  43c105f8    000001e8     rm_pm_hal_sbl.am62x.r5f.ti-arm-clang.debug.lib : rm_irq.obj (.text.rm_irq_set)
                  43c107e0    000001d8     libc.a : strtoul.c.obj (.text.strtoul)
                  43c109b8    00000008     rm_pm_hal_sbl.am62x.r5f.ti-arm-clang.debug.lib : psc.obj (.text.lpsc_module_ret_put)
                  43c109c0    000001d4     drivers.am62x.r5f.ti-arm-clang.debug.lib : ddr_soc.obj (.text.DDR_programPLL)
                  43c10b94    000001d0     libclang_rt.builtins.a : udivsi3.S.obj (.text)
                  43c10d64    0000000c     rm_pm_hal_sbl.am62x.r5f.ti-arm-clang.debug.lib : trace.obj (.text.trace_reconfigure)
                  43c10d70    000001bc     drivers.am62x.r5f.ti-arm-clang.debug.lib : bootloader_soc.obj (.text.Bootloader_socCpuResetRelease)
                  43c10f2c    000001b8     libc.a : memory.c.obj (.text.aligned_alloc)
                  43c110e4    000001b8            : memory.c.obj (.text.free)
                  43c1129c    000001b0     rm_pm_hal_sbl.am62x.r5f.ti-arm-clang.debug.lib : psc.obj (.text.psc_pre_init)
                  43c1144c    000001a8     sciclient_direct_sbl.am62x.r5f.ti-arm-clang.debug.lib : sciclient_rm_irq.obj (.text.Sciclient_rmClearInterruptRoute)
                  43c115f4    000001a4     freertos_fat.am62x.r5f.ti-arm-clang.debug.lib : ff_fat.obj (.text.FF_FindFreeCluster)
                  43c11798    000001a4                                                   : ff_dir.obj (.text.FF_PopulateLongDirent)
                  43c1193c    000001a0     rm_pm_hal_sbl.am62x.r5f.ti-arm-clang.debug.lib : device_process.obj (.text.set_device_handler)
                  43c11adc    00000180     nortos.am62x.r5f.ti-arm-clang.debug.lib : PmuP_armv7r_asm.obj (.text.pmu)
                  43c11c5c    00000004     freertos_fat.am62x.r5f.ti-arm-clang.debug.lib : ff_memory.obj (.text.FF_getChar)
                  43c11c60    0000017e     drivers.am62x.r5f.ti-arm-clang.debug.lib : soc.obj (.text.SOC_moduleSetClockFrequency)
                  43c11dde    00000002     freertos_fat.am62x.r5f.ti-arm-clang.debug.lib : portable.obj (.text.FF_ReleaseSemaphore)
                  43c11de0    0000017c                                                   : ff_fat.obj (.text.FF_CountFreeClusters)
                  43c11f5c    00000004                                                   : ff_memory.obj (.text.FF_getLong)
                  43c11f60    00000174     drivers.am62x.r5f.ti-arm-clang.debug.lib : udma_ch.obj (.text.Udma_chConfigRx)
                  43c120d4    0000000a     rm_pm_hal_sbl.am62x.r5f.ti-arm-clang.debug.lib : clk_div.obj (.text.readl)
                  43c120de    00000002     freertos_fat.am62x.r5f.ti-arm-clang.debug.lib : portable.obj (.text.FF_Sleep)
                  43c120e0    00000172     nortos.am62x.r5f.ti-arm-clang.debug.lib : ClockP_nortos_r5.obj (.text.ClockP_init)
                  43c12252    0000000e     freertos_fat.am62x.r5f.ti-arm-clang.debug.lib : ff_dir.obj (.text.strlen)
                  43c12260    00000170     main.obj (.text.App_PowerUpCpu)
                  43c123d0    00000168     drivers.am62x.r5f.ti-arm-clang.debug.lib : udma_rm.obj (.text.Udma_rmSetSharedResRmInitPrms)
                  43c12538    00000008     rm_pm_hal_sbl.am62x.r5f.ti-arm-clang.debug.lib : rm_core.obj (.text.rm_core_param_is_valid)
                  43c12540    00000164     drivers.am62x.r5f.ti-arm-clang.debug.lib : bootloader_rprc.obj (.text.Bootloader_rprcImageLoad)
                  43c126a4    00000164     rm_pm_hal_sbl.am62x.r5f.ti-arm-clang.debug.lib : rm_udmap.obj (.text.rm_udmap_gcfg_cfg)
                  43c12808    00000160                                                    : rm_ir.obj (.text.rm_ir_configure)
                  43c12968    0000015c     freertos_fat.am62x.r5f.ti-arm-clang.debug.lib : ff_dir.obj (.text.FF_CreateShortName)
                  43c12ac4    0000000a     rm_pm_hal_sbl.am62x.r5f.ti-arm-clang.debug.lib : clk_mux.obj (.text.readl)
                  43c12ace    00000002     freertos_fat.am62x.r5f.ti-arm-clang.debug.lib : portable.obj (.text.FF_UnlockDirectory)
                  43c12ad0    00000154     drivers.am62x.r5f.ti-arm-clang.debug.lib : bootloader_dma.obj (.text.Bootloader_dmaOpen)
                  43c12c24    00000150     rm_pm_hal_sbl.am62x.r5f.ti-arm-clang.debug.lib : clk.obj (.text.clk_init)
                  43c12d74    0000014c     sciclient_direct_sbl.am62x.r5f.ti-arm-clang.debug.lib : uart_print.obj (.text.UART_printf)
                  43c12ec0    0000014a     freertos_fat.am62x.r5f.ti-arm-clang.debug.lib : ff_ioman.obj (.text.FF_GetBuffer)
                  43c1300a    00000004                                                   : ff_memory.obj (.text.FF_getShort)
                  43c1300e    00000002                                                   : portable.obj (.text.FF_UnlockFAT)
                  43c13010    00000148     drivers.am62x.r5f.ti-arm-clang.debug.lib : bootloader_profile.obj (.text.Bootloader_profilePrintProfileLog)
                  43c13158    00000148     freertos_fat.am62x.r5f.ti-arm-clang.debug.lib : ff_file.obj (.text.FF_Close)
                  43c132a0    00000148     drivers.am62x.r5f.ti-arm-clang.debug.lib : uart_v0.obj (.text.UART_close)
                  43c133e8    00000140     freertos_fat.am62x.r5f.ti-arm-clang.debug.lib : ff_fat.obj (.text.FF_putFATEntry)
                  43c13528    00000008     libc.a : exit.c.obj (.text:abort)
                  43c13530    00000140     drivers.am62x.r5f.ti-arm-clang.debug.lib : uart_v0.obj (.text.UART_fifoConfig)
                  43c13670    00000140                                              : udma_ch.obj (.text.Udma_chEnable)
                  43c137b0    00000140                                              : udma_flow.obj (.text.Udma_flowConfig)
                  43c138f0    00000140     libc.a : s_scalbn.c.obj (.text.scalbn)
                  43c13a30    0000013e     drivers.am62x.r5f.ti-arm-clang.debug.lib : lpddr4_am6x.obj (.text.LPDDR4_CheckCtlInterrupt)
                  43c13b6e    00000002     rm_pm_hal_sbl.am62x.r5f.ti-arm-clang.debug.lib : ioremap.obj (.text.ioremap_internal)
                  43c13b70    0000013c     sciclient_direct_sbl.am62x.r5f.ti-arm-clang.debug.lib : sciclient_direct.obj (.text.Sciclient_ProcessPmMessage)
                  43c13cac    00000004     freertos_fat.am62x.r5f.ti-arm-clang.debug.lib : ff_memory.obj (.text.FF_putChar)
                  43c13cb0    00000138     nortos.am62x.r5f.ti-arm-clang.debug.lib : printf.obj (.text._ntoa_long_long)
                  43c13de8    00000004     freertos_fat.am62x.r5f.ti-arm-clang.debug.lib : ff_memory.obj (.text.FF_putLong)
                  43c13dec    00000004                                                   : ff_memory.obj (.text.FF_putShort)
                  43c13df0    00000134     drivers.am62x.r5f.ti-arm-clang.debug.lib : csl_bcdma.obj (.text.CSL_bcdmaChanOpCfgChan)
                  43c13f24    00000134     rm_pm_hal_sbl.am62x.r5f.ti-arm-clang.debug.lib : clk_pll_16fft.obj (.text.clk_pll_16fft_init)
                  43c14058    00000134                                                    : rm_ra.obj (.text.ra_get_ring_evt)
                  43c1418c    00000134                                                    : rm_ra.obj (.text.ra_set_ring_evt)
                  43c142c0    0000012c                                                    : psc.obj (.text.psc_uninit)
                  43c143ec    0000012c                                                    : rm_core.obj (.text.rm_core_get_resource_range)
                  43c14518    00000004     sciclient_direct_sbl.am62x.r5f.ti-arm-clang.debug.lib : sciclient_direct_wrapper.obj (.text.Sciclient_getSelfDevIdCore)
                  43c1451c    00000004                                                           : sciclient_rm.obj (.text.Sciclient_rmIrqSet)
                  43c14520    0000012a     drivers.am62x.r5f.ti-arm-clang.debug.lib : bootloader_soc.obj (.text.Bootloader_socCpuPowerOnResetHSMM4f)
                  43c1464a    00000002     rm_pm_hal_sbl.am62x.r5f.ti-arm-clang.debug.lib : mmr_lock.obj (.text.mmr_lock_all)
                  43c1464c    00000124                                                    : clk_pll_16fft.obj (.text.clk_pll_16fft_get_freq)
                  43c14770    00000122                                                    : rm_udmap.obj (.text.udmap_oes_index_validate)
                  43c14892    0000000e     freertos_fat.am62x.r5f.ti-arm-clang.debug.lib : ff_file.obj (.text.strlen)
                  43c148a0    00000120     drivers.am62x.r5f.ti-arm-clang.debug.lib : bootloader_dma.obj (.text.BootloaderDma_submitTR)
                  43c149c0    00000118                                              : lpddr4_am6x.obj (.text.LPDDR4_AckCtlInterrupt)
                  43c14ad8    00000118     libclang_rt.builtins.a : udivmoddi4.S.obj (.text)
                  43c14bf0    00000116     drivers.am62x.r5f.ti-arm-clang.debug.lib : bootloader_soc.obj (.text.Bootloader_socCpuPowerOnResetM4f)
                  43c14d06    0000000a     rm_pm_hal_sbl.am62x.r5f.ti-arm-clang.debug.lib : clk_pll_16fft.obj (.text.readl)
                  43c14d10    00000114     nortos.am62x.r5f.ti-arm-clang.debug.lib : printf.obj (.text._ntoa_long)
                  43c14e24    00000114     rm_pm_hal_sbl.am62x.r5f.ti-arm-clang.debug.lib : clk_pll_16fft.obj (.text.clk_pll_16fft_internal_set_freq)
                  43c14f38    00000114                                                    : rm_udmap.obj (.text.udmap_get_ch_evt)
                  43c1504c    00000110     freertos_fat.am62x.r5f.ti-arm-clang.debug.lib : ff_sys.obj (.text.FF_FS_Add)
                  43c1515c    00000004     sciclient_direct_sbl.am62x.r5f.ti-arm-clang.debug.lib : sciclient_rm.obj (.text.Sciclient_rmIrqTranslateIaOutput)
                  43c15160    0000010e     drivers.am62x.r5f.ti-arm-clang.debug.lib : bootloader_dma.obj (.text.Bootloader_dmaCopy)
                  43c1526e    00000002     rm_pm_hal_sbl.am62x.r5f.ti-arm-clang.debug.lib : map.obj (.text.u32_get_bytes)
                  43c15270    0000010c     drivers.am62x.r5f.ti-arm-clang.debug.lib : udma_ch.obj (.text.Udma_chGetChanEnStatus)
                  43c1537c    00000004     libc.a : _lock.c.obj (.text._nop)
                  43c15380    0000010a     drivers.am62x.r5f.ti-arm-clang.debug.lib : udma_ch.obj (.text.Udma_chConfigTx)
                  43c1548a    00000002     freertos_fat.am62x.r5f.ti-arm-clang.debug.lib : portable.obj (.text.vTaskSuspendAll)
                  43c1548c    00000108     sciclient_direct_sbl.am62x.r5f.ti-arm-clang.debug.lib : sciclient_rm_irq.obj (.text.Sciclient_rmIrqDeleteRoute)
                  43c15594    00000108                                                           : sciclient_rm_irq.obj (.text.Sciclient_rmIrqProgramRoute)
                  43c1569c    00000108     rm_pm_hal_sbl.am62x.r5f.ti-arm-clang.debug.lib : device_clk.obj (.text.device_clk_get_parent)
                  43c157a4    0000000a                                                    : clk_pllctrl.obj (.text.readl)
                  43c157ae    00000002     freertos_fat.am62x.r5f.ti-arm-clang.debug.lib : portable.obj (.text.xTaskResumeAll)
                  43c157b0    00000104     drivers.am62x.r5f.ti-arm-clang.debug.lib : bootloader_rprc.obj (.text.Bootloader_loadSelfCpu)
                  43c158b4    0000000a     rm_pm_hal_sbl.am62x.r5f.ti-arm-clang.debug.lib : dmsc.obj (.text.readl)
                  43c158be    00000002     --HOLE-- [fill = 0]
                  43c158c0    00000100     drivers.am62x.r5f.ti-arm-clang.debug.lib : mmcsd_v1.obj (.text.MMCSD_halSetBusFreq)
                  43c159c0    000000fe                                              : csl_lcdma_ringacc.obj (.text.CSL_lcdma_ringaccPop64MultiAccess)
                  43c15abe    000000fc     sciclient_direct_sbl.am62x.r5f.ti-arm-clang.debug.lib : sciclient_direct.obj (.text.Sciclient_ProcessRmMessage)
                  43c15bba    00000002     --HOLE-- [fill = 0]
                  43c15bbc    000000fc     rm_pm_hal_sbl.am62x.r5f.ti-arm-clang.debug.lib : rm_udmap.obj (.text.udmap_set_ch_evt)
                  43c15cb8    000000fa                                                    : rm_ia.obj (.text.rm_ia_vint_map)
                  43c15db2    00000002     --HOLE-- [fill = 0]
                  43c15db4    000000f8     freertos_fat.am62x.r5f.ti-arm-clang.debug.lib : ff_fat.obj (.text.FF_getFATEntry)
                  43c15eac    00000004     rm_pm_hal_sbl.am62x.r5f.ti-arm-clang.debug.lib : clk_fixed.obj (.text.clk_fixed_get_state)
                  43c15eb0    000000f6     nortos.am62x.r5f.ti-arm-clang.debug.lib : SemaphoreP_nortos.obj (.text.SemaphoreP_pend)
                  43c15fa6    0000000a     rm_pm_hal_sbl.am62x.r5f.ti-arm-clang.debug.lib : mmr_lock.obj (.text.readl)
                  43c15fb0    000000f6     drivers.am62x.r5f.ti-arm-clang.debug.lib : udma_ch.obj (.text.Udma_chFreeResource)
                  43c160a6    00000002     --HOLE-- [fill = 0]
                  43c160a8    000000f4     freertos_fat.am62x.r5f.ti-arm-clang.debug.lib : ff_ioman.obj (.text.FF_CreateIOManager)
                  43c1619c    000000f2     rm_pm_hal_sbl.am62x.r5f.ti-arm-clang.debug.lib : rm_ia.obj (.text.rm_ia_vint_unmap)
                  43c1628e    00000002     --HOLE-- [fill = 0]
                  43c16290    000000ec                                                    : psc.obj (.text.psc_pd_get)
                  43c1637c    00000004                                                    : clk_dev.obj (.text.clk_from_device_notify_freq)
                  43c16380    000000ea     nortos.am62x.r5f.ti-arm-clang.debug.lib : AddrTranslateP.obj (.text.AddrTranslateP_getLocalAddr)
                  43c1646a    00000002     --HOLE-- [fill = 0]
                  43c1646c    000000e8     rm_pm_hal_sbl.am62x.r5f.ti-arm-clang.debug.lib : device_clk.obj (.text.device_clk_set_gated)
                  43c16554    000000e6                                                    : rm_ia.obj (.text.ia_validate_evt)
                  43c1663a    00000004                                                    : clk_dev.obj (.text.clk_from_device_set_state)
                  43c1663e    00000002     --HOLE-- [fill = 0]
                  43c16640    000000e2     drivers.am62x.r5f.ti-arm-clang.debug.lib : udma.obj (.text.Udma_init)
                  43c16722    0000000e     freertos_fat.am62x.r5f.ti-arm-clang.debug.lib : ff_string.obj (.text.strlen)
                  43c16730    000000dc     drivers.am62x.r5f.ti-arm-clang.debug.lib : csl_bcdma.obj (.text.CSL_bcdmaChanOpTeardownChan)
                  43c1680c    000000dc     freertos_fat.am62x.r5f.ti-arm-clang.debug.lib : ff_dir.obj (.text.FF_FindDir)
                  43c168e8    000000dc     rm_pm_hal_sbl.am62x.r5f.ti-arm-clang.debug.lib : clk.obj (.text.clk_set_freq)
                  43c169c4    000000dc                                                    : rm_ra.obj (.text.rm_ra_mon_cfg)
                  43c16aa0    000000dc                                                    : rm_udmap.obj (.text.rm_udmap_flow_delegate)
                  43c16b7c    000000d8                                                    : rm_udmap.obj (.text.rm_udmap_is_managed_resasg_utype)
                  43c16c54    000000d6     freertos_fat.am62x.r5f.ti-arm-clang.debug.lib : ff_file.obj (.text.FF_Truncate)
                  43c16d2a    00000004     rm_pm_hal_sbl.am62x.r5f.ti-arm-clang.debug.lib : clk_soc_hfosc0.obj (.text.clk_soc_hfosc0_get_state)
                  43c16d2e    00000002     --HOLE-- [fill = 0]
                  43c16d30    000000d4     drivers.am62x.r5f.ti-arm-clang.debug.lib : udma_ch.obj (.text.Udma_chClose)
                  43c16e04    000000d4     rm_pm_hal_sbl.am62x.r5f.ti-arm-clang.debug.lib : psc.obj (.text.lpsc_module_wait)
                  43c16ed8    000000d0     libc.a : sscanf.c.obj (.text._chkmbc)
                  43c16fa8    000000d0     rm_pm_hal_sbl.am62x.r5f.ti-arm-clang.debug.lib : rm_ia.obj (.text.ia_set_oes_evt)
                  43c17078    000000d0                                                    : psc.obj (.text.lpsc_module_put_internal)
                  43c17148    000000d0                                                    : psc.obj (.text.psc_pd_put)
                  43c17218    000000ce     freertos_fat.am62x.r5f.ti-arm-clang.debug.lib : ff_fat.obj (.text.FF_UnlinkClusterChain)
                  43c172e6    00000002     --HOLE-- [fill = 0]
                  43c172e8    000000cc                                                   : ff_ioman.obj (.text.FF_IncreaseFreeClusters)
                  43c173b4    000000cc     rm_pm_hal_sbl.am62x.r5f.ti-arm-clang.debug.lib : clk_div.obj (.text.clk_div_set_freq_static_parent)
                  43c17480    000000cc                                                    : clock.obj (.text.get_clock_handler)
                  43c1754c    000000ca                                                    : rm_ia.obj (.text.ia_get_oes_evt)
                  43c17616    00000002     --HOLE-- [fill = 0]
                  43c17618    000000c8     freertos_fat.am62x.r5f.ti-arm-clang.debug.lib : ff_dir.obj (.text.FF_ExtendDirectory)
                  43c176e0    000000c8     rm_pm_hal_sbl.am62x.r5f.ti-arm-clang.debug.lib : clock.obj (.text.query_freq_handler)
                  43c177a8    000000c8                                                    : rm_ia.obj (.text.rm_ia_init)
                  43c17870    000000c6     freertos_fat.am62x.r5f.ti-arm-clang.debug.lib : ff_dir.obj (.text.FF_FetchEntryWithContext)
                  43c17936    00000002     --HOLE-- [fill = 0]
                  43c17938    000000c4     rm_pm_hal_sbl.am62x.r5f.ti-arm-clang.debug.lib : clk_div.obj (.text.clk_div_notify_freq)
                  43c179fc    000000c4                                                    : clk_mux.obj (.text.clk_set_parent)
                  43c17ac0    000000c4                                                    : device_clk.obj (.text.device_clk_set_parent)
                  43c17b84    0000000a     freertos_fat.am62x.r5f.ti-arm-clang.debug.lib : ff_stdio.obj (.text.stdioSET_ERRNO)
                  43c17b8e    00000002     --HOLE-- [fill = 0]
                  43c17b90    000000c0     nortos.am62x.r5f.ti-arm-clang.debug.lib : printf.obj (.text._out_rev)
                  43c17c50    000000c0     rm_pm_hal_sbl.am62x.r5f.ti-arm-clang.debug.lib : psc.obj (.text.psc_post_init)
                  43c17d10    000000be     nortos.am62x.r5f.ti-arm-clang.debug.lib : ClockP_nortos.obj (.text.ClockP_timerTickIsr)
                  43c17dce    000000be     freertos_fat.am62x.r5f.ti-arm-clang.debug.lib : ff_dir.obj (.text.FF_PushEntryWithContext)
                  43c17e8c    000000bc     sciclient_direct_sbl.am62x.r5f.ti-arm-clang.debug.lib : sciclient_pm.obj (.text.Sciclient_pmQueryModuleClkFreq)
                  43c17f48    000000bc     rm_pm_hal_sbl.am62x.r5f.ti-arm-clang.debug.lib : init.obj (.text.pm_init)
                  43c18004    000000bc                                                    : rm_core.obj (.text.rm_core_resasg_validate_resource)
                  43c180c0    000000bc                                                    : clock.obj (.text.set_clock_handler)
                  43c1817c    000000bc                                                    : clock.obj (.text.set_freq_handler)
                  43c18238    000000bc                                                    : device_psc.obj (.text.soc_device_init)
                  43c182f4    00000004                                                    : clk_soc_lfosc0.obj (.text.clk_soc_lfosc0_get_state)
                  43c182f8    00000004                                                    : device_clk.obj (.text.device_clk_get_hw_ssc)
                  43c182fc    00000004                                                    : clk_pll_16fft.obj (.text.pll_16fft_vco_fitness)
                  43c18300    000000ba     nortos.am62x.r5f.ti-arm-clang.debug.lib : ClockP_nortos.obj (.text.ClockP_stop)
                  43c183ba    00000004     rm_pm_hal_sbl.am62x.r5f.ti-arm-clang.debug.lib : rm_udmap.obj (.text.rm_udmap_flow_size_thresh_cfg)
                  43c183be    00000002     --HOLE-- [fill = 0]
                  43c183c0    000000ba     ti_drivers_config.obj (.text.System_init)
                  43c1847a    000000ba     rm_pm_hal_sbl.am62x.r5f.ti-arm-clang.debug.lib : rm_udmap.obj (.text.udmap_check_index_range)
                  43c18534    00000004                                                    : device_psc.obj (.text.soc_device_init_complete)
                  43c18538    00000004                                                    : trace.obj (.text.trace_debug)
                  43c1853c    00000004     freertos_fat.am62x.r5f.ti-arm-clang.debug.lib : portable.obj (.text.vTaskSetThreadLocalStoragePointer)
                  43c18540    000000b8     nortos.am62x.r5f.ti-arm-clang.debug.lib : AddrTranslateP.obj (.text.AddrTranslateP_init)
                  43c185f8    000000b8     sciclient_direct_sbl.am62x.r5f.ti-arm-clang.debug.lib : sciclient_direct_wrapper.obj (.text.Sciclient_getVersionCheck)
                  43c186b0    000000b8     drivers.am62x.r5f.ti-arm-clang.debug.lib : uart_v0.obj (.text.UART_divisorLatchWrite)
                  43c18768    00000004     libclang_rt.builtins.a : aeabi_memcpy.S.obj (.text)
                  43c1876c    00000004     --HOLE-- [fill = 0]
                  43c18770    000000b8     drivers.am62x.r5f.ti-arm-clang.debug.lib : uart_v0.obj (.text.UART_flushTxFifo)
                  43c18828    00000008     nortos.am62x.r5f.ti-arm-clang.debug.lib : CacheP_armv7r_asm.obj (.tramp.CacheP_wb.1)
                  43c18830    000000b8     drivers.am62x.r5f.ti-arm-clang.debug.lib : udma_rm.obj (.text.Udma_rmAllocMappedRxCh)
                  43c188e8    00000008     nortos.am62x.r5f.ti-arm-clang.debug.lib : HwiP_armv7r_asm.obj (.tramp.HwiP_restore.1)
                  43c188f0    000000b8     drivers.am62x.r5f.ti-arm-clang.debug.lib : udma_rm.obj (.text.Udma_rmAllocMappedTxCh)
                  43c189a8    000000b8     rm_pm_hal_sbl.am62x.r5f.ti-arm-clang.debug.lib : clk_pll_16fft.obj (.text.clk_pll_16fft_hsdiv_init)
                  43c18a60    000000b6     nortos.am62x.r5f.ti-arm-clang.debug.lib : AddrTranslateP.obj (.text.AddrTranslateP_setRegion)
                  43c18b16    000000b6     rm_pm_hal_sbl.am62x.r5f.ti-arm-clang.debug.lib : div64.obj (.text.pm_div64)
                  43c18bcc    00000004     --HOLE-- [fill = 0]
                  43c18bd0    000000b4     drivers.am62x.r5f.ti-arm-clang.debug.lib : bootloader_dma.obj (.text.Bootloader_dmaClose)
                  43c18c84    000000b4     freertos_fat.am62x.r5f.ti-arm-clang.debug.lib : ff_dir.obj (.text.FF_CreateLFNEntry)
                  43c18d38    000000b4                                                   : ff_ioman.obj (.text.FF_FlushCache)
                  43c18dec    000000b4     sciclient_direct_sbl.am62x.r5f.ti-arm-clang.debug.lib : sciclient_direct.obj (.text.Sciclient_boardCfgParseHeader)
                  43c18ea0    000000b4     rm_pm_hal_sbl.am62x.r5f.ti-arm-clang.debug.lib : clk_div.obj (.text.clk_div_reg_go_set_div)
                  43c18f54    000000b4                                                    : map.obj (.text.map_add)
                  43c19008    00000008     libclang_rt.builtins.a : aeabi_memcpy.S.obj (.tramp.__aeabi_memcpy.1)
                  43c19010    000000b2     drivers.am62x.r5f.ti-arm-clang.debug.lib : lpddr4.obj (.text.LPDDR4_Start)
                  43c190c2    0000000e     freertos_fat.am62x.r5f.ti-arm-clang.debug.lib : ff_sys.obj (.text.strlen)
                  43c190d0    000000b0     drivers.am62x.r5f.ti-arm-clang.debug.lib : csl_lcdma_ringacc.obj (.text.CSL_lcdma_ringaccDequeue)
                  43c19180    000000b0     freertos_fat.am62x.r5f.ti-arm-clang.debug.lib : ff_ioman.obj (.text.FF_DecreaseFreeClusters)
                  43c19230    000000b0     drivers.am62x.r5f.ti-arm-clang.debug.lib : uart_v0.obj (.text.UART_procLineStatusErr)
                  43c192e0    000000b0     rm_pm_hal_sbl.am62x.r5f.ti-arm-clang.debug.lib : rm_ra.obj (.text.rm_ra_init)
                  43c19390    000000ae     ti_drivers_open_close.obj (.text.Drivers_uartOpen)
                  43c1943e    00000002     --HOLE-- [fill = 0]
                  43c19440    000000ae     sciclient_direct_sbl.am62x.r5f.ti-arm-clang.debug.lib : sciclient_direct.obj (.text.boardcfgRmFindCertSize)
                  43c194ee    00000002     --HOLE-- [fill = 0]
                  43c194f0    000000ac     drivers.am62x.r5f.ti-arm-clang.debug.lib : bootloader_soc.obj (.text.Bootloader_socCpuSetClock)
                  43c1959c    00000004     --HOLE-- [fill = 0]
                  43c195a0    000000ac                                              : mmcsd_priv.obj (.text.MMCSD_parseECSDEmmc)
                  43c1964c    000000ac     rm_pm_hal_sbl.am62x.r5f.ti-arm-clang.debug.lib : psc.obj (.text.lpsc_module_get_internal)
                  43c196f8    000000ac                                                    : rm_udmap.obj (.text.rm_udmap_init)
                  43c197a4    0000000c     --HOLE-- [fill = 0]
                  43c197b0    000000aa     drivers.am62x.r5f.ti-arm-clang.debug.lib : csl_bcdma.obj (.text.CSL_bcdmaDoChanOp)
                  43c1985a    00000006     --HOLE-- [fill = 0]
                  43c19860    000000aa     ti_drivers_open_close.obj (.text.Drivers_mmcsdOpen)
                  43c1990a    000000aa     sciclient_direct_sbl.am62x.r5f.ti-arm-clang.debug.lib : sciclient_pm.obj (.text.Sciclient_pmSetModuleClkFreq)
                  43c199b4    0000000c     --HOLE-- [fill = 0]
                  43c199c0    000000a8     nortos.am62x.r5f.ti-arm-clang.debug.lib : ClockP_nortos.obj (.text.ClockP_addToList)
                  43c19a68    00000008     --HOLE-- [fill = 0]
                  43c19a70    000000a8                                             : ClockP_nortos.obj (.text.ClockP_destruct)
                  43c19b18    000000a8     freertos_fat.am62x.r5f.ti-arm-clang.debug.lib : ff_mmcsd.obj (.text.FF_MMCSDDiskInit)
                  43c19bc0    000000a8                                                   : ff_string.obj (.text.FF_Utf16ctoUtf8c)
                  43c19c68    000000a8     sciclient_direct_sbl.am62x.r5f.ti-arm-clang.debug.lib : sciclient.obj (.text.Sciclient_setupRespIntr)
                  43c19d10    000000a8     nortos.am62x.r5f.ti-arm-clang.debug.lib : PmuP_armv7r.obj (.text.pmu)
                  43c19db8    00000008     --HOLE-- [fill = 0]
                  43c19dc0    000000a4     drivers.am62x.r5f.ti-arm-clang.debug.lib : udma_rm.obj (.text.Udma_rmAllocBlkCopyCh)
                  43c19e64    0000000c     --HOLE-- [fill = 0]
                  43c19e70    000000a4                                              : udma_rm.obj (.text.Udma_rmAllocBlkCopyHcCh)
                  43c19f14    0000000c     --HOLE-- [fill = 0]
                  43c19f20    000000a4                                              : udma_rm.obj (.text.Udma_rmAllocBlkCopyUhcCh)
                  43c19fc4    0000000c     --HOLE-- [fill = 0]
                  43c19fd0    000000a4                                              : udma_rm.obj (.text.Udma_rmAllocIrIntr)
                  43c1a074    0000000c     --HOLE-- [fill = 0]
                  43c1a080    000000a4                                              : udma_rm.obj (.text.Udma_rmAllocRxCh)
                  43c1a124    0000000c     --HOLE-- [fill = 0]
                  43c1a130    000000a4                                              : udma_rm.obj (.text.Udma_rmAllocRxHcCh)
                  43c1a1d4    0000000c     --HOLE-- [fill = 0]
                  43c1a1e0    000000a4                                              : udma_rm.obj (.text.Udma_rmAllocRxUhcCh)
                  43c1a284    0000000c     --HOLE-- [fill = 0]
                  43c1a290    000000a4                                              : udma_rm.obj (.text.Udma_rmAllocTxCh)
                  43c1a334    0000000c     --HOLE-- [fill = 0]
                  43c1a340    000000a4                                              : udma_rm.obj (.text.Udma_rmAllocTxHcCh)
                  43c1a3e4    0000000c     --HOLE-- [fill = 0]
                  43c1a3f0    000000a4                                              : udma_rm.obj (.text.Udma_rmAllocTxUhcCh)
                  43c1a494    000000a4     libc.a : memory.c.obj (.text.split)
                  43c1a538    00000008     --HOLE-- [fill = 0]
                  43c1a540    000000a2     drivers.am62x.r5f.ti-arm-clang.debug.lib : uart_v0.obj (.text.UART_init)
                  43c1a5e2    0000000e     --HOLE-- [fill = 0]
                  43c1a5f0    000000a0     main.obj (.text.App_OpenloadableImage)
                  43c1a690    000000a0     drivers.am62x.r5f.ti-arm-clang.debug.lib : bootloader_soc.obj (.text.Bootloader_socCpuGetClock)
                  43c1a730    000000a0                                              : udma_rm.obj (.text.Udma_rmAllocMappedRing)
                  43c1a7d0    000000a0     rm_pm_hal_sbl.am62x.r5f.ti-arm-clang.debug.lib : device_prepare.obj (.text.device_prepare)
                  43c1a870    000000a0                                                    : device_process.obj (.text.get_device_handler)
                  43c1a910    000000a0                                                    : rm_core.obj (.text.rm_core_init)
                  43c1a9b0    000000a0                                                    : rm_ra.obj (.text.rm_ra_validate_ring_index)
                  43c1aa50    0000009e     drivers.am62x.r5f.ti-arm-clang.debug.lib : csl_emif.obj (.text.CSL_emifConfig)
                  43c1aaee    0000009e     rm_pm_hal_sbl.am62x.r5f.ti-arm-clang.debug.lib : rm_udmap.obj (.text.udmap_check_flow_index)
                  43c1ab8c    0000009c     freertos_fat.am62x.r5f.ti-arm-clang.debug.lib : ff_dir.obj (.text.FF_CreateFile)
                  43c1ac28    0000009c     sciclient_direct_sbl.am62x.r5f.ti-arm-clang.debug.lib : sciclient.obj (.text.Sciclient_updateOperModeToInterrupt)
                  43c1acc4    0000009c     rm_pm_hal_sbl.am62x.r5f.ti-arm-clang.debug.lib : clk_pll_16fft.obj (.text.clk_pll_16fft_set_freq)
                  43c1ad60    0000009c                                                    : rm_ir.obj (.text.rm_ir_clear)
                  43c1adfc    00000004     --HOLE-- [fill = 0]
                  43c1ae00    0000009a     drivers.am62x.r5f.ti-arm-clang.debug.lib : bootloader_soc.obj (.text.Bootloader_socOpenFirewalls)
                  43c1ae9a    0000009a     freertos_fat.am62x.r5f.ti-arm-clang.debug.lib : ff_string.obj (.text.FF_strtok)
                  43c1af34    0000009a     rm_pm_hal_sbl.am62x.r5f.ti-arm-clang.debug.lib : clk.obj (.text.clk_generic_set_freq_parent)
                  43c1afce    00000002     --HOLE-- [fill = 0]
                  43c1afd0    00000098     sciclient_direct_sbl.am62x.r5f.ti-arm-clang.debug.lib : sciclient.obj (.text.Sciclient_init)
                  43c1b068    00000098                                                           : sciclient.obj (.text.Sciclient_servicePrepareHeader)
                  43c1b100    00000098     rm_pm_hal_sbl.am62x.r5f.ti-arm-clang.debug.lib : boardcfg-user.obj (.text.boardcfg_rm_receive_and_validate)
                  43c1b198    00000008     --HOLE-- [fill = 0]
                  43c1b1a0    00000096     ti_drivers_open_close.obj (.text.Drivers_ffOpen)
                  43c1b236    00000096     freertos_fat.am62x.r5f.ti-arm-clang.debug.lib : ff_file.obj (.text.FF_ReadPartial)
                  43c1b2cc    00000004     --HOLE-- [fill = 0]
                  43c1b2d0    00000096     drivers.am62x.r5f.ti-arm-clang.debug.lib : mmcsd_priv.obj (.text.MMCSD_parseCIDEmmc)
                  43c1b366    0000000a     --HOLE-- [fill = 0]
                  43c1b370    00000094                                              : bootloader_soc.obj (.text.Bootloader_socCpuPowerOnResetA53)
                  43c1b404    00000094     freertos_fat.am62x.r5f.ti-arm-clang.debug.lib : ff_sys.obj (.text.FF_FS_Find)
                  43c1b498    00000094     sciclient_direct_sbl.am62x.r5f.ti-arm-clang.debug.lib : sciclient.obj (.text.Sciclient_serviceGetThreadIds)
                  43c1b52c    00000004     --HOLE-- [fill = 0]
                  43c1b530    00000094     ti_drivers_config.obj (.text.System_deinit)
                  43c1b5c4    0000000c     --HOLE-- [fill = 0]
                  43c1b5d0    00000094     drivers.am62x.r5f.ti-arm-clang.debug.lib : udma_event.obj (.text.Udma_eventFreeResource)
                  43c1b664    0000000c     --HOLE-- [fill = 0]
                  43c1b670    00000094                                              : udma_event.obj (.text.Udma_eventIsrFxn)
                  43c1b704    00000094     rm_pm_hal_sbl.am62x.r5f.ti-arm-clang.debug.lib : rm_irq.obj (.text.irq_trace_remaining_params)
                  43c1b798    00000094                                                    : psc.obj (.text.lpsc_module_set_local_reset)
                  43c1b82c    00000004     --HOLE-- [fill = 0]
                  43c1b830    00000092     drivers.am62x.r5f.ti-arm-clang.debug.lib : mmcsd_v1.obj (.text.MMCSD_init)
                  43c1b8c2    0000000e     --HOLE-- [fill = 0]
                  43c1b8d0    00000090                                              : csl_lcdma_ringacc.obj (.text.CSL_lcdma_ringaccPush64)
                  43c1b960    00000090                                              : udma_ring_lcdma.obj (.text.Udma_ringSetCfgLcdma)
                  43c1b9f0    00000090     rm_pm_hal_sbl.am62x.r5f.ti-arm-clang.debug.lib : rm_ir.obj (.text.ir_clear_rom_mapping)
                  43c1ba80    0000008e     drivers.am62x.r5f.ti-arm-clang.debug.lib : mmcsd_priv.obj (.text.MMCSD_parseCSDSd)
                  43c1bb0e    0000008c     freertos_fat.am62x.r5f.ti-arm-clang.debug.lib : ff_fat.obj (.text.FF_TraverseFAT)
                  43c1bb9a    00000002     --HOLE-- [fill = 0]
                  43c1bb9c    0000008c     sciclient_direct_sbl.am62x.r5f.ti-arm-clang.debug.lib : uart_print.obj (.text.UART_convertVal)
                  43c1bc28    0000008c     rm_pm_hal_sbl.am62x.r5f.ti-arm-clang.debug.lib : clk_mux.obj (.text.clk_mux_set_parent)
                  43c1bcb4    0000008c                                                    : psc.obj (.text.psc_pd_wait)
                  43c1bd40    0000008a                                                    : rm_ra.obj (.text.ra_check_index_range)
                  43c1bdca    00000006     --HOLE-- [fill = 0]
                  43c1bdd0    00000088     nortos.am62x.r5f.ti-arm-clang.debug.lib : ClockP_nortos.obj (.text.ClockP_getTimeUsec)
                  43c1be58    00000088     freertos_fat.am62x.r5f.ti-arm-clang.debug.lib : ff_dir.obj (.text.FF_PutEntry)
                  43c1bee0    00000088     sciclient_direct_sbl.am62x.r5f.ti-arm-clang.debug.lib : sciclient.obj (.text.Sciclient_ISR)
                  43c1bf68    00000088     rm_pm_hal_sbl.am62x.r5f.ti-arm-clang.debug.lib : psc.obj (.text.lpsc_module_set_module_reset)
                  43c1bff0    00000086     drivers.am62x.r5f.ti-arm-clang.debug.lib : pinmux.obj (.text.Pinmux_config)
                  43c1c076    00000086     sciclient_direct_sbl.am62x.r5f.ti-arm-clang.debug.lib : sciclient_pm.obj (.text.Sciclient_pmGetModuleClkNumParent)
                  43c1c0fc    00000086                                                           : sciclient_pm.obj (.text.Sciclient_pmGetModuleClkParent)
                  43c1c182    0000000e     --HOLE-- [fill = 0]
                  43c1c190    00000084     main.obj (.text.App_runCpus)
                  43c1c214    00000084     freertos_fat.am62x.r5f.ti-arm-clang.debug.lib : ff_fat.obj (.text.FF_ClearCluster)
                  43c1c298    00000084                                                   : ff_dir.obj (.text.FF_GetEntry)
                  43c1c31c    00000084     sciclient_direct_sbl.am62x.r5f.ti-arm-clang.debug.lib : sciclient_boardcfg.obj (.text.Sciclient_boardCfgPm)
                  43c1c3a0    00000084                                                           : sciclient_boardcfg.obj (.text.Sciclient_boardCfgRm)
                  43c1c424    00000084                                                           : sciclient_pm.obj (.text.Sciclient_pmGetModuleClkFreq)
                  43c1c4a8    00000084                                                           : sciclient_pm.obj (.text.Sciclient_pmModuleGetClkStatus)
                  43c1c52c    00000004     --HOLE-- [fill = 0]
                  43c1c530    00000084     drivers.am62x.r5f.ti-arm-clang.debug.lib : udma_ring_common.obj (.text.Udma_ringFree)
                  43c1c5b4    0000000c     --HOLE-- [fill = 0]
                  43c1c5c0    00000084                                              : udma_rm.obj (.text.Udma_rmGetSciclientDefaultBoardCfgRmRange)
                  43c1c644    00000084     rm_pm_hal_sbl.am62x.r5f.ti-arm-clang.debug.lib : clk_div.obj (.text.clk_div_reg_set_div)
                  43c1c6c8    00000008     --HOLE-- [fill = 0]
                  43c1c6d0    00000082     drivers.am62x.r5f.ti-arm-clang.debug.lib : mmcsd_priv.obj (.text.MMCSD_parseCIDSd)
                  43c1c752    00000082     sciclient_direct_sbl.am62x.r5f.ti-arm-clang.debug.lib : sciclient_pm.obj (.text.Sciclient_pmGetModuleState)
                  43c1c7d4    00000080     freertos_fat.am62x.r5f.ti-arm-clang.debug.lib : ff_dir.obj (.text.FF_Traverse)
                  43c1c854    00000080     sciclient_direct_sbl.am62x.r5f.ti-arm-clang.debug.lib : sciclient_secureproxy.obj (.text.Sciclient_sendMessage)
                  43c1c8d4    0000000c     --HOLE-- [fill = 0]
                  43c1c8e0    00000080     drivers.am62x.r5f.ti-arm-clang.debug.lib : udma_ring_common.obj (.text.Udma_ringQueueRaw)
                  43c1c960    00000080     rm_pm_hal_sbl.am62x.r5f.ti-arm-clang.debug.lib : clk_pll_16fft.obj (.text.clk_pll_16fft_postdiv_set_freq)
                  43c1c9e0    00000080                                                    : clock.obj (.text.set_clock_parent_handler)
                  43c1ca60    0000007e     drivers.am62x.r5f.ti-arm-clang.debug.lib : bootloader_soc.obj (.text.Bootloader_socCpuRelease)
                  43c1cade    0000007e     sciclient_direct_sbl.am62x.r5f.ti-arm-clang.debug.lib : sciclient_pm.obj (.text.Sciclient_pmModuleClkRequest)
                  43c1cb5c    0000007e                                                           : sciclient_pm.obj (.text.Sciclient_pmSetModuleClkParent)
                  43c1cbda    00000006     --HOLE-- [fill = 0]
                  43c1cbe0    0000007c     drivers.am62x.r5f.ti-arm-clang.debug.lib : bootloader_soc.obj (.text.Bootloader_socCpuRequest)
                  43c1cc5c    0000007c     sciclient_direct_sbl.am62x.r5f.ti-arm-clang.debug.lib : sciclient_rm_irq.obj (.text.Sciclient_rmIrInpIsFree)
                  43c1ccd8    0000007c     rm_pm_hal_sbl.am62x.r5f.ti-arm-clang.debug.lib : clk.obj (.text.clk_notify_sibling_freq)
                  43c1cd54    0000007c                                                    : clk_pll_16fft.obj (.text.clk_pll_16fft_postdiv_set_div)
                  43c1cdd0    0000007c                                                    : clock.obj (.text.get_clock_parent_handler)
                  43c1ce4c    0000007c                                                    : clock.obj (.text.get_num_clock_parents_handler)
                  43c1cec8    00000008     --HOLE-- [fill = 0]
                  43c1ced0    0000007a     nortos.am62x.r5f.ti-arm-clang.debug.lib : ClockP_nortos.obj (.text.ClockP_usleep)
                  43c1cf4a    00000006     --HOLE-- [fill = 0]
                  43c1cf50    0000007a                                             : DebugP_log.obj (.text._DebugP_assert)
                  43c1cfca    00000002     --HOLE-- [fill = 0]
                  43c1cfcc    00000078     freertos_fat.am62x.r5f.ti-arm-clang.debug.lib : ff_ioman.obj (.text.FF_BlockRead)
                  43c1d044    00000078                                                   : ff_ioman.obj (.text.FF_BlockWrite)
                  43c1d0bc    00000004     --HOLE-- [fill = 0]
                  43c1d0c0    00000078     drivers.am62x.r5f.ti-arm-clang.debug.lib : udma_rm.obj (.text.Udma_rmAllocVintrBit)
                  43c1d138    00000078     rm_pm_hal_sbl.am62x.r5f.ti-arm-clang.debug.lib : clk.obj (.text.clk_get)
                  43c1d1b0    00000078                                                    : psc.obj (.text.psc_drop_pwr_up_ref)
                  43c1d228    00000078                                                    : rm_ra.obj (.text.rm_ra_is_managed_resasg_utype)
                  43c1d2a0    00000078     libc.a : snprintf.c.obj (.text.snprintf)
                  43c1d318    00000078            : strtok.c.obj (.text.strtok)
                  43c1d390    00000076     drivers.am62x.r5f.ti-arm-clang.debug.lib : udma_ring_common.obj (.text.Udma_ringDequeueRaw)
                  43c1d406    00000076     rm_pm_hal_sbl.am62x.r5f.ti-arm-clang.debug.lib : rm_udmap.obj (.text.udmap_clear_rom_oes)
                  43c1d47c    00000004     --HOLE-- [fill = 0]
                  43c1d480    00000074     drivers.am62x.r5f.ti-arm-clang.debug.lib : bootloader_soc.obj (.text.Bootloader_socCpuPowerOff)
                  43c1d4f4    0000000c     --HOLE-- [fill = 0]
                  43c1d500    00000074     nortos.am62x.r5f.ti-arm-clang.debug.lib : ClockP_nortos.obj (.text.ClockP_construct)
                  43c1d574    00000074     rm_pm_hal_sbl.am62x.r5f.ti-arm-clang.debug.lib : clk_dev.obj (.text.clk_from_device_get_state)
                  43c1d5e8    00000074                                                    : device_process.obj (.text.set_device_resets_handler)
                  43c1d65c    00000004     --HOLE-- [fill = 0]
                  43c1d660    00000072     drivers.am62x.r5f.ti-arm-clang.debug.lib : bootloader_soc.obj (.text.Bootloader_socTranslateSectionAddr)
                  43c1d6d2    00000072     freertos_fat.am62x.r5f.ti-arm-clang.debug.lib : ff_dir.obj (.text.FF_PopulateShortDirent)
                  43c1d744    0000000c     --HOLE-- [fill = 0]
                  43c1d750    00000072     drivers.am62x.r5f.ti-arm-clang.debug.lib : soc.obj (.text.SOC_moduleClockEnable)
                  43c1d7c2    00000070     freertos_fat.am62x.r5f.ti-arm-clang.debug.lib : ff_fat.obj (.text.FF_GetChainLength)
                  43c1d832    0000000e     --HOLE-- [fill = 0]
                  43c1d840    00000070     drivers.am62x.r5f.ti-arm-clang.debug.lib : lpddr4.obj (.text.LPDDR4_WritePhyConfig)
                  43c1d8b0    00000070     sciclient_direct_sbl.am62x.r5f.ti-arm-clang.debug.lib : sciclient.obj (.text.Sciclient_configPrmsInit)
                  43c1d920    00000070     drivers.am62x.r5f.ti-arm-clang.debug.lib : udma_ring_lcdma.obj (.text.Udma_ringFlushRawLcdma)
                  43c1d990    00000070     libc.a : atoi.c.obj (.text.atoi)
                  43c1da00    00000070     rm_pm_hal_sbl.am62x.r5f.ti-arm-clang.debug.lib : clk_pll_16fft.obj (.text.clk_pll_16fft_wait_for_lock)
                  43c1da70    00000070                                                    : device_clk.obj (.text.get_dev_clk)
                  43c1dae0    00000070                                                    : clock.obj (.text.get_freq_handler)
                  43c1db50    0000006e     drivers.am62x.r5f.ti-arm-clang.debug.lib : lpddr4.obj (.text.LPDDR4_WritePhyIndepConfig)
                  43c1dbbe    00000002     --HOLE-- [fill = 0]
                  43c1dbc0    0000006e                                              : utils.obj (.text.Utils_memcpyWord)
                  43c1dc2e    0000006e     rm_pm_hal_sbl.am62x.r5f.ti-arm-clang.debug.lib : rm_core.obj (.text.core_resasg_get_range)
                  43c1dc9c    00000004     --HOLE-- [fill = 0]
                  43c1dca0    0000006c     ti_drivers_open_close.obj (.text.Drivers_uartClose)
                  43c1dd0c    0000006c     sciclient_direct_sbl.am62x.r5f.ti-arm-clang.debug.lib : sciclient_rm_irq.obj (.text.Sciclient_rmTranslateIntOutput)
                  43c1dd78    0000006c     rm_pm_hal_sbl.am62x.r5f.ti-arm-clang.debug.lib : device_clk.obj (.text.device_clk_init)
                  43c1dde4    0000006c                                                    : psc.obj (.text.lpsc_module_set_reset_iso)
                  43c1de50    0000006a     drivers.am62x.r5f.ti-arm-clang.debug.lib : bootloader.obj (.text.Bootloader_runCpu)
                  43c1deba    00000006     --HOLE-- [fill = 0]
                  43c1dec0    0000006a     ti_dpl_config.obj (.text.Dpl_init)
                  43c1df2a    0000006a     rm_pm_hal_sbl.am62x.r5f.ti-arm-clang.debug.lib : rm_ia.obj (.text.ia_unmap_clear_rom_mapping)
                  43c1df94    0000000c     --HOLE-- [fill = 0]
                  43c1dfa0    00000068     drivers.am62x.r5f.ti-arm-clang.debug.lib : udma.obj (.text.Udma_deinit)
                  43c1e008    00000068     rm_pm_hal_sbl.am62x.r5f.ti-arm-clang.debug.lib : clk_div.obj (.text.clk_div_reg_get_div)
                  43c1e070    00000068                                                    : clk_mux.obj (.text.clk_mux_get_parent)
                  43c1e0d8    00000068                                                    : rm_core.obj (.text.rm_core_validate_devgrp)
                  43c1e140    00000068                                                    : rm_ir.obj (.text.rm_ir_get_outp)
                  43c1e1a8    00000066     freertos_fat.am62x.r5f.ti-arm-clang.debug.lib : ff_file.obj (.text.FF_SetCluster)
                  43c1e20e    00000066     sciclient_direct_sbl.am62x.r5f.ti-arm-clang.debug.lib : sciclient_pm.obj (.text.Sciclient_pmSetModuleState)
                  43c1e274    0000000c     --HOLE-- [fill = 0]
                  43c1e280    00000066     drivers.am62x.r5f.ti-arm-clang.debug.lib : udma_ch.obj (.text.UdmaChPrms_init)
                  43c1e2e6    0000000a     --HOLE-- [fill = 0]
                  43c1e2f0    00000064                                              : lpddr4.obj (.text.LPDDR4_ReadReg)
                  43c1e354    00000064     sciclient_direct_sbl.am62x.r5f.ti-arm-clang.debug.lib : sciclient.obj (.text.Sciclient_getCurrentContext)
                  43c1e3b8    00000064                                                           : sciclient_procboot.obj (.text.Sciclient_procBootSetSequenceCtrl)
                  43c1e41c    00000064                                                           : sciclient_rm_irq.obj (.text.Sciclient_rmIrqGetNode)
                  43c1e480    00000064     drivers.am62x.r5f.ti-arm-clang.debug.lib : uart_v0.obj (.text.UART_writeCancelNoCB)
                  43c1e4e4    00000064     rm_pm_hal_sbl.am62x.r5f.ti-arm-clang.debug.lib : clk_pll_16fft.obj (.text.clk_pll_16fft_get_state)
                  43c1e548    00000064                                                    : psc.obj (.text.lpsc_module_clk_put)
                  43c1e5ac    00000064                                                    : rm_core.obj (.text.rm_core_resasg_get_utype_index)
                  43c1e610    00000062     sciclient_direct_sbl.am62x.r5f.ti-arm-clang.debug.lib : sciclient.obj (.text.Sciclient_setDebugConfig)
                  43c1e672    0000000e     --HOLE-- [fill = 0]
                  43c1e680    00000062     drivers.am62x.r5f.ti-arm-clang.debug.lib : udma_ch.obj (.text.UdmaChTxPrms_init)
                  43c1e6e2    0000000e     --HOLE-- [fill = 0]
                  43c1e6f0    00000060                                              : csl_pktdma.obj (.text.CSL_pktdmaGetChanPeerReg)
                  43c1e750    00000060                                              : csl_pktdma.obj (.text.CSL_pktdmaSetChanPeerReg)
                  43c1e7b0    00000060     freertos_fat.am62x.r5f.ti-arm-clang.debug.lib : ff_file.obj (.text.FF_GetSequentialClusters)
                  43c1e810    00000060     drivers.am62x.r5f.ti-arm-clang.debug.lib : udma_ring_common.obj (.text.Udma_ringFlushRaw)
                  43c1e870    00000060                                              : udma_rm.obj (.text.Udma_rmFreeMappedRing)
                  43c1e8d0    00000060     libc.a : memory.c.obj (.text.calloc)
                  43c1e930    00000060     rm_pm_hal_sbl.am62x.r5f.ti-arm-clang.debug.lib : clk_div.obj (.text.clk_div_reg_go_get_div)
                  43c1e990    00000060                                                    : clk.obj (.text.clk_notify_freq)
                  43c1e9f0    00000060                                                    : device_pm.obj (.text.device_set_state)
                  43c1ea50    00000060                                                    : pll.obj (.text.pll_init)
                  43c1eab0    00000060     freertos_fat.am62x.r5f.ti-arm-clang.debug.lib : ff_mmcsd.obj (.text.prvReadMmcsd)
                  43c1eb10    00000060                                                   : ff_mmcsd.obj (.text.prvWriteMmcsd)
                  43c1eb70    00000060     rm_pm_hal_sbl.am62x.r5f.ti-arm-clang.debug.lib : resource.obj (.text.resource_get)
                  43c1ebd0    0000005e     nortos.am62x.r5f.ti-arm-clang.debug.lib : SemaphoreP_nortos.obj (.text.SemaphoreP_post)
                  43c1ec2e    00000002     --HOLE-- [fill = 0]
                  43c1ec30    0000005e     drivers.am62x.r5f.ti-arm-clang.debug.lib : udma_rm.obj (.text.Udma_rmAllocEvent)
                  43c1ec8e    00000002     --HOLE-- [fill = 0]
                  43c1ec90    0000005e                                              : udma_rm.obj (.text.Udma_rmAllocVintr)
                  43c1ecee    00000002     --HOLE-- [fill = 0]
                  43c1ecf0    0000005c                                              : bootloader.obj (.text.Bootloader_openDma)
                  43c1ed4c    00000004     --HOLE-- [fill = 0]
                  43c1ed50    0000005c                                              : lpddr4.obj (.text.LPDDR4_WriteReg)
                  43c1edac    00000004     --HOLE-- [fill = 0]
                  43c1edb0    0000005c     ti_power_clock_config.obj (.text.Module_clockSetFrequency)
                  43c1ee0c    0000005c     sciclient_direct_sbl.am62x.r5f.ti-arm-clang.debug.lib : sciclient_direct_wrapper.obj (.text.Sciclient_direct_init)
                  43c1ee68    0000005c                                                           : sciclient_procboot.obj (.text.Sciclient_procBootReleaseProcessor)
                  43c1eec4    0000005c                                                           : sciclient_rm_irq.obj (.text.Sciclient_rmIrOutpIsFree)
                  43c1ef20    0000005c     rm_pm_hal_sbl.am62x.r5f.ti-arm-clang.debug.lib : clk_pllctrl.obj (.text.clk_pllctrl_mux_get_parent)
                  43c1ef7c    0000005c                                                    : device_clk.obj (.text.device_clk_get_hw_ready)
                  43c1efd8    0000005c     freertos_fat.am62x.r5f.ti-arm-clang.debug.lib : ff_fat.obj (.text.prvGetFromFATBuffers)
                  43c1f034    0000005c     rm_pm_hal_sbl.am62x.r5f.ti-arm-clang.debug.lib : rm_ra.obj (.text.ra_check_monitor_index_range)
                  43c1f090    0000005c                                                    : device_psc.obj (.text.soc_device_disable)
                  43c1f0ec    0000005c                                                    : device_psc.obj (.text.soc_device_get_state)
                  43c1f148    00000008     --HOLE-- [fill = 0]
                  43c1f150    0000005a     drivers.am62x.r5f.ti-arm-clang.debug.lib : csl_bcdma.obj (.text.CSL_bcdmaChanOpGetChanStats)
                  43c1f1aa    00000006     --HOLE-- [fill = 0]
                  43c1f1b0    0000005a                                              : csl_bcdma.obj (.text.CSL_bcdmaChanOpSetChanPause)
                  43c1f20a    0000005a     sciclient_direct_sbl.am62x.r5f.ti-arm-clang.debug.lib : sciclient_rm.obj (.text.Sciclient_rmGetResourceRange)
                  43c1f264    0000000c     --HOLE-- [fill = 0]
                  43c1f270    0000005a     drivers.am62x.r5f.ti-arm-clang.debug.lib : udma_ch.obj (.text.UdmaChRxPrms_init)
                  43c1f2ca    00000006     --HOLE-- [fill = 0]
                  43c1f2d0    0000005a                                              : udma_ch.obj (.text.Udma_chGetCqRingNum)
                  43c1f32a    00000006     --HOLE-- [fill = 0]
                  43c1f330    0000005a                                              : udma_ring_lcdma.obj (.text.Udma_ringSetDoorBellLcdma)
                  43c1f38a    0000005a     rm_pm_hal_sbl.am62x.r5f.ti-arm-clang.debug.lib : itoa.obj (.text.lib_itoa)
                  43c1f3e4    0000000c     --HOLE-- [fill = 0]
                  43c1f3f0    00000058     drivers.am62x.r5f.ti-arm-clang.debug.lib : lpddr4.obj (.text.LPDDR4_WriteCtlConfig)
                  43c1f448    00000058     sciclient_direct_sbl.am62x.r5f.ti-arm-clang.debug.lib : sciclient_procboot.obj (.text.Sciclient_procBootGetProcessorState)
                  43c1f4a0    00000058     drivers.am62x.r5f.ti-arm-clang.debug.lib : uart_dma.obj (.text.UART_dmaDisableChannel)
                  43c1f4f8    00000058     libc.a : snprintf.c.obj (.text._outs)
                  43c1f550    00000058     rm_pm_hal_sbl.am62x.r5f.ti-arm-clang.debug.lib : rm_irq.obj (.text.irq_validate_global_event)
                  43c1f5a8    00000058                                                    : mmr_lock.obj (.text.mmr_unlock_all)
                  43c1f600    00000058     libc.a : sprintf.c.obj (.text.sprintf)
                  43c1f658    00000058     rm_pm_hal_sbl.am62x.r5f.ti-arm-clang.debug.lib : rm_udmap.obj (.text.udmap_get_inst)
                  43c1f6b0    00000056     nortos.am62x.r5f.ti-arm-clang.debug.lib : SemaphoreP_nortos.obj (.text.SemaphoreP_construct)
                  43c1f706    0000000a     --HOLE-- [fill = 0]
                  43c1f710    00000056     drivers.am62x.r5f.ti-arm-clang.debug.lib : uart_dma.obj (.text.UART_dmaClose)
                  43c1f766    0000000a     --HOLE-- [fill = 0]
                  43c1f770    00000054                                              : csl_intaggr.obj (.text.CSL_intaggrIsIntrPending)
                  43c1f7c4    00000054     sciclient_direct_sbl.am62x.r5f.ti-arm-clang.debug.lib : sciclient.obj (.text.Sciclient_deinit)
                  43c1f818    00000054                                                           : sciclient_pm.obj (.text.Sciclient_pmSetModuleRst)
                  43c1f86c    00000054                                                           : sciclient_procboot.obj (.text.Sciclient_procBootRequestProcessor)
                  43c1f8c0    00000054     rm_pm_hal_sbl.am62x.r5f.ti-arm-clang.debug.lib : clk_div.obj (.text.clk_div_init)
                  43c1f914    00000054                                                    : device_clk.obj (.text.device_clk_set_freq_change)
                  43c1f968    00000054                                                    : device_clk.obj (.text.device_clk_set_ssc)
                  43c1f9bc    00000054                                                    : psc.obj (.text.lpsc_module_get_local_reset)
                  43c1fa10    00000054                                                    : device_psc.obj (.text.soc_device_enable)
                  43c1fa64    0000000c     --HOLE-- [fill = 0]
                  43c1fa70    00000052     drivers.am62x.r5f.ti-arm-clang.debug.lib : csl_bcdma.obj (.text.CSL_bcdmaChanOpGetChanRT)
                  43c1fac2    00000052     sciclient_direct_sbl.am62x.r5f.ti-arm-clang.debug.lib : sciclient.obj (.text.Sciclient_abiCheck)
                  43c1fb14    00000052     rm_pm_hal_sbl.am62x.r5f.ti-arm-clang.debug.lib : rm_ra.obj (.text.ra_clear_rom_oes)
                  43c1fb66    00000052                                                    : device_psc.obj (.text.soc_device_verify_mapping)
                  43c1fbb8    00000008     --HOLE-- [fill = 0]
                  43c1fbc0    00000050     ti_drivers_open_close.obj (.text.Drivers_mmcsdClose)
                  43c1fc10    00000050     drivers.am62x.r5f.ti-arm-clang.debug.lib : mmcsd_priv.obj (.text.MMCSD_parseCSDEmmc)
                  43c1fc60    00000050     sciclient_direct_sbl.am62x.r5f.ti-arm-clang.debug.lib : sciclient_firewall.obj (.text.Sciclient_firewallSetRegion)
                  43c1fcb0    00000050                                                           : sciclient_rm_irq.obj (.text.Sciclient_rmIrqCfgIsEventToVintMappingOnly)
                  43c1fd00    00000050                                                           : sciclient_rm.obj (.text.Sciclient_rmIrqReleaseRaw)
                  43c1fd50    00000050                                                           : sciclient_rm.obj (.text.Sciclient_rmIrqSetRaw)
                  43c1fda0    00000050                                                           : sciclient_rm.obj (.text.Sciclient_rmPsilPair)
                  43c1fdf0    00000050                                                           : sciclient_rm.obj (.text.Sciclient_rmPsilUnpair)
                  43c1fe40    00000050                                                           : sciclient_rm.obj (.text.Sciclient_rmRingCfg)
                  43c1fe90    00000050                                                           : sciclient_rm.obj (.text.Sciclient_rmUdmapFlowCfg)
                  43c1fee0    00000050                                                           : sciclient_rm.obj (.text.Sciclient_rmUdmapFlowSizeThreshCfg)
                  43c1ff30    00000050                                                           : sciclient_rm.obj (.text.Sciclient_rmUdmapRxChCfg)
                  43c1ff80    00000050                                                           : sciclient_rm.obj (.text.Sciclient_rmUdmapTxChCfg)
                  43c1ffd0    00000050     drivers.am62x.r5f.ti-arm-clang.debug.lib : udma_rm.obj (.text.Udma_rmFreeVintrBit)
                  43c20020    00000050     rm_pm_hal_sbl.am62x.r5f.ti-arm-clang.debug.lib : clk_pll_16fft.obj (.text.clk_pll_16fft_postdiv_get_div)
                  43c20070    00000050                                                    : rm_irq.obj (.text.rm_irq_oes_src_register)
                  43c200c0    00000050                                                    : device_psc.obj (.text.soc_device_set_resets)
                  43c20110    00000050     libc.a : autoinit.c.obj (.text:__TI_auto_init_nobinit_nopinit)
                  43c20160    0000004e     drivers.am62x.r5f.ti-arm-clang.debug.lib : csl_bcdma.obj (.text.CSL_bcdmaChanOpDecChanStats)
                  43c201ae    00000002     --HOLE-- [fill = 0]
                  43c201b0    0000004e                                              : csl_bcdma.obj (.text.CSL_bcdmaGetCfg)
                  43c201fe    00000002     --HOLE-- [fill = 0]
                  43c20200    0000004e                                              : udma_ch.obj (.text.Udma_chGetCqRingHandle)
                  43c2024e    00000002     --HOLE-- [fill = 0]
                  43c20250    0000004e                                              : udma_ch.obj (.text.Udma_chGetFqRingHandle)
                  43c2029e    00000002     --HOLE-- [fill = 0]
                  43c202a0    0000004c                                              : csl_pktdma.obj (.text.CSL_pktdmaTeardownRxChan)
                  43c202ec    00000004     --HOLE-- [fill = 0]
                  43c202f0    0000004c                                              : csl_pktdma.obj (.text.CSL_pktdmaTeardownTxChan)
                  43c2033c    0000004c     freertos_fat.am62x.r5f.ti-arm-clang.debug.lib : ff_file.obj (.text.FF_GetModeBits)
                  43c20388    0000004c                                                   : ff_string.obj (.text.FF_strmatch)
                  43c203d4    0000000c     --HOLE-- [fill = 0]
                  43c203e0    0000004c     ti_power_clock_config.obj (.text.Module_clockDisable)
                  43c2042c    00000004     --HOLE-- [fill = 0]
                  43c20430    0000004c     ti_power_clock_config.obj (.text.Module_clockEnable)
                  43c2047c    0000004c     sciclient_direct_sbl.am62x.r5f.ti-arm-clang.debug.lib : sciclient_boardcfg.obj (.text.Sciclient_getDefaultBoardCfgInfo)
                  43c204c8    0000004c                                                           : sciclient_procboot.obj (.text.Sciclient_procBootSetProcessorCfg)
                  43c20514    0000000c     --HOLE-- [fill = 0]
                  43c20520    0000004c     nortos.am62x.r5f.ti-arm-clang.debug.lib : SemaphoreP_nortos.obj (.text.SemaphoreP_constructCounting)
                  43c2056c    0000004c     rm_pm_hal_sbl.am62x.r5f.ti-arm-clang.debug.lib : dmsc.obj (.text.am62x_sys_reset_handler)
                  43c205b8    0000004c                                                    : psc.obj (.text.lpsc_module_get_reset_iso)
                  43c20604    0000004c                                                    : rm_ra.obj (.text.ra_get_inst)
                  43c20650    0000004c                                                    : device_psc.obj (.text.soc_device_get_context_loss_count)
                  43c2069c    0000004c                                                    : device_psc.obj (.text.soc_device_get_resets)
                  43c206e8    0000004c     libc.a : sscanf.c.obj (.text.sscanf)
                  43c20734    0000000c     --HOLE-- [fill = 0]
                  43c20740    0000004a     drivers.am62x.r5f.ti-arm-clang.debug.lib : csl_intaggr.obj (.text.CSL_intaggrClrIntr)
                  43c2078a    0000004a     freertos_fat.am62x.r5f.ti-arm-clang.debug.lib : ff_dir.obj (.text.FF_InitEntryFetch)
                  43c207d4    0000004a                                                   : ff_ioman.obj (.text.FF_ReadParts)
                  43c2081e    00000002     --HOLE-- [fill = 0]
                  43c20820    0000004a     drivers.am62x.r5f.ti-arm-clang.debug.lib : soc.obj (.text.SOC_controlModuleUnlockMMR)
                  43c2086a    00000006     --HOLE-- [fill = 0]
                  43c20870    0000004a                                              : uart_dma.obj (.text.UART_dmaOpen)
                  43c208ba    00000006     --HOLE-- [fill = 0]
                  43c208c0    0000004a                                              : udma_rm.obj (.text.Udma_rmFreeMappedRxCh)
                  43c2090a    00000006     --HOLE-- [fill = 0]
                  43c20910    0000004a                                              : udma_rm.obj (.text.Udma_rmFreeMappedTxCh)
                  43c2095a    00000002     --HOLE-- [fill = 0]
                  43c2095c    00000048     freertos_fat.am62x.r5f.ti-arm-clang.debug.lib : ff_file.obj (.text.FF_CheckValid)
                  43c209a4    00000048                                                   : ff_ioman.obj (.text.FF_ReleaseBuffer)
                  43c209ec    00000004     --HOLE-- [fill = 0]
                  43c209f0    00000048     drivers.am62x.r5f.ti-arm-clang.debug.lib : bootloader_mem.obj (.text.Mem_imgRead)
                  43c20a38    00000008     --HOLE-- [fill = 0]
                  43c20a40    00000048                                              : rtc.obj (.text.RTC_erratumi2327Init)
                  43c20a88    00000048     rm_pm_hal_sbl.am62x.r5f.ti-arm-clang.debug.lib : clk_pll_16fft.obj (.text.clk_pll_16fft_bypass)
                  43c20ad0    00000048                                                    : clk.obj (.text.clk_put)
                  43c20b18    00000048                                                    : device_clk.obj (.text.get_dev_clk_data)
                  43c20b60    00000048     libc.a : memccpy.c.obj (.text.memccpy)
                  43c20ba8    00000048     rm_pm_hal_sbl.am62x.r5f.ti-arm-clang.debug.lib : device_psc.obj (.text.soc_device_ret_disable)
                  43c20bf0    00000048                                                    : device_psc.obj (.text.soc_device_ret_enable)
                  43c20c38    00000048     libc.a : strcspn.c.obj (.text.strcspn)
                  43c20c80    00000046     drivers.am62x.r5f.ti-arm-clang.debug.lib : csl_bcdma.obj (.text.CSL_bcdmaChanOpSetChanRT)
                  43c20cc6    0000000a     --HOLE-- [fill = 0]
                  43c20cd0    00000046     nortos.am62x.r5f.ti-arm-clang.debug.lib : DebugP_uartLogWriter.obj (.text.DebugP_uartLogWriterPutChar)
                  43c20d16    00000046     rm_pm_hal_sbl.am62x.r5f.ti-arm-clang.debug.lib : rm_irq.obj (.text.irq_cfg_is_ia_cfg)
                  43c20d5c    00000046                                                    : rm_irq.obj (.text.irq_cfg_is_ir_cfg)
                  43c20da2    00000046                                                    : rm_irq.obj (.text.irq_cfg_is_oes_only)
                  43c20de8    00000044     sciclient_direct_sbl.am62x.r5f.ti-arm-clang.debug.lib : sciclient_direct_wrapper.obj (.text.Sciclient_waitForBootNotification)
                  43c20e2c    00000004     --HOLE-- [fill = 0]
                  43c20e30    00000044     drivers.am62x.r5f.ti-arm-clang.debug.lib : udma_utils.obj (.text.UdmaUtils_makeTrpdTr15)
                  43c20e74    0000000c     --HOLE-- [fill = 0]
                  43c20e80    00000044                                              : udma_soc.obj (.text.Udma_getMappedChRingAttributes)
                  43c20ec4    0000000c     --HOLE-- [fill = 0]
                  43c20ed0    00000044     nortos.am62x.r5f.ti-arm-clang.debug.lib : DebugP_nortos.obj (.text._DebugP_logZone)
                  43c20f14    0000000c     --HOLE-- [fill = 0]
                  43c20f20    00000044                                             : printf.obj (.text._strnlen_s)
                  43c20f64    00000044     rm_pm_hal_sbl.am62x.r5f.ti-arm-clang.debug.lib : clk.obj (.text.clk_get_state)
                  43c20fa8    00000044                                                    : device_clk.obj (.text.device_clk_enable)
                  43c20fec    00000044     libc.a : strspn.c.obj (.text.strspn)
                  43c21030    00000042     drivers.am62x.r5f.ti-arm-clang.debug.lib : bootloader_soc.obj (.text.Bootloader_socMemInitCpu)
                  43c21072    0000000e     --HOLE-- [fill = 0]
[...]
43c2a1c4  gSciclientHandle                                                              
43c2a224  gRmIrInstances                                                                
43c2a284  ia_inst                                                                       
43c2a2e0  gUdmaRmSharedResPrms                                                          
43c2a388  gMmcsdAttrs                                                                   
43c2a3c4  __aeabi_errno                                                                 
43c2a428  gSocModulesClockFrequency                                                     
43c2a44c  _lock                                                                         
43c2a450  gAddrTranslateRegionConfig                                                    
43c2a470  gBootloaderUdmaArgs                                                           
43c2a490  gMemBootloaderConfig                                                          
43c2a4b0  gRmIaInstances                                                                
43c2a4d0  gSciclientRomSecProxyCfg                                                      
43c2a4f0  gSciclient_secProxyCfg                                                        
43c2a510  gBootloaderMemFxns                                                            
43c2a528  gClockConfig                                                                  
43c2a558  gMemBootloaderArgs                                                            
43c2a56c  gResMemSection                                                                
43c2a580  gSocModules                                                                   
43c2a5a4  gAddrTranslateConfig                                                          
43c2a5b0  gBootLoaderSDFiles                                                            
43c2a5bc  gMpuConfig                                                                    
43c2a5c8  gUartConfig                                                                   
43c2a5e4  gCacheConfig                                                                  
43c2a5ec  _unlock                                                                       
43c2a620  gFFMmcsdConfig                                                                
43c2a628  gFFPartitionIds                                                               
43c2a630  gMmcsdConfig                                                                  
43c2a638  gMmcsdParams                                                                  
43c2a658  a53_clock_in_Hz                                                               
43c2a65c  a53_start_address                                                             
43c2a660  gAppImageSize                                                                 
43c2a664  gDebugLogZone                                                                 
43c2a668  gDebugP_uartDrvIndex                                                          
43c2a66c  gHwiConfig                                                                    
43c2a670  gMmcsdConfigNum                                                               
43c2a674  gUartConfigNum                                                                
43c2a678  gUartDmaConfigNum                                                             
43c2a680  m4f_clock_in_Hz                                                               
43c2a684  m4f_start_address                                                             
43c2a688  operatingMode                                                                 
43c2a68c  pFiles                                                                        
43c2a690  pSciclient_secProxyCfg                                                        
43c2a694  r5f_clock_in_Hz                                                               
43c2a698  r5f_start_address                                                             
43c2a6a8  selfcoreEntry                                                                 
43c2a6ae  socCpuCores                                                                   
43c2a700  soc_clock_data                                                                
43c2a700  soc_psc_multiple_domains                                                      
43c2bbd0  crc32_table                                                                   
43c2bfd0  soc_device_data_arr                                                           
43c2c360  gUdmaRmDefBoardCfg_Pktdma                                                     
43c2c6a4  soc_pll_table                                                                 
43c2c960  __aeabi_ctype_table_                                                          
43c2c960  __aeabi_ctype_table_C                                                         
43c2cc61  soc_host_indexes                                                              
43c2cd5f  soc_host_indexes_sz                                                           
43c2cd60  gUdmaRmDefCfg_Main                                                            
43c2ce54  gSciclientMap                                                                 
43c2d0bc  gUdmaRmDefBoardCfg_Bcdma                                                      
43c2d1c0  gUdmaTxMappedChRingAttributes                                                 
43c2d390  soc_clock_freq_defaults                                                       
43c2d618  gRmIrqTree                                                                    
43c2d6f8  soc_devgroups                                                                 
43c2d890  gUdmaRxMappedChRingAttributes                                                 
43c2d8cc  ia_soc_pe_init_list                                                           
43c2dcd0  soc_fw_caps                                                                   
43c2dd30  tisci_if_TIMESYNC_EVENT_ROUTER0                                               
43c2e128  soc_clock_ranges                                                              
43c2e218  clk_drv_div_fixed                                                             
43c2e23c  clk_drv_div_pll_16fft_hsdiv                                                   
43c2e260  clk_drv_div_pll_16fft_postdiv                                                 
43c2e284  clk_drv_div_pll_16fft_postdiv_hsdiv                                           
43c2e2a8  clk_drv_div_reg                                                               
43c2e2cc  clk_drv_div_reg_go                                                            
43c2e338  tisci_if_MAIN_GPIOMUX_INTROUTER0                                              
43c2e488  clk_drv_mux_reg                                                               
43c2e4a8  clk_drv_pllctrl_mux_reg_ro                                                    
43c2e4e8  tisci_if_DMASS0_INTAGGR_0                                                     
43c2e508  tisci_if_WKUP_MCU_GPIOMUX_INTROUTER0                                          
43c2e5c4  irq_global_event_types                                                        
43c2e914  clk_drv_fixed                                                                 
43c2e92c  clk_drv_from_device                                                           
43c2e944  clk_drv_pll_16fft                                                             
43c2e95c  clk_drv_soc_hfosc0                                                            
43c2e974  clk_drv_soc_lfosc0                                                            
43c2f0d8  tisci_if_CMP_EVENT_INTROUTER0                                                 
43c2f488  psc_drv                                                                       
43c2f4b8  tisci_if_CPSW0                                                                
43c2f4c8  tisci_if_ICSSM0                                                               
43c2f82c  tisci_if_GPIO0                                                                
43c2f8c8  CMP_EVENT_INTROUTER0_outp_0_15_to_GICSS0_spi_48_63                            
43c2f8d0  CMP_EVENT_INTROUTER0_outp_16_23_to_R5FSS0_CORE0_intr_48_55                    
43c2f8d8  CMP_EVENT_INTROUTER0_outp_24_31_to_DMASS0_INTAGGR_0_intaggr_levi_pend_0_7     
43c2f8e0  CMP_EVENT_INTROUTER0_outp_34_37_to_MCU_M4FSS0_CORE0_nvic_58_61                
43c2f8e8  CMP_EVENT_INTROUTER0_outp_38_41_to_HSM0_nvic_51_54                            
43c2f8f0  CPSW0_cpts_comp_0_0_to_CMP_EVENT_INTROUTER0_in_24_24                          
43c2f8f8  CPSW0_cpts_genf0_1_1_to_TIMESYNC_EVENT_ROUTER0_in_16_16                       
43c2f900  CPSW0_cpts_genf1_2_2_to_TIMESYNC_EVENT_ROUTER0_in_17_17                       
43c2f908  CPSW0_cpts_sync_3_3_to_TIMESYNC_EVENT_ROUTER0_in_18_18                        
43c2f910  DEBUGSS0_davdma_level_0_0_to_DMASS0_INTAGGR_0_intaggr_levi_pend_27_27         
43c2f918  DMASS0_INTAGGR_0_intaggr_vintr_pend_0_39_to_GICSS0_spi_64_103                 
43c2f920  DMASS0_INTAGGR_0_intaggr_vintr_pend_136_151_to_HSM0_nvic_176_191              
43c2f928  DMASS0_INTAGGR_0_intaggr_vintr_pend_168_171_to_MCU_M4FSS0_CORE0_nvic_32_35    
43c2f930  DMASS0_INTAGGR_0_intaggr_vintr_pend_172_175_to_MCU_M4FSS0_CORE0_nvic_54_57    
43c2f938  DMASS0_INTAGGR_0_intaggr_vintr_pend_40_71_to_R5FSS0_CORE0_intr_64_95          
43c2f940  DMASS0_INTAGGR_0_intaggr_vintr_pend_72_79_to_R5FSS0_CORE0_intr_8_15           
43c2f948  DMASS0_INTAGGR_0_intaggr_vintr_pend_80_80_to_ICSSM0_pr1_slv_intr_21_21        
43c2f950  DMASS0_INTAGGR_0_intaggr_vintr_pend_81_83_to_ICSSM0_pr1_slv_intr_29_31        
43c2f958  EPWM0_epwm_synco_o_0_0_to_TIMESYNC_EVENT_ROUTER0_in_8_8                       
43c2f960  GPIO0_gpio_0_89_to_MAIN_GPIOMUX_INTROUTER0_in_0_89                            
43c2f968  GPIO0_gpio_90_91_to_MAIN_GPIOMUX_INTROUTER0_in_176_177                        
43c2f970  GPIO0_gpio_bank_92_97_to_MAIN_GPIOMUX_INTROUTER0_in_190_195                   
43c2f978  GPIO1_gpio_0_71_to_MAIN_GPIOMUX_INTROUTER0_in_90_161                          
43c2f980  GPIO1_gpio_bank_72_76_to_MAIN_GPIOMUX_INTROUTER0_in_180_184                   
43c2f988  GPMC0_gpmc_sdmareq_0_0_to_DMASS0_INTAGGR_0_intaggr_levi_pend_26_26            
43c2f990  ICSSM0_pr1_edc0_sync0_out_0_0_to_TIMESYNC_EVENT_ROUTER0_in_10_10              
43c2f998  ICSSM0_pr1_edc0_sync1_out_1_1_to_TIMESYNC_EVENT_ROUTER0_in_9_9                
43c2f9a0  ICSSM0_pr1_host_intr_req_2_9_to_CMP_EVENT_INTROUTER0_in_0_7                   
43c2f9a8  ICSSM0_pr1_iep0_cmp_intr_req_10_25_to_CMP_EVENT_INTROUTER0_in_8_23            
43c2f9b0  MAIN_GPIOMUX_INTROUTER0_outp_0_15_to_GICSS0_spi_32_47                         
43c2f9b8  MAIN_GPIOMUX_INTROUTER0_outp_0_15_to_R5FSS0_CORE0_intr_32_47                  
43c2f9c0  MAIN_GPIOMUX_INTROUTER0_outp_0_7_to_HSM0_nvic_208_215                         
43c2f9c8  MAIN_GPIOMUX_INTROUTER0_outp_16_21_to_ICSSM0_pr1_iep0_cap_intr_req_2_7        
43c2f9d0  MAIN_GPIOMUX_INTROUTER0_outp_22_23_to_DMASS0_INTAGGR_0_intaggr_levi_pend_24_25
43c2f9d8  MAIN_GPIOMUX_INTROUTER0_outp_24_31_to_DMASS0_INTAGGR_0_intaggr_levi_pend_16_23
43c2f9e0  MAIN_GPIOMUX_INTROUTER0_outp_32_32_to_ICSSM0_pr1_slv_intr_18_18               
43c2f9e8  MAIN_GPIOMUX_INTROUTER0_outp_33_33_to_ICSSM0_pr1_slv_intr_25_25               
43c2f9f0  MAIN_GPIOMUX_INTROUTER0_outp_34_35_to_MCU_M4FSS0_CORE0_nvic_15_16             
43c2f9f8  MCRC64_0_dma_event_0_3_to_DMASS0_INTAGGR_0_intaggr_levi_pend_28_31            
43c2fa00  MCU_GPIO0_gpio_0_23_to_WKUP_MCU_GPIOMUX_INTROUTER0_in_0_23                    
43c2fa08  MCU_GPIO0_gpio_bank_24_25_to_WKUP_MCU_GPIOMUX_INTROUTER0_in_30_31             
43c2fa10  TIMER0_timer_pwm_0_0_to_TIMESYNC_EVENT_ROUTER0_in_0_0                         
43c2fa18  TIMER1_timer_pwm_0_0_to_TIMESYNC_EVENT_ROUTER0_in_1_1                         
43c2fa20  TIMER2_timer_pwm_0_0_to_TIMESYNC_EVENT_ROUTER0_in_2_2                         
43c2fa28  TIMER3_timer_pwm_0_0_to_TIMESYNC_EVENT_ROUTER0_in_3_3                         
43c2fa30  TIMESYNC_EVENT_ROUTER0_outl_0_7_to_DMASS0_INTAGGR_0_intaggr_levi_pend_8_15    
43c2fa38  TIMESYNC_EVENT_ROUTER0_outl_10_10_to_CPSW0_cpts_hw1_push_0_0                  
43c2fa40  TIMESYNC_EVENT_ROUTER0_outl_11_11_to_CPSW0_cpts_hw2_push_1_1                  
43c2fa48  TIMESYNC_EVENT_ROUTER0_outl_12_12_to_CPSW0_cpts_hw3_push_2_2                  
43c2fa50  TIMESYNC_EVENT_ROUTER0_outl_13_13_to_CPSW0_cpts_hw4_push_3_3                  
43c2fa58  TIMESYNC_EVENT_ROUTER0_outl_14_14_to_CPSW0_cpts_hw5_push_4_4                  
43c2fa60  TIMESYNC_EVENT_ROUTER0_outl_15_15_to_CPSW0_cpts_hw6_push_5_5                  
43c2fa68  TIMESYNC_EVENT_ROUTER0_outl_16_16_to_CPSW0_cpts_hw7_push_6_6                  
43c2fa70  TIMESYNC_EVENT_ROUTER0_outl_17_17_to_CPSW0_cpts_hw8_push_7_7                  
43c2fa78  TIMESYNC_EVENT_ROUTER0_outl_24_25_to_ICSSM0_pr1_slv_intr_9_10                 
43c2fa80  TIMESYNC_EVENT_ROUTER0_outl_8_8_to_ICSSM0_pr1_edc0_latch0_in_0_0              
43c2fa88  TIMESYNC_EVENT_ROUTER0_outl_9_9_to_ICSSM0_pr1_edc0_latch1_in_1_1              
43c2fa90  WKUP_GTC0_gtc_push_event_0_0_to_TIMESYNC_EVENT_ROUTER0_in_11_11               
43c2fa98  WKUP_MCU_GPIOMUX_INTROUTER0_outp_0_3_to_GICSS0_spi_104_107                    
43c2faa0  WKUP_MCU_GPIOMUX_INTROUTER0_outp_0_3_to_R5FSS0_CORE0_intr_104_107             
43c2faa8  WKUP_MCU_GPIOMUX_INTROUTER0_outp_12_12_to_ICSSM0_pr1_slv_intr_8_8             
43c2fab0  WKUP_MCU_GPIOMUX_INTROUTER0_outp_4_7_to_HSM0_nvic_78_81                       
43c2fab8  WKUP_MCU_GPIOMUX_INTROUTER0_outp_4_7_to_MCU_M4FSS0_CORE0_nvic_0_3             
43c2fac0  WKUP_MCU_GPIOMUX_INTROUTER0_outp_8_11_to_WKUP_ESM0_esm_pls_event0_88_91       
43c2fac8  WKUP_MCU_GPIOMUX_INTROUTER0_outp_8_11_to_WKUP_ESM0_esm_pls_event1_92_95       
43c2fad0  WKUP_MCU_GPIOMUX_INTROUTER0_outp_8_11_to_WKUP_ESM0_esm_pls_event2_96_99       
43c2fb48  gcSciclientDirectExtBootX509MagicWord                                         
43c2fb60  tisci_if_GPIO1                                                                
43c2fb68  tisci_if_MCU_GPIO0                                                            
43c2fed0  evt_rt_srcs                                                                   
43c2fed4  evt_rt_srcs_count                                                             
43c2fed8  gCacheL1dCacheLineSize                                                        
43c2fedc  gCacheL1pCacheLineSize                                                        
43c2fee0  gRmIrqTreeCount                                                               
43c2ff04  ra_inst_count                                                                 
43c2ff08  soc_clock_count                                                               
43c2ff0c  soc_devgroup_count                                                            
43c2ff10  soc_device_count                                                              
43c2ff50  tisci_if_DEBUGSS0                                                             
43c2ff54  tisci_if_EPWM0                                                                
43c2ff58  tisci_if_GPMC0                                                                
43c2ff5c  tisci_if_MCRC64_0                                                             
43c2ff60  tisci_if_TIMER0                                                               
43c2ff64  tisci_if_TIMER1                                                               
43c2ff68  tisci_if_TIMER2                                                               
43c2ff6c  tisci_if_TIMER3                                                               
43c2ff70  tisci_if_WKUP_GTC0                                                            
43c2ff74  udmap_inst_count                                                              
43c30000  gSciclient_boardCfgLow                                                        
43c30080  gSciclient_boardCfgLow_rm                                                     
43c30600  gSciclient_boardCfgLow_sec                                                    
43c30780  gSciclient_boardCfgLow_pm                                                     
43c30800  _sys_memory                                                                   
43c38800  __BSS_START                                                                   
43c38800  gHwiCtrl                                                                      
43c39808  gUdmaDrvObj                                                                   
43c3abd4  soc_clocks                                                                    
43c3b398  soc_devices                                                                   
43c3bc80  gMmcsdDataBuf0                                                                
43c3be80  soc_clock_values                                                              
43c3c18c  gProfileObj                                                                   
43c3c2a8  _freertosresetvectors                                                         
43c3c2e8  gFFDisks                                                                      
43c3c4b8  bootCpuInfo                                                                   
43c3c548  gClockCtrl                                                                    
43c3c664  gSdData0                                                                      
43c3c6d4  gADMA2Desc                                                                    
43c3c6f4  gMmcsdHandle                                                                  
43c3c6f8  gUartHandle                                                                   
43c3c700  __BSS_END                                                                     
70000000  __stack                                                                       
70004000  __IRQ_STACK_START                                                             
70004000  __STACK_END                                                                   
70005000  __FIQ_STACK_START                                                             
70005000  __IRQ_STACK_END                                                               
70005100  __FIQ_STACK_END                                                               
70005100  __SVC_STACK_START                                                             
70005200  __ABORT_STACK_START                                                           
70005200  __SVC_STACK_END                                                               
70005300  __ABORT_STACK_END                                                             
70005300  __UNDEFINED_STACK_START                                                       
70005400  __UNDEFINED_STACK_END                                                         
84000000  gAppImageBuf                                                                  
ffffffff  __TI_pprof_out_hndl                                                           
ffffffff  __TI_prof_data_size                                                           
ffffffff  __TI_prof_data_start                                                          
ffffffff  __binit__                                                                     
ffffffff  binit                                                                         
UNDEFED   __TI_CINIT_Base                                                               
UNDEFED   __TI_CINIT_Limit                                                              
UNDEFED   __TI_Handler_Table_Base                                                       
UNDEFED   __TI_Handler_Table_Limit                                                      
UNDEFED   _system_post_cinit                                                            

[1025 symbols]
