******************************************************************************
            TI ARM Clang Linker PC v2.1.2                      
******************************************************************************
>> Linked Sun Jun  8 12:35:30 2025

OUTPUT FILE NAME:   <sbl_sd.release.out>
ENTRY POINT SYMBOL: "_vectors_sbl"  address: 43c00040


MEMORY CONFIGURATION

         name            origin    length      used     unused   attr    fill
----------------------  --------  ---------  --------  --------  ----  --------
  HSM_RAM_VECS          43c00000   00000100  00000080  00000080  RWIX
  HSM_RAM               43c00100   0003c700  00037880  00004e80  RWIX
  OCRAM                 70000000   00010000  00005400  0000ac00  RWIX
  DDR                   84000000   40000000  00800000  3f800000  RWIX


SEGMENT ALLOCATION MAP

run origin  load origin   length   init length attrs members
----------  ----------- ---------- ----------- ----- -------
43c00000    43c00000    00000080   00000080    r-x
  43c00000    43c00000    00000080   00000080    r-x .vectors
43c00100    43c00100    00021e78   00021e78    r-x
  43c00100    43c00100    0001f960   0001f960    r-x .text
  43c1fa60    43c1fa60    00001738   00001738    r-- .const
  43c21198    43c21198    00000710   00000710    r-x .text.hwi
  43c218a8    43c218a8    00000488   00000488    r-x .text.cache
  43c21d30    43c21d30    00000248   00000248    r-x .text.mpu
43c21f80    43c21f80    00000130   00000130    r-x
  43c21f80    43c21f80    00000130   00000130    r-x .text.boot
43c22100    43c22100    00003980   00003980    rw-
  43c22100    43c22100    00003980   00003980    rw- .data
43c25a80    43c25a80    000057a0   000057a0    r--
  43c25a80    43c25a80    000057a0   000057a0    r-- .rodata
43c2b280    43c2b280    00000800   00000800    r--
  43c2b280    43c2b280    00000800   00000800    r-- .boardcfg_data
43c2ba80    43c2ba80    0000bf00   00000000    rw-
  43c2ba80    43c2ba80    00008000   00000000    rw- .sysmem
  43c33a80    43c33a80    00003f00   00000000    rw- .bss
70000000    70000000    00004000   00000000    rw-
  70000000    70000000    00004000   00000000    rw- .stack
70004000    70004000    00001400   00000000    r--
  70004000    70004000    00001000   00000000    r-- .irqstack
  70005000    70005000    00000100   00000000    r-- .fiqstack
  70005100    70005100    00000100   00000000    r-- .svcstack
  70005200    70005200    00000100   00000000    r-- .abortstack
  70005300    70005300    00000100   00000000    r-- .undefinedstack


SECTION ALLOCATION MAP

 output                                  attributes/
section   page    origin      length       input sections
--------  ----  ----------  ----------   ----------------
.vectors   0    43c00000    00000080     
                  43c00000    00000040     nortos.am62x.r5f.ti-arm-clang.release.lib : HwiP_armv7r_vectors_nortos_asm.obj (.vectors)
                  43c00040    00000040                                               : HwiP_armv7r_vectors_nortos_sbl_asm.obj (.vectors)

.text      0    43c00100    0001f960     
                  43c00100    000013b0     libc.a : _scanfi.c.obj (.text.__TI_scanfi)
                  43c014b0    00000eec     drivers.am62x.r5f.ti-arm-clang.release.lib : mmcsd_v1.obj (.text.MMCSD_open)
                  43c0239c    00000de0     libc.a : _printfi.c.obj (.text:__TI_printfi_nofloat)
                  43c0317c    000008ba     drivers.am62x.r5f.ti-arm-clang.release.lib : mmcsd_v1.obj (.text.MMCSD_transfer)
                  43c03a36    00000002                                                : ddr_soc.obj (.text.DDR_socEnableVttRegulator)
                  43c03a38    0000074c     rm_pm_hal_sbl.am62x.r5f.ti-arm-clang.release.lib : pll.obj (.text.pll_calc)
                  43c04184    0000000c     nortos.am62x.r5f.ti-arm-clang.release.lib : ClockP_nortos.obj (.text.ClockP_getTicks)
                  43c04190    0000062e     main.obj (.text.main)
                  43c047be    00000002     freertos_fat.am62x.r5f.ti-arm-clang.release.lib : portable.obj (.text.FF_Assert_Lock)
                  43c047c0    00000624     rm_pm_hal_sbl.am62x.r5f.ti-arm-clang.release.lib : rm_udmap.obj (.text.rm_udmap_tx_ch_cfg)
                  43c04de4    000005c2     drivers.am62x.r5f.ti-arm-clang.release.lib : udma_ch.obj (.text.Udma_chDisable)
                  43c053a6    00000002     freertos_fat.am62x.r5f.ti-arm-clang.release.lib : portable.obj (.text.FF_BufferProceed)
                  43c053a8    000005c0     rm_pm_hal_sbl.am62x.r5f.ti-arm-clang.release.lib : rm_udmap.obj (.text.rm_udmap_rx_ch_cfg)
                  43c05968    00000580     nortos.am62x.r5f.ti-arm-clang.release.lib : printf.obj (.text._vsnprintf)
                  43c05ee8    0000056c     sciclient_direct_sbl.am62x.r5f.ti-arm-clang.release.lib : sciclient_rm_irq.obj (.text.Sciclient_rmIrqFindRoute)
                  43c06454    00000518     drivers.am62x.r5f.ti-arm-clang.release.lib : ddr.obj (.text.DDR_init)
                  43c0696c    000004de                                                : uart_v0.obj (.text.UART_open)
                  43c06e4a    00000006                                                : bootloader.obj (.text.Bootloader_powerOffCpu)
                  43c06e50    000004cc     libc.a : strtod.c.obj (.text.strtod)
                  43c0731c    0000045e     drivers.am62x.r5f.ti-arm-clang.release.lib : udma_event.obj (.text.Udma_eventRegister)
                  43c0777a    00000002     freertos_fat.am62x.r5f.ti-arm-clang.release.lib : portable.obj (.text.FF_DeleteEvents)
                  43c0777c    00000430     rm_pm_hal_sbl.am62x.r5f.ti-arm-clang.release.lib : rm_ra.obj (.text.rm_ra_cfg)
                  43c07bac    00000416     drivers.am62x.r5f.ti-arm-clang.release.lib : udma_ch.obj (.text.Udma_chOpen)
                  43c07fc2    00000006                                                : csl_pktdma.obj (.text.CSL_pktdmaTeardownRxChan)
                  43c07fc8    00000400     nortos.am62x.r5f.ti-arm-clang.release.lib : printf.obj (.text._ftoa)
                  43c083c8    000003a0     freertos_fat.am62x.r5f.ti-arm-clang.release.lib : ff_ioman.obj (.text.FF_PartitionSearch)
                  43c08768    00000388     rm_pm_hal_sbl.am62x.r5f.ti-arm-clang.release.lib : psc.obj (.text.lpsc_module_sync_state)
                  43c08af0    0000037c     freertos_fat.am62x.r5f.ti-arm-clang.release.lib : ff_ioman.obj (.text.FF_Mount)
                  43c08e6c    0000036c     drivers.am62x.r5f.ti-arm-clang.release.lib : udma_rm.obj (.text.Udma_rmInit)
                  43c091d8    0000031c     freertos_fat.am62x.r5f.ti-arm-clang.release.lib : ff_dir.obj (.text.FF_FindEntryInDir)
                  43c094f4    00000004     drivers.am62x.r5f.ti-arm-clang.release.lib : bootloader_soc.obj (.text.Bootloader_socWaitForFWBoot)
                  43c094f8    00000310     nortos.am62x.r5f.ti-arm-clang.release.lib : printf.obj (.text._etoa)
                  43c09808    0000030c     freertos_fat.am62x.r5f.ti-arm-clang.release.lib : ff_dir.obj (.text.FF_CreateDirent)
                  43c09b14    000002e8     sciclient_direct_sbl.am62x.r5f.ti-arm-clang.release.lib : sciclient.obj (.text.Sciclient_serviceSecureProxy)
                  43c09dfc    000002dc     freertos_fat.am62x.r5f.ti-arm-clang.release.lib : ff_file.obj (.text.FF_Read)
                  43c0a0d8    000002d4     rm_pm_hal_sbl.am62x.r5f.ti-arm-clang.release.lib : rm_udmap.obj (.text.rm_udmap_flow_cfg)
                  43c0a3ac    0000029a     drivers.am62x.r5f.ti-arm-clang.release.lib : udma_rmcfg_common.obj (.text.UdmaRmInitPrms_init)
                  43c0a646    00000002     freertos_fat.am62x.r5f.ti-arm-clang.release.lib : portable.obj (.text.FF_LockDirectory)
                  43c0a648    00000294     rm_pm_hal_sbl.am62x.r5f.ti-arm-clang.release.lib : clk_pll_16fft.obj (.text.clk_pll_16fft_hsdiv_set_freq)
                  43c0a8dc    0000028c     libc.a : strtoll.c.obj (.text.strtoll)
                  43c0ab68    00000288     drivers.am62x.r5f.ti-arm-clang.release.lib : udma_soc.obj (.text.Udma_initDrvHandle)
                  43c0adf0    00000274     rm_pm_hal_sbl.am62x.r5f.ti-arm-clang.release.lib : pll.obj (.text.pll_consider)
                  43c0b064    00000270                                                      : clk_pll_16fft.obj (.text.clk_pll_16fft_program_freq)
                  43c0b2d4    0000026c                                                      : clk_div.obj (.text.clk_div_set_freq)
                  43c0b540    00000230                                                      : device_clk.obj (.text.dev_clk_set_freq)
                  43c0b770    00000230     libc.a : strtoull.c.obj (.text.strtoull)
                  43c0b9a0    00000224     freertos_fat.am62x.r5f.ti-arm-clang.release.lib : ff_file.obj (.text.FF_Open)
                  43c0bbc4    00000224     rm_pm_hal_sbl.am62x.r5f.ti-arm-clang.release.lib : rm_irq.obj (.text.rm_irq_release)
                  43c0bde8    00000220     drivers.am62x.r5f.ti-arm-clang.release.lib : uart_v0.obj (.text.UART_masterIsr)
                  43c0c008    00000214     sciclient_direct_sbl.am62x.r5f.ti-arm-clang.release.lib : sciclient_rm_irq.obj (.text.Sciclient_rmProgramInterruptRoute)
                  43c0c21c    00000214     nortos.am62x.r5f.ti-arm-clang.release.lib : TimerP.obj (.text.TimerP_setup)
                  43c0c430    00000208     libc.a : strtol.c.obj (.text.strtol)
                  43c0c638    00000200     rm_pm_hal_sbl.am62x.r5f.ti-arm-clang.release.lib : device.obj (.text.devices_init)
                  43c0c838    000001fe     drivers.am62x.r5f.ti-arm-clang.release.lib : mmcsd_v1.obj (.text.MMCSD_write)
                  43c0ca36    00000002     freertos_fat.am62x.r5f.ti-arm-clang.release.lib : portable.obj (.text.FF_LockFAT)
                  43c0ca38    000001fc                                                     : ff_dir.obj (.text.FF_FindShortName)
                  43c0cc34    000001fc     drivers.am62x.r5f.ti-arm-clang.release.lib : mmcsd_v1.obj (.text.MMCSD_read)
                  43c0ce30    000001fc                                                : uart_v0.obj (.text.UART_write)
                  43c0d02c    000001f0     sciclient_direct_sbl.am62x.r5f.ti-arm-clang.release.lib : sciclient_direct.obj (.text.Sciclient_service)
                  43c0d21c    000001e8     rm_pm_hal_sbl.am62x.r5f.ti-arm-clang.release.lib : rm_irq.obj (.text.rm_irq_set)
                  43c0d404    000001d8     libc.a : strtoul.c.obj (.text.strtoul)
                  43c0d5dc    000001d0     libclang_rt.builtins.a : udivsi3.S.obj (.text)
                  43c0d7ac    000001b8     libc.a : memory.c.obj (.text.aligned_alloc)
                  43c0d964    000001b8            : memory.c.obj (.text.free)
                  43c0db1c    000001b2     drivers.am62x.r5f.ti-arm-clang.release.lib : csl_bcdma.obj (.text.CSL_bcdmaChanOp)
                  43c0dcce    00000002     freertos_fat.am62x.r5f.ti-arm-clang.release.lib : portable.obj (.text.FF_PendSemaphore)
                  43c0dcd0    000001b0     rm_pm_hal_sbl.am62x.r5f.ti-arm-clang.release.lib : psc.obj (.text.psc_pre_init)
                  43c0de80    000001ae     drivers.am62x.r5f.ti-arm-clang.release.lib : mmcsd_v1.obj (.text.MMCSD_close)
                  43c0e02e    00000002     freertos_fat.am62x.r5f.ti-arm-clang.release.lib : portable.obj (.text.FF_ReleaseSemaphore)
                  43c0e030    000001a4                                                     : ff_fat.obj (.text.FF_FindFreeCluster)
                  43c0e1d4    000001a4                                                     : ff_dir.obj (.text.FF_PopulateLongDirent)
                  43c0e378    000001a2     drivers.am62x.r5f.ti-arm-clang.release.lib : ddr_soc.obj (.text.DDR_programPLL)
                  43c0e51a    00000002     freertos_fat.am62x.r5f.ti-arm-clang.release.lib : portable.obj (.text.FF_Sleep)
                  43c0e51c    000001a0     rm_pm_hal_sbl.am62x.r5f.ti-arm-clang.release.lib : device_process.obj (.text.set_device_handler)
                  43c0e6bc    0000019c     drivers.am62x.r5f.ti-arm-clang.release.lib : udma_ring_common.obj (.text.Udma_ringAlloc)
                  43c0e858    00000198                                                : bootloader_soc.obj (.text.Bootloader_socCpuResetRelease)
                  43c0e9f0    00000196     main.obj (.text.App_PowerUpCpu)
                  43c0eb86    00000002     freertos_fat.am62x.r5f.ti-arm-clang.release.lib : portable.obj (.text.FF_UnlockDirectory)
                  43c0eb88    00000180     nortos.am62x.r5f.ti-arm-clang.release.lib : PmuP_armv7r_asm.obj (.text.pmu)
                  43c0ed08    0000017c     freertos_fat.am62x.r5f.ti-arm-clang.release.lib : ff_fat.obj (.text.FF_CountFreeClusters)
                  43c0ee84    00000164     rm_pm_hal_sbl.am62x.r5f.ti-arm-clang.release.lib : rm_udmap.obj (.text.rm_udmap_gcfg_cfg)
                  43c0efe8    00000160                                                      : rm_ir.obj (.text.rm_ir_configure)
                  43c0f148    0000015c     freertos_fat.am62x.r5f.ti-arm-clang.release.lib : ff_dir.obj (.text.FF_CreateShortName)
                  43c0f2a4    0000015a     drivers.am62x.r5f.ti-arm-clang.release.lib : udma_ch.obj (.text.Udma_chConfigRx)
                  43c0f3fe    00000154                                                : soc.obj (.text.SOC_moduleSetClockFrequency)
                  43c0f552    00000152                                                : bootloader_dma.obj (.text.Bootloader_dmaOpen)
                  43c0f6a4    00000150     rm_pm_hal_sbl.am62x.r5f.ti-arm-clang.release.lib : clk.obj (.text.clk_init)
                  43c0f7f4    0000014c     sciclient_direct_sbl.am62x.r5f.ti-arm-clang.release.lib : uart_print.obj (.text.UART_printf)
                  43c0f940    0000014a     freertos_fat.am62x.r5f.ti-arm-clang.release.lib : ff_ioman.obj (.text.FF_GetBuffer)
                  43c0fa8a    00000002                                                     : portable.obj (.text.FF_UnlockFAT)
                  43c0fa8c    00000148                                                     : ff_file.obj (.text.FF_Close)
                  43c0fbd4    00000146     drivers.am62x.r5f.ti-arm-clang.release.lib : uart_v0.obj (.text.UART_close)
                  43c0fd1a    00000002                                                : mmcsd_v1.obj (.text.MMCSD_isr)
                  43c0fd1c    00000140     freertos_fat.am62x.r5f.ti-arm-clang.release.lib : ff_fat.obj (.text.FF_putFATEntry)
                  43c0fe5c    00000004     drivers.am62x.r5f.ti-arm-clang.release.lib : lpddr4.obj (.text.CPS_UncachedRead32)
                  43c0fe60    00000140     libc.a : s_scalbn.c.obj (.text.scalbn)
                  43c0ffa0    0000013e     drivers.am62x.r5f.ti-arm-clang.release.lib : bootloader_rprc.obj (.text.Bootloader_rprcImageLoad)
                  43c100de    00000002                                                : bootloader_mem.obj (.text.Mem_imgClose)
                  43c100e0    0000013c     sciclient_direct_sbl.am62x.r5f.ti-arm-clang.release.lib : sciclient_direct.obj (.text.Sciclient_ProcessPmMessage)
                  43c1021c    00000134     drivers.am62x.r5f.ti-arm-clang.release.lib : csl_bcdma.obj (.text.CSL_bcdmaChanOpCfgChan)
                  43c10350    00000134     rm_pm_hal_sbl.am62x.r5f.ti-arm-clang.release.lib : clk_pll_16fft.obj (.text.clk_pll_16fft_init)
                  43c10484    00000134                                                      : rm_ra.obj (.text.ra_get_ring_evt)
                  43c105b8    00000134                                                      : rm_ra.obj (.text.ra_set_ring_evt)
                  43c106ec    00000132     nortos.am62x.r5f.ti-arm-clang.release.lib : printf.obj (.text._ntoa_format)
                  43c1081e    00000002                                               : SemaphoreP_nortos.obj (.text.SemaphoreP_destruct)
                  43c10820    0000012c     rm_pm_hal_sbl.am62x.r5f.ti-arm-clang.release.lib : psc.obj (.text.psc_uninit)
                  43c1094c    0000012c                                                      : rm_core.obj (.text.rm_core_get_resource_range)
                  43c10a78    00000126     drivers.am62x.r5f.ti-arm-clang.release.lib : ddr.obj (.text.DDR_isr)
                  43c10b9e    00000002                                                : soc.obj (.text.Soc_getPhyAddr)
                  43c10ba0    00000124     rm_pm_hal_sbl.am62x.r5f.ti-arm-clang.release.lib : clk_pll_16fft.obj (.text.clk_pll_16fft_get_freq)
                  43c10cc4    00000122                                                      : rm_udmap.obj (.text.udmap_oes_index_validate)
                  43c10de6    00000120     drivers.am62x.r5f.ti-arm-clang.release.lib : bootloader_soc.obj (.text.Bootloader_socCpuPowerOnResetHSMM4f)
                  43c10f06    0000011e                                                : bootloader_dma.obj (.text.BootloaderDma_submitTR)
                  43c11024    0000011e                                                : mmcsd_v1.obj (.text.MMCSD_phyConfigure)
                  43c11142    00000118                                                : lpddr4_am6x.obj (.text.LPDDR4_AckCtlInterrupt)
                  43c1125a    00000118                                                : lpddr4_am6x.obj (.text.LPDDR4_CheckCtlInterrupt)
                  43c11372    00000002     nortos.am62x.r5f.ti-arm-clang.release.lib : TaskP_nortos.obj (.text.TaskP_yield)
                  43c11374    00000118     libclang_rt.builtins.a : udivmoddi4.S.obj (.text)
                  43c1148c    00000114     rm_pm_hal_sbl.am62x.r5f.ti-arm-clang.release.lib : clk_pll_16fft.obj (.text.clk_pll_16fft_internal_set_freq)
                  43c115a0    00000114                                                      : rm_udmap.obj (.text.udmap_get_ch_evt)
                  43c116b4    00000112     drivers.am62x.r5f.ti-arm-clang.release.lib : udma_flow.obj (.text.Udma_flowConfig)
                  43c117c6    0000000a     nortos.am62x.r5f.ti-arm-clang.release.lib : AddrTranslateP.obj (.text.AddrTranslateP_Params_init)
                  43c117d0    00000110     main.obj (.text.App_runCpus)
                  43c118e0    00000110     freertos_fat.am62x.r5f.ti-arm-clang.release.lib : ff_sys.obj (.text.FF_FS_Add)
                  43c119f0    0000010e     drivers.am62x.r5f.ti-arm-clang.release.lib : bootloader_soc.obj (.text.Bootloader_socCpuPowerOnResetM4f)
                  43c11afe    00000002                                                : udma_utils.obj (.text.Udma_defaultPhyToVirtFxn)
                  43c11b00    00000108     sciclient_direct_sbl.am62x.r5f.ti-arm-clang.release.lib : sciclient_rm_irq.obj (.text.Sciclient_rmIrqProgramRoute)
                  43c11c08    00000108     drivers.am62x.r5f.ti-arm-clang.release.lib : udma_ch.obj (.text.Udma_chEnable)
                  43c11d10    00000108     rm_pm_hal_sbl.am62x.r5f.ti-arm-clang.release.lib : device_clk.obj (.text.device_clk_get_parent)
                  43c11e18    000000fc     nortos.am62x.r5f.ti-arm-clang.release.lib : ClockP_nortos_r5.obj (.text.ClockP_init)
                  43c11f14    000000fc     sciclient_direct_sbl.am62x.r5f.ti-arm-clang.release.lib : sciclient_direct.obj (.text.Sciclient_ProcessRmMessage)
                  43c12010    000000fc     rm_pm_hal_sbl.am62x.r5f.ti-arm-clang.release.lib : rm_udmap.obj (.text.udmap_set_ch_evt)
                  43c1210c    000000fa     drivers.am62x.r5f.ti-arm-clang.release.lib : udma_rm.obj (.text.Udma_rmSetSharedResRmInitPrms)
                  43c12206    000000fa     rm_pm_hal_sbl.am62x.r5f.ti-arm-clang.release.lib : rm_ia.obj (.text.rm_ia_vint_map)
                  43c12300    000000f8     drivers.am62x.r5f.ti-arm-clang.release.lib : bootloader_dma.obj (.text.Bootloader_dmaCopy)
                  43c123f8    000000f8                                                : csl_lcdma_ringacc.obj (.text.CSL_lcdma_ringaccPop64MultiAccess)
                  43c124f0    000000f8     freertos_fat.am62x.r5f.ti-arm-clang.release.lib : ff_fat.obj (.text.FF_getFATEntry)
                  43c125e8    000000f6     drivers.am62x.r5f.ti-arm-clang.release.lib : udma_ch.obj (.text.Udma_chFreeResource)
                  43c126de    00000002                                                : udma_rm.obj (.text.Udma_rmFreeFreeRing)
                  43c126e0    000000f4     freertos_fat.am62x.r5f.ti-arm-clang.release.lib : ff_ioman.obj (.text.FF_CreateIOManager)
                  43c127d4    000000f2     rm_pm_hal_sbl.am62x.r5f.ti-arm-clang.release.lib : rm_ia.obj (.text.rm_ia_vint_unmap)
                  43c128c6    0000000a     drivers.am62x.r5f.ti-arm-clang.release.lib : bootloader_soc.obj (.text.Bootloader_socGetSBLMem)
                  43c128d0    000000ec     ti_drivers_open_close.obj (.text.Drivers_open)
                  43c129bc    000000ec     rm_pm_hal_sbl.am62x.r5f.ti-arm-clang.release.lib : psc.obj (.text.psc_pd_get)
                  43c12aa8    000000e8                                                      : device_clk.obj (.text.device_clk_set_gated)
                  43c12b90    000000e6                                                      : rm_ia.obj (.text.ia_validate_evt)
                  43c12c76    000000e0     drivers.am62x.r5f.ti-arm-clang.release.lib : udma_ch.obj (.text.Udma_chConfigTx)
                  43c12d56    000000e0                                                : udma_ch.obj (.text.Udma_chGetChanEnStatus)
                  43c12e36    000000dc                                                : csl_lcdma_ringacc.obj (.text.CSL_lcdma_ringaccPush64MultiAccess)
                  43c12f12    00000002     nortos.am62x.r5f.ti-arm-clang.release.lib : printf.obj (.text._out_null)
                  43c12f14    000000dc     freertos_fat.am62x.r5f.ti-arm-clang.release.lib : ff_dir.obj (.text.FF_FindDir)
                  43c12ff0    000000dc     rm_pm_hal_sbl.am62x.r5f.ti-arm-clang.release.lib : clk.obj (.text.clk_set_freq)
                  43c130cc    000000dc                                                      : rm_ra.obj (.text.rm_ra_mon_cfg)
                  43c131a8    000000dc                                                      : rm_udmap.obj (.text.rm_udmap_flow_delegate)
                  43c13284    000000d8                                                      : rm_udmap.obj (.text.rm_udmap_is_managed_resasg_utype)
                  43c1335c    000000d6     freertos_fat.am62x.r5f.ti-arm-clang.release.lib : ff_file.obj (.text.FF_Truncate)
                  43c13432    00000002     rm_pm_hal_sbl.am62x.r5f.ti-arm-clang.release.lib : ioremap.obj (.text.ioremap_internal)
                  43c13434    000000d4                                                      : psc.obj (.text.lpsc_module_wait)
                  43c13508    000000d0     libc.a : sscanf.c.obj (.text._chkmbc)
                  43c135d8    000000d0     rm_pm_hal_sbl.am62x.r5f.ti-arm-clang.release.lib : rm_ia.obj (.text.ia_set_oes_evt)
                  43c136a8    000000d0                                                      : psc.obj (.text.lpsc_module_put_internal)
                  43c13778    000000d0                                                      : psc.obj (.text.psc_pd_put)
                  43c13848    000000ce     freertos_fat.am62x.r5f.ti-arm-clang.release.lib : ff_fat.obj (.text.FF_UnlinkClusterChain)
                  43c13916    00000002     rm_pm_hal_sbl.am62x.r5f.ti-arm-clang.release.lib : mmr_lock.obj (.text.mmr_lock_all)
                  43c13918    000000cc     freertos_fat.am62x.r5f.ti-arm-clang.release.lib : ff_ioman.obj (.text.FF_IncreaseFreeClusters)
                  43c139e4    000000cc     rm_pm_hal_sbl.am62x.r5f.ti-arm-clang.release.lib : clk_div.obj (.text.clk_div_set_freq_static_parent)
                  43c13ab0    000000cc                                                      : clock.obj (.text.get_clock_handler)
                  43c13b7c    000000ca     drivers.am62x.r5f.ti-arm-clang.release.lib : udma.obj (.text.Udma_init)
                  43c13c46    000000ca     rm_pm_hal_sbl.am62x.r5f.ti-arm-clang.release.lib : rm_ia.obj (.text.ia_get_oes_evt)
                  43c13d10    000000c8     freertos_fat.am62x.r5f.ti-arm-clang.release.lib : ff_dir.obj (.text.FF_ExtendDirectory)
                  43c13dd8    000000c8     rm_pm_hal_sbl.am62x.r5f.ti-arm-clang.release.lib : clock.obj (.text.query_freq_handler)
                  43c13ea0    000000c8                                                      : rm_ia.obj (.text.rm_ia_init)
                  43c13f68    000000c6     freertos_fat.am62x.r5f.ti-arm-clang.release.lib : ff_dir.obj (.text.FF_FetchEntryWithContext)
                  43c1402e    00000002     rm_pm_hal_sbl.am62x.r5f.ti-arm-clang.release.lib : map.obj (.text.u32_get_bytes)
                  43c14030    000000c4                                                      : clk_div.obj (.text.clk_div_notify_freq)
                  43c140f4    000000c4                                                      : clk_mux.obj (.text.clk_set_parent)
                  43c141b8    000000c4                                                      : device_clk.obj (.text.device_clk_set_parent)
                  43c1427c    000000c0     drivers.am62x.r5f.ti-arm-clang.release.lib : csl_bcdma.obj (.text.CSL_bcdmaChanOpTeardownChan)
                  43c1433c    000000c0     rm_pm_hal_sbl.am62x.r5f.ti-arm-clang.release.lib : psc.obj (.text.psc_post_init)
                  43c143fc    000000be     freertos_fat.am62x.r5f.ti-arm-clang.release.lib : ff_dir.obj (.text.FF_PushEntryWithContext)
                  43c144ba    000000be     drivers.am62x.r5f.ti-arm-clang.release.lib : mmcsd_v1.obj (.text.MMCSD_halSetBusFreq)
                  43c14578    000000bc     sciclient_direct_sbl.am62x.r5f.ti-arm-clang.release.lib : sciclient_pm.obj (.text.Sciclient_pmQueryModuleClkFreq)
                  43c14634    000000bc     rm_pm_hal_sbl.am62x.r5f.ti-arm-clang.release.lib : init.obj (.text.pm_init)
                  43c146f0    000000bc                                                      : rm_core.obj (.text.rm_core_resasg_validate_resource)
                  43c147ac    000000bc                                                      : clock.obj (.text.set_clock_handler)
                  43c14868    000000bc                                                      : clock.obj (.text.set_freq_handler)
                  43c14924    000000bc                                                      : device_psc.obj (.text.soc_device_init)
                  43c149e0    000000ba                                                      : rm_udmap.obj (.text.udmap_check_index_range)
                  43c14a9a    00000002     freertos_fat.am62x.r5f.ti-arm-clang.release.lib : portable.obj (.text.vTaskSuspendAll)
                  43c14a9c    000000b8     sciclient_direct_sbl.am62x.r5f.ti-arm-clang.release.lib : sciclient_direct_wrapper.obj (.text.Sciclient_getVersionCheck)
                  43c14b54    000000b8     drivers.am62x.r5f.ti-arm-clang.release.lib : uart_v0.obj (.text.UART_divisorLatchWrite)
                  43c14c0c    000000b8                                                : uart_v0.obj (.text.UART_flushTxFifo)
                  43c14cc4    000000b8     rm_pm_hal_sbl.am62x.r5f.ti-arm-clang.release.lib : clk_pll_16fft.obj (.text.clk_pll_16fft_hsdiv_init)
                  43c14d7c    000000b6     drivers.am62x.r5f.ti-arm-clang.release.lib : csl_lcdma_ringacc.obj (.text.CSL_lcdma_ringaccDequeue)
                  43c14e32    000000b6     rm_pm_hal_sbl.am62x.r5f.ti-arm-clang.release.lib : div64.obj (.text.pm_div64)
                  43c14ee8    000000b4     freertos_fat.am62x.r5f.ti-arm-clang.release.lib : ff_dir.obj (.text.FF_CreateLFNEntry)
                  43c14f9c    000000b4                                                     : ff_ioman.obj (.text.FF_FlushCache)
                  43c15050    000000b4     sciclient_direct_sbl.am62x.r5f.ti-arm-clang.release.lib : sciclient_direct.obj (.text.Sciclient_boardCfgParseHeader)
                  43c15104    000000b4     rm_pm_hal_sbl.am62x.r5f.ti-arm-clang.release.lib : clk_div.obj (.text.clk_div_reg_go_set_div)
                  43c151b8    000000b4                                                      : map.obj (.text.map_add)
                  43c1526c    000000b2     nortos.am62x.r5f.ti-arm-clang.release.lib : AddrTranslateP.obj (.text.AddrTranslateP_init)
                  43c1531e    000000b2     drivers.am62x.r5f.ti-arm-clang.release.lib : bootloader_dma.obj (.text.Bootloader_dmaClose)
                  43c153d0    000000b0     freertos_fat.am62x.r5f.ti-arm-clang.release.lib : ff_ioman.obj (.text.FF_DecreaseFreeClusters)
                  43c15480    000000b0     nortos.am62x.r5f.ti-arm-clang.release.lib : printf.obj (.text._ntoa_long_long)
                  43c15530    000000b0     rm_pm_hal_sbl.am62x.r5f.ti-arm-clang.release.lib : rm_ra.obj (.text.rm_ra_init)
                  43c155e0    000000ae     sciclient_direct_sbl.am62x.r5f.ti-arm-clang.release.lib : sciclient_direct.obj (.text.boardcfgRmFindCertSize)
                  43c1568e    00000002     freertos_fat.am62x.r5f.ti-arm-clang.release.lib : portable.obj (.text.xTaskResumeAll)
                  43c15690    000000ac     rm_pm_hal_sbl.am62x.r5f.ti-arm-clang.release.lib : psc.obj (.text.lpsc_module_get_internal)
                  43c1573c    000000ac                                                      : rm_udmap.obj (.text.rm_udmap_init)
                  43c157e8    000000aa     sciclient_direct_sbl.am62x.r5f.ti-arm-clang.release.lib : sciclient_pm.obj (.text.Sciclient_pmSetModuleClkFreq)
                  43c15892    000000aa     drivers.am62x.r5f.ti-arm-clang.release.lib : uart_v0.obj (.text.UART_procLineStatusErr)
                  43c1593c    000000aa                                                : udma_rm.obj (.text.Udma_rmAllocMappedRxCh)
                  43c159e6    000000aa                                                : udma_rm.obj (.text.Udma_rmAllocMappedTxCh)
                  43c15a90    000000a8     freertos_fat.am62x.r5f.ti-arm-clang.release.lib : ff_mmcsd.obj (.text.FF_MMCSDDiskInit)
                  43c15b38    000000a8                                                     : ff_string.obj (.text.FF_Utf16ctoUtf8c)
                  43c15be0    000000a8     sciclient_direct_sbl.am62x.r5f.ti-arm-clang.release.lib : sciclient.obj (.text.Sciclient_setupRespIntr)
                  43c15c88    000000a6     nortos.am62x.r5f.ti-arm-clang.release.lib : printf.obj (.text._out_rev)
                  43c15d2e    00000002     --HOLE-- [fill = 0]
                  43c15d30    000000a4     libc.a : memory.c.obj (.text.split)
                  43c15dd4    000000a0     drivers.am62x.r5f.ti-arm-clang.release.lib : ddr.obj (.text.DDR_primeMem)
                  43c15e74    000000a0                                                : udma_rm.obj (.text.Udma_rmAllocBlkCopyCh)
                  43c15f14    000000a0                                                : udma_rm.obj (.text.Udma_rmAllocBlkCopyHcCh)
                  43c15fb4    000000a0                                                : udma_rm.obj (.text.Udma_rmAllocBlkCopyUhcCh)
                  43c16054    000000a0                                                : udma_rm.obj (.text.Udma_rmAllocIrIntr)
                  43c160f4    000000a0                                                : udma_rm.obj (.text.Udma_rmAllocRxCh)
                  43c16194    000000a0                                                : udma_rm.obj (.text.Udma_rmAllocRxHcCh)
                  43c16234    000000a0                                                : udma_rm.obj (.text.Udma_rmAllocRxUhcCh)
                  43c162d4    000000a0                                                : udma_rm.obj (.text.Udma_rmAllocTxCh)
                  43c16374    000000a0                                                : udma_rm.obj (.text.Udma_rmAllocTxHcCh)
                  43c16414    000000a0                                                : udma_rm.obj (.text.Udma_rmAllocTxUhcCh)
                  43c164b4    000000a0     rm_pm_hal_sbl.am62x.r5f.ti-arm-clang.release.lib : device_prepare.obj (.text.device_prepare)
                  43c16554    000000a0                                                      : device_process.obj (.text.get_device_handler)
                  43c165f4    000000a0                                                      : rm_core.obj (.text.rm_core_init)
                  43c16694    000000a0                                                      : rm_ra.obj (.text.rm_ra_validate_ring_index)
                  43c16734    0000009e     drivers.am62x.r5f.ti-arm-clang.release.lib : udma_ch.obj (.text.Udma_chClose)
                  43c167d2    0000009e     rm_pm_hal_sbl.am62x.r5f.ti-arm-clang.release.lib : rm_udmap.obj (.text.udmap_check_flow_index)
                  43c16870    0000009c     freertos_fat.am62x.r5f.ti-arm-clang.release.lib : ff_dir.obj (.text.FF_CreateFile)
                  43c1690c    0000009c     sciclient_direct_sbl.am62x.r5f.ti-arm-clang.release.lib : sciclient.obj (.text.Sciclient_updateOperModeToInterrupt)
                  43c169a8    0000009c     rm_pm_hal_sbl.am62x.r5f.ti-arm-clang.release.lib : clk_pll_16fft.obj (.text.clk_pll_16fft_set_freq)
                  43c16a44    0000009c                                                      : rm_ir.obj (.text.rm_ir_clear)
                  43c16ae0    0000009a     freertos_fat.am62x.r5f.ti-arm-clang.release.lib : ff_string.obj (.text.FF_strtok)
                  43c16b7a    0000009a     rm_pm_hal_sbl.am62x.r5f.ti-arm-clang.release.lib : clk.obj (.text.clk_generic_set_freq_parent)
                  43c16c14    00000098     drivers.am62x.r5f.ti-arm-clang.release.lib : csl_emif.obj (.text.CSL_emifConfig)
                  43c16cac    00000098                                                : mmcsd_priv.obj (.text.MMCSD_parseECSDEmmc)
                  43c16d44    00000098     sciclient_direct_sbl.am62x.r5f.ti-arm-clang.release.lib : sciclient.obj (.text.Sciclient_init)
                  43c16ddc    00000098                                                             : sciclient.obj (.text.Sciclient_servicePrepareHeader)
                  43c16e74    00000098     rm_pm_hal_sbl.am62x.r5f.ti-arm-clang.release.lib : boardcfg-user.obj (.text.boardcfg_rm_receive_and_validate)
                  43c16f0c    00000096     freertos_fat.am62x.r5f.ti-arm-clang.release.lib : ff_file.obj (.text.FF_ReadPartial)
                  43c16fa2    00000096     nortos.am62x.r5f.ti-arm-clang.release.lib : SemaphoreP_nortos.obj (.text.SemaphoreP_pend)
                  43c17038    00000094     drivers.am62x.r5f.ti-arm-clang.release.lib : bootloader_soc.obj (.text.Bootloader_socCpuPowerOnResetA53)
                  43c170cc    00000094     freertos_fat.am62x.r5f.ti-arm-clang.release.lib : ff_sys.obj (.text.FF_FS_Find)
                  43c17160    00000094     sciclient_direct_sbl.am62x.r5f.ti-arm-clang.release.lib : sciclient.obj (.text.Sciclient_serviceGetThreadIds)
                  43c171f4    00000094     drivers.am62x.r5f.ti-arm-clang.release.lib : uart_v0.obj (.text.UART_init)
                  43c17288    00000094                                                : udma_rm.obj (.text.Udma_rmAllocMappedRing)
                  43c1731c    00000094     rm_pm_hal_sbl.am62x.r5f.ti-arm-clang.release.lib : rm_irq.obj (.text.irq_trace_remaining_params)
                  43c173b0    00000094                                                      : psc.obj (.text.lpsc_module_set_local_reset)
                  43c17444    00000090     drivers.am62x.r5f.ti-arm-clang.release.lib : bootloader_rprc.obj (.text.Bootloader_loadSelfCpu)
                  43c174d4    00000090                                                : udma_event.obj (.text.Udma_eventFreeResource)
                  43c17564    00000090     rm_pm_hal_sbl.am62x.r5f.ti-arm-clang.release.lib : rm_ir.obj (.text.ir_clear_rom_mapping)
                  43c175f4    0000008e     drivers.am62x.r5f.ti-arm-clang.release.lib : csl_pktdma.obj (.text.CSL_pktdmaTeardownChan)
                  43c17682    0000008e     nortos.am62x.r5f.ti-arm-clang.release.lib : printf.obj (.text._ntoa_long)
                  43c17710    0000008c     drivers.am62x.r5f.ti-arm-clang.release.lib : bootloader_soc.obj (.text.Bootloader_socOpenFirewalls)
                  43c1779c    0000008c     freertos_fat.am62x.r5f.ti-arm-clang.release.lib : ff_fat.obj (.text.FF_TraverseFAT)
                  43c17828    0000008c     drivers.am62x.r5f.ti-arm-clang.release.lib : mmcsd_priv.obj (.text.MMCSD_parseCIDEmmc)
                  43c178b4    0000008c     sciclient_direct_sbl.am62x.r5f.ti-arm-clang.release.lib : uart_print.obj (.text.UART_convertVal)
                  43c17940    0000008c     drivers.am62x.r5f.ti-arm-clang.release.lib : udma_event.obj (.text.Udma_eventIsrFxn)
                  43c179cc    0000008c     rm_pm_hal_sbl.am62x.r5f.ti-arm-clang.release.lib : clk_mux.obj (.text.clk_mux_set_parent)
                  43c17a58    0000008c                                                      : psc.obj (.text.psc_pd_wait)
                  43c17ae4    0000008a     drivers.am62x.r5f.ti-arm-clang.release.lib : udma_ring_lcdma.obj (.text.Udma_ringSetCfgLcdma)
                  43c17b6e    0000008a     rm_pm_hal_sbl.am62x.r5f.ti-arm-clang.release.lib : rm_ra.obj (.text.ra_check_index_range)
                  43c17bf8    00000088     freertos_fat.am62x.r5f.ti-arm-clang.release.lib : ff_dir.obj (.text.FF_PutEntry)
                  43c17c80    00000088     sciclient_direct_sbl.am62x.r5f.ti-arm-clang.release.lib : sciclient.obj (.text.Sciclient_ISR)
                  43c17d08    00000088     drivers.am62x.r5f.ti-arm-clang.release.lib : udma_rm.obj (.text.Udma_rmGetSciclientDefaultBoardCfgRmRange)
                  43c17d90    00000088     rm_pm_hal_sbl.am62x.r5f.ti-arm-clang.release.lib : psc.obj (.text.lpsc_module_set_module_reset)
                  43c17e18    00000086     drivers.am62x.r5f.ti-arm-clang.release.lib : mmcsd_priv.obj (.text.MMCSD_parseCSDSd)
                  43c17e9e    00000086     sciclient_direct_sbl.am62x.r5f.ti-arm-clang.release.lib : sciclient_pm.obj (.text.Sciclient_pmGetModuleClkNumParent)
                  43c17f24    00000086                                                             : sciclient_pm.obj (.text.Sciclient_pmGetModuleClkParent)
                  43c17faa    00000006     drivers.am62x.r5f.ti-arm-clang.release.lib : csl_pktdma.obj (.text.CSL_pktdmaTeardownTxChan)
                  43c17fb0    00000084     main.obj (.text.App_OpenloadableImage)
                  43c18034    00000084     freertos_fat.am62x.r5f.ti-arm-clang.release.lib : ff_fat.obj (.text.FF_ClearCluster)
                  43c180b8    00000084                                                     : ff_dir.obj (.text.FF_GetEntry)
                  43c1813c    00000084     sciclient_direct_sbl.am62x.r5f.ti-arm-clang.release.lib : sciclient_boardcfg.obj (.text.Sciclient_boardCfgPm)
                  43c181c0    00000084                                                             : sciclient_boardcfg.obj (.text.Sciclient_boardCfgRm)
                  43c18244    00000084                                                             : sciclient_pm.obj (.text.Sciclient_pmGetModuleClkFreq)
                  43c182c8    00000084                                                             : sciclient_pm.obj (.text.Sciclient_pmModuleGetClkStatus)
                  43c1834c    00000084     rm_pm_hal_sbl.am62x.r5f.ti-arm-clang.release.lib : clk_div.obj (.text.clk_div_reg_set_div)
                  43c183d0    00000082     drivers.am62x.r5f.ti-arm-clang.release.lib : mmcsd_v1.obj (.text.MMCSD_init)
                  43c18452    00000082     sciclient_direct_sbl.am62x.r5f.ti-arm-clang.release.lib : sciclient_pm.obj (.text.Sciclient_pmGetModuleState)
                  43c184d4    00000080     drivers.am62x.r5f.ti-arm-clang.release.lib : bootloader_soc.obj (.text.Bootloader_socCpuSetClock)
                  43c18554    00000080     freertos_fat.am62x.r5f.ti-arm-clang.release.lib : ff_dir.obj (.text.FF_Traverse)
                  43c185d4    00000080     sciclient_direct_sbl.am62x.r5f.ti-arm-clang.release.lib : sciclient_secureproxy.obj (.text.Sciclient_sendMessage)
                  43c18654    00000080     rm_pm_hal_sbl.am62x.r5f.ti-arm-clang.release.lib : clk_pll_16fft.obj (.text.clk_pll_16fft_postdiv_set_freq)
                  43c186d4    00000080                                                      : clock.obj (.text.set_clock_parent_handler)
                  43c18754    0000007e     sciclient_direct_sbl.am62x.r5f.ti-arm-clang.release.lib : sciclient_pm.obj (.text.Sciclient_pmModuleClkRequest)
                  43c187d2    0000007e                                                             : sciclient_pm.obj (.text.Sciclient_pmSetModuleClkParent)
                  43c18850    0000007c     drivers.am62x.r5f.ti-arm-clang.release.lib : mmcsd_v1.obj (.text.MMCSD_phyInit)
                  43c188cc    0000007c     sciclient_direct_sbl.am62x.r5f.ti-arm-clang.release.lib : sciclient_rm_irq.obj (.text.Sciclient_rmIrInpIsFree)
                  43c18948    0000007c     rm_pm_hal_sbl.am62x.r5f.ti-arm-clang.release.lib : clk.obj (.text.clk_notify_sibling_freq)
                  43c189c4    0000007c                                                      : clk_pll_16fft.obj (.text.clk_pll_16fft_postdiv_set_div)
                  43c18a40    0000007c                                                      : clock.obj (.text.get_clock_parent_handler)
                  43c18abc    0000007c                                                      : clock.obj (.text.get_num_clock_parents_handler)
                  43c18b38    00000008     drivers.am62x.r5f.ti-arm-clang.release.lib : soc.obj (.text.SOC_moduleGetClockFrequency)
                  43c18b40    0000007a     ti_drivers_config.obj (.text.System_init)
                  43c18bba    00000002     --HOLE-- [fill = 0]
                  43c18bbc    00000078     freertos_fat.am62x.r5f.ti-arm-clang.release.lib : ff_ioman.obj (.text.FF_BlockRead)
                  43c18c34    00000078                                                     : ff_ioman.obj (.text.FF_BlockWrite)
                  43c18cac    00000078     rm_pm_hal_sbl.am62x.r5f.ti-arm-clang.release.lib : clk.obj (.text.clk_get)
                  43c18d24    00000078                                                      : psc.obj (.text.psc_drop_pwr_up_ref)
                  43c18d9c    00000078                                                      : rm_ra.obj (.text.rm_ra_is_managed_resasg_utype)
                  43c18e14    00000078     libc.a : snprintf.c.obj (.text.snprintf)
                  43c18e8c    00000078            : strtok.c.obj (.text.strtok)
                  43c18f04    00000076     drivers.am62x.r5f.ti-arm-clang.release.lib : csl_pktdma.obj (.text.CSL_pktdmaAccessChanPeerReg)
                  43c18f7a    00000076                                                : mmcsd_priv.obj (.text.MMCSD_parseCIDSd)
                  43c18ff0    00000076     rm_pm_hal_sbl.am62x.r5f.ti-arm-clang.release.lib : rm_udmap.obj (.text.udmap_clear_rom_oes)
                  43c19066    00000002     --HOLE-- [fill = 0]
                  43c19068    00000074                                                      : clk_dev.obj (.text.clk_from_device_get_state)
                  43c190dc    00000074                                                      : device_process.obj (.text.set_device_resets_handler)
                  43c19150    00000072     freertos_fat.am62x.r5f.ti-arm-clang.release.lib : ff_dir.obj (.text.FF_PopulateShortDirent)
                  43c191c2    0000000e     drivers.am62x.r5f.ti-arm-clang.release.lib : bootloader_profile.obj (.text.Bootloader_profileUpdateAppimageSize)
                  43c191d0    00000072     ti_power_clock_config.obj (.text.PowerClock_init)
                  43c19242    00000072     drivers.am62x.r5f.ti-arm-clang.release.lib : udma_rm.obj (.text.Udma_rmAllocVintrBit)
                  43c192b4    00000070     freertos_fat.am62x.r5f.ti-arm-clang.release.lib : ff_fat.obj (.text.FF_GetChainLength)
                  43c19324    00000070     drivers.am62x.r5f.ti-arm-clang.release.lib : mmcsd_v1.obj (.text.MMCSD_isReadyForTransfer)
                  43c19394    00000070                                                : mmcsd_v1.obj (.text.MMCSD_sendTuningDataEMMC)
                  43c19404    00000070     sciclient_direct_sbl.am62x.r5f.ti-arm-clang.release.lib : sciclient.obj (.text.Sciclient_configPrmsInit)
                  43c19474    00000070     drivers.am62x.r5f.ti-arm-clang.release.lib : udma_ring_lcdma.obj (.text.Udma_ringFlushRawLcdma)
                  43c194e4    00000070     libc.a : atoi.c.obj (.text.atoi)
                  43c19554    00000070     rm_pm_hal_sbl.am62x.r5f.ti-arm-clang.release.lib : clk_pll_16fft.obj (.text.clk_pll_16fft_wait_for_lock)
                  43c195c4    00000070                                                      : device_clk.obj (.text.get_dev_clk)
                  43c19634    00000070                                                      : clock.obj (.text.get_freq_handler)
                  43c196a4    0000006e     drivers.am62x.r5f.ti-arm-clang.release.lib : ddr_soc.obj (.text.DDR_programHSDIV)
                  43c19712    0000006e                                                : lpddr4.obj (.text.LPDDR4_Start)
                  43c19780    0000006e                                                : soc.obj (.text.SOC_moduleClockEnable)
                  43c197ee    0000006e     rm_pm_hal_sbl.am62x.r5f.ti-arm-clang.release.lib : rm_core.obj (.text.core_resasg_get_range)
                  43c1985c    0000006c     sciclient_direct_sbl.am62x.r5f.ti-arm-clang.release.lib : sciclient_rm_irq.obj (.text.Sciclient_rmTranslateIntOutput)
                  43c198c8    0000006c     rm_pm_hal_sbl.am62x.r5f.ti-arm-clang.release.lib : device_clk.obj (.text.device_clk_init)
                  43c19934    0000006c                                                      : psc.obj (.text.lpsc_module_set_reset_iso)
                  43c199a0    0000006a                                                      : rm_ia.obj (.text.ia_unmap_clear_rom_mapping)
                  43c19a0a    00000068     nortos.am62x.r5f.ti-arm-clang.release.lib : AddrTranslateP.obj (.text.AddrTranslateP_getLocalAddr)
                  43c19a72    00000068     drivers.am62x.r5f.ti-arm-clang.release.lib : bootloader_soc.obj (.text.Bootloader_socCpuRelease)
                  43c19ada    00000068                                                : uart_v0.obj (.text.UART_writeCancelNoCB)
                  43c19b42    00000068                                                : utils.obj (.text.Utils_memcpyWord)
                  43c19baa    00000002     --HOLE-- [fill = 0]
                  43c19bac    00000068     rm_pm_hal_sbl.am62x.r5f.ti-arm-clang.release.lib : clk_div.obj (.text.clk_div_reg_get_div)
                  43c19c14    00000068                                                      : clk_mux.obj (.text.clk_mux_get_parent)
                  43c19c7c    00000068                                                      : rm_core.obj (.text.rm_core_validate_devgrp)
                  43c19ce4    00000068                                                      : rm_ir.obj (.text.rm_ir_get_outp)
                  43c19d4c    00000066     drivers.am62x.r5f.ti-arm-clang.release.lib : bootloader_soc.obj (.text.Bootloader_socCpuRequest)
                  43c19db2    0000000e                                                : bootloader_profile.obj (.text.Bootloader_profileUpdateMediaAndClk)
                  43c19dc0    00000066     ti_dpl_config.obj (.text.Dpl_init)
                  43c19e26    00000066     freertos_fat.am62x.r5f.ti-arm-clang.release.lib : ff_file.obj (.text.FF_SetCluster)
                  43c19e8c    00000066     sciclient_direct_sbl.am62x.r5f.ti-arm-clang.release.lib : sciclient_pm.obj (.text.Sciclient_pmSetModuleState)
                  43c19ef2    00000064     drivers.am62x.r5f.ti-arm-clang.release.lib : bootloader_soc.obj (.text.Bootloader_socCpuGetClock)
                  43c19f56    00000064                                                : csl_bcdma.obj (.text.CSL_bcdmaDoChanOp)
                  43c19fba    00000002     --HOLE-- [fill = 0]
                  43c19fbc    00000064     sciclient_direct_sbl.am62x.r5f.ti-arm-clang.release.lib : sciclient.obj (.text.Sciclient_getCurrentContext)
                  43c1a020    00000064                                                             : sciclient_procboot.obj (.text.Sciclient_procBootSetSequenceCtrl)
                  43c1a084    00000064                                                             : sciclient_rm_irq.obj (.text.Sciclient_rmIrqGetNode)
                  43c1a0e8    00000064     rm_pm_hal_sbl.am62x.r5f.ti-arm-clang.release.lib : clk_pll_16fft.obj (.text.clk_pll_16fft_get_state)
                  43c1a14c    00000064                                                      : psc.obj (.text.lpsc_module_clk_put)
                  43c1a1b0    00000064                                                      : rm_core.obj (.text.rm_core_resasg_get_utype_index)
                  43c1a214    00000062     sciclient_direct_sbl.am62x.r5f.ti-arm-clang.release.lib : sciclient.obj (.text.Sciclient_setDebugConfig)
                  43c1a276    00000062     drivers.am62x.r5f.ti-arm-clang.release.lib : udma_utils.obj (.text.UdmaUtils_makeTrpd)
                  43c1a2d8    00000062                                                : udma_ring_common.obj (.text.Udma_ringFree)
                  43c1a33a    00000062                                                : udma_ring_common.obj (.text.Udma_ringQueueRaw)
                  43c1a39c    00000060     freertos_fat.am62x.r5f.ti-arm-clang.release.lib : ff_file.obj (.text.FF_GetSequentialClusters)
                  43c1a3fc    00000060     drivers.am62x.r5f.ti-arm-clang.release.lib : udma_rm.obj (.text.Udma_rmFreeMappedRing)
                  43c1a45c    00000060     libc.a : memory.c.obj (.text.calloc)
                  43c1a4bc    00000060     rm_pm_hal_sbl.am62x.r5f.ti-arm-clang.release.lib : clk_div.obj (.text.clk_div_reg_go_get_div)
                  43c1a51c    00000060                                                      : clk.obj (.text.clk_notify_freq)
                  43c1a57c    00000060                                                      : device_pm.obj (.text.device_set_state)
                  43c1a5dc    00000060                                                      : pll.obj (.text.pll_init)
                  43c1a63c    00000060     nortos.am62x.r5f.ti-arm-clang.release.lib : PmuP_armv7r.obj (.text.pmu)
                  43c1a69c    00000060     freertos_fat.am62x.r5f.ti-arm-clang.release.lib : ff_mmcsd.obj (.text.prvReadMmcsd)
                  43c1a6fc    00000060                                                     : ff_mmcsd.obj (.text.prvWriteMmcsd)
                  43c1a75c    00000060     rm_pm_hal_sbl.am62x.r5f.ti-arm-clang.release.lib : resource.obj (.text.resource_get)
                  43c1a7bc    0000005e     drivers.am62x.r5f.ti-arm-clang.release.lib : bootloader_soc.obj (.text.Bootloader_socMemInitCpu)
                  43c1a81a    0000005e     nortos.am62x.r5f.ti-arm-clang.release.lib : ClockP_nortos.obj (.text.ClockP_timerTickIsr)
                  43c1a878    0000005e     drivers.am62x.r5f.ti-arm-clang.release.lib : udma_ch.obj (.text.UdmaChTxPrms_init)
                  43c1a8d6    0000005c                                                : bootloader.obj (.text.Bootloader_runCpu)
                  43c1a932    00000002     --HOLE-- [fill = 0]
                  43c1a934    0000005c     sciclient_direct_sbl.am62x.r5f.ti-arm-clang.release.lib : sciclient_direct_wrapper.obj (.text.Sciclient_direct_init)
                  43c1a990    0000005c                                                             : sciclient_procboot.obj (.text.Sciclient_procBootReleaseProcessor)
                  43c1a9ec    0000005c                                                             : sciclient_rm_irq.obj (.text.Sciclient_rmIrOutpIsFree)
                  43c1aa48    0000005c     drivers.am62x.r5f.ti-arm-clang.release.lib : udma_rm.obj (.text.Udma_rmAllocEvent)
                  43c1aaa4    0000005c                                                : udma_rm.obj (.text.Udma_rmAllocVintr)
                  43c1ab00    0000005c     nortos.am62x.r5f.ti-arm-clang.release.lib : DebugP_log.obj (.text._DebugP_assert)
                  43c1ab5c    0000005c     rm_pm_hal_sbl.am62x.r5f.ti-arm-clang.release.lib : clk_pllctrl.obj (.text.clk_pllctrl_mux_get_parent)
                  43c1abb8    0000005c                                                      : device_clk.obj (.text.device_clk_get_hw_ready)
                  43c1ac14    0000005c     freertos_fat.am62x.r5f.ti-arm-clang.release.lib : ff_fat.obj (.text.prvGetFromFATBuffers)
                  43c1ac70    0000005c     rm_pm_hal_sbl.am62x.r5f.ti-arm-clang.release.lib : rm_ra.obj (.text.ra_check_monitor_index_range)
                  43c1accc    0000005c                                                      : device_psc.obj (.text.soc_device_disable)
                  43c1ad28    0000005c                                                      : device_psc.obj (.text.soc_device_get_state)
                  43c1ad84    0000005a     drivers.am62x.r5f.ti-arm-clang.release.lib : csl_bcdma.obj (.text.CSL_bcdmaChanOpGetChanStats)
                  43c1adde    0000005a                                                : csl_bcdma.obj (.text.CSL_bcdmaChanOpSetChanPause)
                  43c1ae38    0000005a                                                : mmcsd_v1.obj (.text.MMCSD_cmdStatusPollingFxn)
                  43c1ae92    0000005a     sciclient_direct_sbl.am62x.r5f.ti-arm-clang.release.lib : sciclient_rm.obj (.text.Sciclient_rmGetResourceRange)
                  43c1aeec    0000005a     drivers.am62x.r5f.ti-arm-clang.release.lib : udma_ch.obj (.text.UdmaChPrms_init)
                  43c1af46    0000005a                                                : udma_ring_common.obj (.text.Udma_ringDequeueRaw)
                  43c1afa0    0000005a     rm_pm_hal_sbl.am62x.r5f.ti-arm-clang.release.lib : itoa.obj (.text.lib_itoa)
                  43c1affa    00000058     sciclient_direct_sbl.am62x.r5f.ti-arm-clang.release.lib : sciclient_procboot.obj (.text.Sciclient_procBootGetProcessorState)
                  43c1b052    00000002     --HOLE-- [fill = 0]
                  43c1b054    00000058     libc.a : snprintf.c.obj (.text._outs)
                  43c1b0ac    00000058     rm_pm_hal_sbl.am62x.r5f.ti-arm-clang.release.lib : rm_irq.obj (.text.irq_validate_global_event)
                  43c1b104    00000058                                                      : mmr_lock.obj (.text.mmr_unlock_all)
                  43c1b15c    00000058     libc.a : sprintf.c.obj (.text.sprintf)
                  43c1b1b4    00000058     rm_pm_hal_sbl.am62x.r5f.ti-arm-clang.release.lib : rm_udmap.obj (.text.udmap_get_inst)
                  43c1b20c    00000056     drivers.am62x.r5f.ti-arm-clang.release.lib : uart_dma.obj (.text.UART_dmaDisableChannel)
                  43c1b262    00000054                                                : csl_intaggr.obj (.text.CSL_intaggrIsIntrPending)
                  43c1b2b6    00000054     sciclient_direct_sbl.am62x.r5f.ti-arm-clang.release.lib : sciclient_pm.obj (.text.Sciclient_pmSetModuleRst)
                  43c1b30a    00000054                                                             : sciclient_procboot.obj (.text.Sciclient_procBootRequestProcessor)
                  43c1b35e    00000054     nortos.am62x.r5f.ti-arm-clang.release.lib : SemaphoreP_nortos.obj (.text.SemaphoreP_constructCounting)
                  43c1b3b2    00000054     drivers.am62x.r5f.ti-arm-clang.release.lib : uart_dma.obj (.text.UART_dmaClose)
                  43c1b406    00000054                                                : udma_ch.obj (.text.UdmaChRxPrms_init)
                  43c1b45a    00000002     --HOLE-- [fill = 0]
                  43c1b45c    00000054     rm_pm_hal_sbl.am62x.r5f.ti-arm-clang.release.lib : clk_div.obj (.text.clk_div_init)
                  43c1b4b0    00000054                                                      : device_clk.obj (.text.device_clk_set_freq_change)
                  43c1b504    00000054                                                      : device_clk.obj (.text.device_clk_set_ssc)
                  43c1b558    00000054                                                      : psc.obj (.text.lpsc_module_get_local_reset)
                  43c1b5ac    00000054                                                      : device_psc.obj (.text.soc_device_enable)
                  43c1b600    00000052     drivers.am62x.r5f.ti-arm-clang.release.lib : csl_bcdma.obj (.text.CSL_bcdmaChanOpGetChanRT)
                  43c1b652    00000052                                                : mmcsd_v1.obj (.text.MMCSD_halSendCommand)
                  43c1b6a4    00000052     sciclient_direct_sbl.am62x.r5f.ti-arm-clang.release.lib : sciclient.obj (.text.Sciclient_abiCheck)
                  43c1b6f6    00000052     rm_pm_hal_sbl.am62x.r5f.ti-arm-clang.release.lib : rm_ra.obj (.text.ra_clear_rom_oes)
                  43c1b748    00000052                                                      : device_psc.obj (.text.soc_device_verify_mapping)
                  43c1b79a    00000050     drivers.am62x.r5f.ti-arm-clang.release.lib : bootloader_rprc.obj (.text.Bootloader_rprcImageParseEntryPoint)
                  43c1b7ea    00000050     nortos.am62x.r5f.ti-arm-clang.release.lib : ClockP_nortos.obj (.text.ClockP_construct)
                  43c1b83a    00000050     sciclient_direct_sbl.am62x.r5f.ti-arm-clang.release.lib : sciclient_firewall.obj (.text.Sciclient_firewallSetRegion)
                  43c1b88a    00000050                                                             : sciclient_rm_irq.obj (.text.Sciclient_rmIrqCfgIsEventToVintMappingOnly)
                  43c1b8da    00000050                                                             : sciclient_rm.obj (.text.Sciclient_rmIrqSetRaw)
                  43c1b92a    00000050                                                             : sciclient_rm.obj (.text.Sciclient_rmPsilPair)
                  43c1b97a    00000050                                                             : sciclient_rm.obj (.text.Sciclient_rmPsilUnpair)
                  43c1b9ca    00000050                                                             : sciclient_rm.obj (.text.Sciclient_rmRingCfg)
                  43c1ba1a    00000050                                                             : sciclient_rm.obj (.text.Sciclient_rmUdmapFlowCfg)
                  43c1ba6a    00000050                                                             : sciclient_rm.obj (.text.Sciclient_rmUdmapFlowSizeThreshCfg)
                  43c1baba    00000050                                                             : sciclient_rm.obj (.text.Sciclient_rmUdmapRxChCfg)
                  43c1bb0a    00000050                                                             : sciclient_rm.obj (.text.Sciclient_rmUdmapTxChCfg)
                  43c1bb5a    00000050     drivers.am62x.r5f.ti-arm-clang.release.lib : udma_rm.obj (.text.Udma_rmFreeVintrBit)
                  43c1bbaa    00000002     --HOLE-- [fill = 0]
                  43c1bbac    00000050     rm_pm_hal_sbl.am62x.r5f.ti-arm-clang.release.lib : clk_pll_16fft.obj (.text.clk_pll_16fft_postdiv_get_div)
                  43c1bbfc    00000050                                                      : rm_irq.obj (.text.rm_irq_oes_src_register)
                  43c1bc4c    00000050                                                      : device_psc.obj (.text.soc_device_set_resets)
                  43c1bc9c    00000050     libc.a : autoinit.c.obj (.text:__TI_auto_init_nobinit_nopinit)
                  43c1bcec    0000004e     drivers.am62x.r5f.ti-arm-clang.release.lib : csl_bcdma.obj (.text.CSL_bcdmaChanOpDecChanStats)
                  43c1bd3a    0000004e     nortos.am62x.r5f.ti-arm-clang.release.lib : ClockP_nortos.obj (.text.ClockP_addToList)
                  43c1bd88    0000004e     drivers.am62x.r5f.ti-arm-clang.release.lib : lpddr4.obj (.text.LPDDR4_ReadReg)
                  43c1bdd6    0000004c     freertos_fat.am62x.r5f.ti-arm-clang.release.lib : ff_file.obj (.text.FF_GetModeBits)
                  43c1be22    0000004c                                                     : ff_string.obj (.text.FF_strmatch)
                  43c1be6e    00000002     --HOLE-- [fill = 0]
                  43c1be70    0000004c     sciclient_direct_sbl.am62x.r5f.ti-arm-clang.release.lib : sciclient_boardcfg.obj (.text.Sciclient_getDefaultBoardCfgInfo)
                  43c1bebc    0000004c                                                             : sciclient_procboot.obj (.text.Sciclient_procBootSetProcessorCfg)
                  43c1bf08    0000004c     rm_pm_hal_sbl.am62x.r5f.ti-arm-clang.release.lib : dmsc.obj (.text.am62x_sys_reset_handler)
                  43c1bf54    0000004c                                                      : psc.obj (.text.lpsc_module_get_reset_iso)
                  43c1bfa0    0000004c                                                      : rm_ra.obj (.text.ra_get_inst)
                  43c1bfec    0000004c                                                      : device_psc.obj (.text.soc_device_get_context_loss_count)
                  43c1c038    0000004c                                                      : device_psc.obj (.text.soc_device_get_resets)
                  43c1c084    0000004c     libc.a : sscanf.c.obj (.text.sscanf)
                  43c1c0d0    0000004a     drivers.am62x.r5f.ti-arm-clang.release.lib : bootloader_soc.obj (.text.Bootloader_socCpuPowerOff)
                  43c1c11a    0000004a                                                : csl_bcdma.obj (.text.CSL_bcdmaGetCfg)
                  43c1c164    0000004a                                                : csl_intaggr.obj (.text.CSL_intaggrClrIntr)
                  43c1c1ae    0000004a     freertos_fat.am62x.r5f.ti-arm-clang.release.lib : ff_dir.obj (.text.FF_InitEntryFetch)
                  43c1c1f8    0000004a                                                     : ff_ioman.obj (.text.FF_ReadParts)
                  43c1c242    0000004a     drivers.am62x.r5f.ti-arm-clang.release.lib : pinmux.obj (.text.Pinmux_config)
                  43c1c28c    0000004a                                                : pinmux.obj (.text.Pinmux_unlockMMR)
                  43c1c2d6    0000004a                                                : soc.obj (.text.SOC_controlModuleUnlockMMR)
                  43c1c320    0000004a                                                : udma_rm.obj (.text.Udma_rmFreeMappedRxCh)
                  43c1c36a    0000004a                                                : udma_rm.obj (.text.Udma_rmFreeMappedTxCh)
                  43c1c3b4    00000048                                                : bootloader_soc.obj (.text.Bootloader_socInitR5FAtcmBtcm)
                  43c1c3fc    00000048     freertos_fat.am62x.r5f.ti-arm-clang.release.lib : ff_file.obj (.text.FF_CheckValid)
                  43c1c444    00000048                                                     : ff_ioman.obj (.text.FF_ReleaseBuffer)
                  43c1c48c    00000048     drivers.am62x.r5f.ti-arm-clang.release.lib : lpddr4.obj (.text.LPDDR4_WritePhyConfig)
                  43c1c4d4    00000048                                                : lpddr4.obj (.text.LPDDR4_WritePhyIndepConfig)
                  43c1c51c    00000048                                                : mmcsd_v1.obj (.text.MMCSD_halSetBusWidth)
                  43c1c564    00000048                                                : mmcsd_priv.obj (.text.MMCSD_parseCSDEmmc)
                  43c1c5ac    00000048                                                : bootloader_mem.obj (.text.Mem_imgRead)
                  43c1c5f4    00000048                                                : rtc.obj (.text.RTC_erratumi2327Init)
                  43c1c63c    00000048     rm_pm_hal_sbl.am62x.r5f.ti-arm-clang.release.lib : clk_pll_16fft.obj (.text.clk_pll_16fft_bypass)
                  43c1c684    00000048                                                      : clk.obj (.text.clk_put)
                  43c1c6cc    00000048                                                      : device_clk.obj (.text.get_dev_clk_data)
                  43c1c714    00000048     libc.a : memccpy.c.obj (.text.memccpy)
                  43c1c75c    00000048     rm_pm_hal_sbl.am62x.r5f.ti-arm-clang.release.lib : device_psc.obj (.text.soc_device_ret_disable)
                  43c1c7a4    00000048                                                      : device_psc.obj (.text.soc_device_ret_enable)
                  43c1c7ec    00000048     libc.a : strcspn.c.obj (.text.strcspn)
                  43c1c834    00000046     drivers.am62x.r5f.ti-arm-clang.release.lib : csl_bcdma.obj (.text.CSL_bcdmaChanOpSetChanRT)
                  43c1c87a    00000046     nortos.am62x.r5f.ti-arm-clang.release.lib : ClockP_nortos.obj (.text.ClockP_getTimeUsec)
                  43c1c8c0    00000046     drivers.am62x.r5f.ti-arm-clang.release.lib : lpddr4.obj (.text.LPDDR4_WriteReg)
                  43c1c906    00000046                                                : udma_ring_lcdma.obj (.text.Udma_ringSetDoorBellLcdma)
                  43c1c94c    00000046     rm_pm_hal_sbl.am62x.r5f.ti-arm-clang.release.lib : rm_irq.obj (.text.irq_cfg_is_ia_cfg)
                  43c1c992    00000046                                                      : rm_irq.obj (.text.irq_cfg_is_ir_cfg)
                  43c1c9d8    00000046                                                      : rm_irq.obj (.text.irq_cfg_is_oes_only)
                  43c1ca1e    00000002     --HOLE-- [fill = 0]
                  43c1ca20    00000044     sciclient_direct_sbl.am62x.r5f.ti-arm-clang.release.lib : sciclient_direct_wrapper.obj (.text.Sciclient_waitForBootNotification)
                  43c1ca64    00000044     rm_pm_hal_sbl.am62x.r5f.ti-arm-clang.release.lib : clk.obj (.text.clk_get_state)
                  43c1caa8    00000044                                                      : device_clk.obj (.text.device_clk_enable)
                  43c1caec    00000044     libc.a : strspn.c.obj (.text.strspn)
                  43c1cb30    00000042     drivers.am62x.r5f.ti-arm-clang.release.lib : csl_bcdma.obj (.text.CSL_bcdmaChanOpSetBurstSize)
                  43c1cb72    00000042                                                : udma_soc.obj (.text.Udma_getMappedChRingAttributes)
                  43c1cbb4    00000042     rm_pm_hal_sbl.am62x.r5f.ti-arm-clang.release.lib : device_clk.obj (.text.device_clk_disable)
                  43c1cbf6    00000040     drivers.am62x.r5f.ti-arm-clang.release.lib : bootloader_profile.obj (.text.Bootloader_profileReset)
                  43c1cc36    00000040     nortos.am62x.r5f.ti-arm-clang.release.lib : ClockP_nortos.obj (.text.ClockP_stop)
                  43c1cc76    00000040     drivers.am62x.r5f.ti-arm-clang.release.lib : lpddr4.obj (.text.LPDDR4_WriteCtlConfig)
                  43c1ccb6    00000002     --HOLE-- [fill = 0]
                  43c1ccb8    00000040     sciclient_direct_sbl.am62x.r5f.ti-arm-clang.release.lib : sciclient_rm_irq.obj (.text.Sciclient_rmPsPop)
                  43c1ccf8    00000040     nortos.am62x.r5f.ti-arm-clang.release.lib : SemaphoreP_nortos.obj (.text.SemaphoreP_constructBinary)
                  43c1cd38    00000040     drivers.am62x.r5f.ti-arm-clang.release.lib : udma_ring_common.obj (.text.Udma_ringFlushRaw)
                  43c1cd78    00000040                                                : udma_rm.obj (.text.Udma_rmFreeBlkCopyCh)
                  43c1cdb8    00000040                                                : udma_rm.obj (.text.Udma_rmFreeBlkCopyHcCh)
                  43c1cdf8    00000040                                                : udma_rm.obj (.text.Udma_rmFreeBlkCopyUhcCh)
                  43c1ce38    00000040                                                : udma_rm.obj (.text.Udma_rmFreeEvent)
                  43c1ce78    00000040                                                : udma_rm.obj (.text.Udma_rmFreeIrIntr)
                  43c1ceb8    00000040                                                : udma_rm.obj (.text.Udma_rmFreeRxCh)
                  43c1cef8    00000040                                                : udma_rm.obj (.text.Udma_rmFreeRxHcCh)
                  43c1cf38    00000040                                                : udma_rm.obj (.text.Udma_rmFreeRxUhcCh)
                  43c1cf78    00000040                                                : udma_rm.obj (.text.Udma_rmFreeTxCh)
                  43c1cfb8    00000040                                                : udma_rm.obj (.text.Udma_rmFreeTxHcCh)
                  43c1cff8    00000040                                                : udma_rm.obj (.text.Udma_rmFreeTxUhcCh)
                  43c1d038    00000040                                                : udma_rm.obj (.text.Udma_rmFreeVintr)
                  43c1d078    00000040     rm_pm_hal_sbl.am62x.r5f.ti-arm-clang.release.lib : clk_mux.obj (.text.clk_get_parent)
                  43c1d0b8    00000040     libc.a : memory.c.obj (.text.free_list_insert)
                  43c1d0f8    00000040     rm_pm_hal_sbl.am62x.r5f.ti-arm-clang.release.lib : psc.obj (.text.psc_lookup_lpsc)
                  43c1d138    00000040                                                      : device_psc.obj (.text.soc_device_set_reset_iso)
                  43c1d178    00000040                                                      : trace.obj (.text.trace_debug_internal)
                  43c1d1b8    0000003e     freertos_fat.am62x.r5f.ti-arm-clang.release.lib : ff_dir.obj (.text.FF_ProcessShortName)
                  43c1d1f6    0000003e     nortos.am62x.r5f.ti-arm-clang.release.lib : SemaphoreP_nortos.obj (.text.SemaphoreP_constructMutex)
                  43c1d234    0000003e     drivers.am62x.r5f.ti-arm-clang.release.lib : udma_flow.obj (.text.UdmaFlowPrms_init)
                  43c1d272    0000003e     rm_pm_hal_sbl.am62x.r5f.ti-arm-clang.release.lib : device_clk.obj (.text.device_clk_get_num_parents)
                  43c1d2b0    0000003e     freertos_fat.am62x.r5f.ti-arm-clang.release.lib : ff_stdio.obj (.text.ff_fopen)
                  43c1d2ee    0000003e     rm_pm_hal_sbl.am62x.r5f.ti-arm-clang.release.lib : device_psc.obj (.text.soc_device_ret_enable_internal)
                  43c1d32c    0000003c     drivers.am62x.r5f.ti-arm-clang.release.lib : bootloader_soc.obj (.text.Bootloader_socTranslateSectionAddr)
                  43c1d368    0000003c     nortos.am62x.r5f.ti-arm-clang.release.lib : ClockP_nortos.obj (.text.ClockP_usleep)
                  43c1d3a4    0000003c     freertos_fat.am62x.r5f.ti-arm-clang.release.lib : ff_ioman.obj (.text.FF_DeleteIOManager)
                  43c1d3e0    0000003c                                                     : ff_fat.obj (.text.FF_isEndOfChain)
                  43c1d41c    0000003c     drivers.am62x.r5f.ti-arm-clang.release.lib : mmcsd_v1.obj (.text.MMCSD_halBusPower)
                  43c1d458    0000003c     rm_pm_hal_sbl.am62x.r5f.ti-arm-clang.release.lib : device_pm.obj (.text.device_disable)
                  43c1d494    0000003c                                                      : device_pm.obj (.text.device_enable)
                  43c1d4d0    0000003c                                                      : rm_ir.obj (.text.ir_get_inst)
                  43c1d50c    0000003c                                                      : psc.obj (.text.lpsc_module_clk_get)
                  43c1d548    0000003c                                                      : mmr_lock.obj (.text.mmr_unlock)
                  43c1d584    0000003c                                                      : device_psc.obj (.text.soc_device_get_reset_iso)
                  43c1d5c0    0000003c                                                      : device_psc.obj (.text.soc_device_ret_disable_internal)
                  43c1d5fc    0000003a     drivers.am62x.r5f.ti-arm-clang.release.lib : bootloader.obj (.text.Bootloader_closeDma)
                  43c1d636    0000003a                                                : bootloader.obj (.text.Bootloader_openDma)
                  43c1d670    0000003a     nortos.am62x.r5f.ti-arm-clang.release.lib : ClockP_nortos.obj (.text.ClockP_destruct)
                  43c1d6aa    0000003a                                               : DebugP_uartLogWriter.obj (.text.DebugP_uartLogWriterPutChar)
                  43c1d6e4    0000003a     drivers.am62x.r5f.ti-arm-clang.release.lib : mmcsd_v1.obj (.text.MMCSD_halSoftReset)
                  43c1d71e    0000003a                                                : uart_dma.obj (.text.UART_dmaOpen)
                  43c1d758    0000003a                                                : udma_ring_lcdma.obj (.text.Udma_ringPrimeReadLcdma)
                  43c1d792    0000003a     rm_pm_hal_sbl.am62x.r5f.ti-arm-clang.release.lib : boardcfg-user.obj (.text.boardcfg_pm_receive_and_validate)
                  43c1d7cc    0000003a                                                      : rm_udmap.obj (.text.udmap_validate_chan_type)
                  43c1d806    00000038     freertos_fat.am62x.r5f.ti-arm-clang.release.lib : ff_fat.obj (.text.FF_CreateClusterChain)
                  43c1d83e    00000038     drivers.am62x.r5f.ti-arm-clang.release.lib : udma_ring_lcdma.obj (.text.Udma_lcdmaRingaccMemOps)
                  43c1d876    00000038     nortos.am62x.r5f.ti-arm-clang.release.lib : DebugP_nortos.obj (.text._DebugP_logZone)
                  43c1d8ae    00000002     --HOLE-- [fill = 0]
                  43c1d8b0    00000038     rm_pm_hal_sbl.am62x.r5f.ti-arm-clang.release.lib : clk.obj (.text.clk_drop_pwr_up_en)
                  43c1d8e8    00000038                                                      : clk.obj (.text.clk_value_set_freq)
                  43c1d920    00000038                                                      : device_clk.obj (.text.device_clk_get_freq)
                  43c1d958    00000038                                                      : rm_ir.obj (.text.rm_ir_init)
                  43c1d990    00000038                                                      : rm_irq.obj (.text.rm_irq_is_managed_resasg_utype)
                  43c1d9c8    00000036     drivers.am62x.r5f.ti-arm-clang.release.lib : csl_pktdma.obj (.text.CSL_pktdmaGetCfg)
                  43c1d9fe    00000034     nortos.am62x.r5f.ti-arm-clang.release.lib : ClockP_nortos.obj (.text.ClockP_start)
                  43c1da32    00000034     freertos_fat.am62x.r5f.ti-arm-clang.release.lib : ff_fat.obj (.text.FF_ReleaseFATBuffers)
                  43c1da66    00000034                                                     : ff_fat.obj (.text.FF_getMinorBlockEntry)
                  43c1da9a    00000034     drivers.am62x.r5f.ti-arm-clang.release.lib : lpddr4_am6x.obj (.text.LPDDR4_EnablePIInitiator)
                  43c1dace    00000034                                                : lpddr4.obj (.text.LPDDR4_PollCtlIrq)
                  43c1db02    00000002     --HOLE-- [fill = 0]
                  43c1db04    00000034     sciclient_direct_sbl.am62x.r5f.ti-arm-clang.release.lib : uart_print.obj (.text.UART_dataWrite)
                  43c1db38    00000034     rm_pm_hal_sbl.am62x.r5f.ti-arm-clang.release.lib : clk.obj (.text.clk_get_parent_freq)
                  43c1db6c    00000034                                                      : clk.obj (.text.clk_set_state)
                  43c1dba0    00000034                                                      : device.obj (.text.devices_init_rw)
                  43c1dbd4    00000034     libc.a : memory.c.obj (.text.free_list_remove)
                  43c1dc08    00000034     rm_pm_hal_sbl.am62x.r5f.ti-arm-clang.release.lib : psc.obj (.text.psc_lookup)
                  43c1dc3c    00000034                                                      : psc.obj (.text.psc_lookup_pd)
                  43c1dc70    00000034                                                      : rm_ia.obj (.text.rm_ia_is_managed_resasg_utype)
                  43c1dca4    00000034                                                      : rm.obj (.text.rm_init)
                  43c1dcd8    00000032     freertos_fat.am62x.r5f.ti-arm-clang.release.lib : ff_file.obj (.text.FF_FileLBA)
                  43c1dd0a    00000032     nortos.am62x.r5f.ti-arm-clang.release.lib : SemaphoreP_nortos.obj (.text.SemaphoreP_post)
                  43c1dd3c    00000032     drivers.am62x.r5f.ti-arm-clang.release.lib : uart_v0.obj (.text.UART_getHandle)
                  43c1dd6e    00000032                                                : udma_event.obj (.text.UdmaEventPrms_init)
                  43c1dda0    00000032     rm_pm_hal_sbl.am62x.r5f.ti-arm-clang.release.lib : device_pm.obj (.text.device_set_retention)
                  43c1ddd2    00000002     --HOLE-- [fill = 0]
                  43c1ddd4    00000030     freertos_fat.am62x.r5f.ti-arm-clang.release.lib : ff_crc.obj (.text.FF_GetCRC16)
                  43c1de04    00000030                                                     : ff_fat.obj (.text.FF_getMinorBlockNumber)
                  43c1de34    00000030     sciclient_direct_sbl.am62x.r5f.ti-arm-clang.release.lib : sciclient_rm_irq.obj (.text.Sciclient_rmPsPush)
                  43c1de64    00000030     drivers.am62x.r5f.ti-arm-clang.release.lib : udma_ch.obj (.text.Udma_chGetCqRingNum)
                  43c1de94    00000030     libc.a : snprintf.c.obj (.text._outc)
                  43c1dec4    00000030     rm_pm_hal_sbl.am62x.r5f.ti-arm-clang.release.lib : clk_fixed.obj (.text.clk_fixed_get_freq)
                  43c1def4    00000030                                                      : clk.obj (.text.clk_get_freq)
                  43c1df24    00000030                                                      : trace-uart.obj (.text.trace_debug_uart)
                  43c1df54    0000002e     drivers.am62x.r5f.ti-arm-clang.release.lib : ddr.obj (.text.DDR_setFreq)
                  43c1df82    0000002e     freertos_fat.am62x.r5f.ti-arm-clang.release.lib : ff_ioman.obj (.text.FF_IOMAN_InitBufferDescriptors)
                  43c1dfb0    0000002e     drivers.am62x.r5f.ti-arm-clang.release.lib : mmcsd_v1.obj (.text.MMCSD_getHandle)
                  43c1dfde    0000002e                                                : mmcsd_v1.obj (.text.MMCSD_halLinesResetCmd)
                  43c1e00c    0000002e                                                : mmcsd_v1.obj (.text.MMCSD_halLinesResetDat)
                  43c1e03a    0000002e                                                : udma_ring_common.obj (.text.UdmaRingPrms_init)
                  43c1e068    0000002e     rm_pm_hal_sbl.am62x.r5f.ti-arm-clang.release.lib : clk_pll_16fft.obj (.text.clk_pll_16fft_set_state)
[...]
43c256a0  gMmcsdAttrs                                                                   
43c256dc  __aeabi_errno                                                                 
43c25740  gSocModulesClockFrequency                                                     
43c25764  gBootloaderUdmaArgs                                                           
43c25784  gMemBootloaderConfig                                                          
43c257a4  gRmIaInstances                                                                
43c257c4  _lock                                                                         
43c257c8  gSciclientRomSecProxyCfg                                                      
43c257e8  gSciclient_secProxyCfg                                                        
43c25808  a53_binary_file                                                               
43c25827  socCpuCores                                                                   
43c25828  m4f_binary_file                                                               
43c25848  r5f_binary_file                                                               
43c25868  gBootloaderMemFxns                                                            
43c25880  gClockConfig                                                                  
43c258b0  gMemBootloaderArgs                                                            
43c258c4  gResMemSection                                                                
43c258d8  gSocModules                                                                   
43c258fc  _unlock                                                                       
43c25900  gAddrTranslateRegionConfig                                                    
43c25910  gAddrTranslateConfig                                                          
43c2591c  gBootLoaderSDFiles                                                            
43c25928  gMpuConfig                                                                    
43c25934  gUartConfig                                                                   
43c25950  gCacheConfig                                                                  
43c25988  gFFMmcsdConfig                                                                
43c25990  gFFPartitionIds                                                               
43c25998  gMmcsdConfig                                                                  
43c259a0  gMmcsdParams                                                                  
43c259c0  a53_clock_in_Hz                                                               
43c259c4  a53_start_address                                                             
43c259c8  gAppImageSize                                                                 
43c259cc  gDebugLogZone                                                                 
43c259d0  gDebugP_uartDrvIndex                                                          
43c259d4  gHwiConfig                                                                    
43c259d8  gMmcsdConfigNum                                                               
43c259dc  gUartConfigNum                                                                
43c259e0  gUartDmaConfigNum                                                             
43c259e8  m4f_clock_in_Hz                                                               
43c259ec  m4f_start_address                                                             
43c259f0  operatingMode                                                                 
43c259f4  pBinaryFiles                                                                  
43c259f8  pSciclient_secProxyCfg                                                        
43c259fc  r5f_clock_in_Hz                                                               
43c25a00  r5f_start_address                                                             
43c25a10  selfcoreEntry                                                                 
43c25a80  soc_clock_data                                                                
43c25a80  soc_psc_multiple_domains                                                      
43c26f5c  crc32_table                                                                   
43c2735c  soc_device_data_arr                                                           
43c276ec  gUdmaRmDefBoardCfg_Pktdma                                                     
43c27a30  soc_pll_table                                                                 
43c27cf0  __aeabi_ctype_table_                                                          
43c27cf0  __aeabi_ctype_table_C                                                         
43c27ff1  soc_host_indexes                                                              
43c280ef  soc_host_indexes_sz                                                           
43c280f0  gUdmaRmDefCfg_Main                                                            
43c281e4  gSciclientMap                                                                 
43c2844c  gUdmaRmDefBoardCfg_Bcdma                                                      
43c285d8  gUdmaTxMappedChRingAttributes                                                 
43c287a8  soc_clock_freq_defaults                                                       
43c28a30  gRmIrqTree                                                                    
43c28ac8  gSOC_r5fVectors                                                               
43c28b58  soc_devgroups                                                                 
43c28cf0  gUdmaRxMappedChRingAttributes                                                 
43c28d2c  ia_soc_pe_init_list                                                           
43c29128  soc_fw_caps                                                                   
43c29188  tisci_if_TIMESYNC_EVENT_ROUTER0                                               
43c29528  soc_clock_ranges                                                              
43c295c8  clk_drv_div_fixed                                                             
43c295ec  clk_drv_div_pll_16fft_hsdiv                                                   
43c29610  clk_drv_div_pll_16fft_postdiv                                                 
43c29634  clk_drv_div_pll_16fft_postdiv_hsdiv                                           
43c29658  clk_drv_div_reg                                                               
43c2967c  clk_drv_div_reg_go                                                            
43c296e8  tisci_if_MAIN_GPIOMUX_INTROUTER0                                              
43c29818  clk_drv_mux_reg                                                               
43c29838  clk_drv_pllctrl_mux_reg_ro                                                    
43c29878  tisci_if_DMASS0_INTAGGR_0                                                     
43c29898  tisci_if_WKUP_MCU_GPIOMUX_INTROUTER0                                          
43c29954  irq_global_event_types                                                        
43c29c44  clk_drv_fixed                                                                 
43c29c5c  clk_drv_from_device                                                           
43c29c74  clk_drv_pll_16fft                                                             
43c29c8c  clk_drv_soc_hfosc0                                                            
43c29ca4  clk_drv_soc_lfosc0                                                            
43c2a3e0  tisci_if_CMP_EVENT_INTROUTER0                                                 
43c2a790  psc_drv                                                                       
43c2a7c0  tisci_if_CPSW0                                                                
43c2a7d0  tisci_if_ICSSM0                                                               
43c2ab28  tisci_if_GPIO0                                                                
43c2abb8  CMP_EVENT_INTROUTER0_outp_0_15_to_GICSS0_spi_48_63                            
43c2abc0  CMP_EVENT_INTROUTER0_outp_16_23_to_R5FSS0_CORE0_intr_48_55                    
43c2abc8  CMP_EVENT_INTROUTER0_outp_24_31_to_DMASS0_INTAGGR_0_intaggr_levi_pend_0_7     
43c2abd0  CMP_EVENT_INTROUTER0_outp_34_37_to_MCU_M4FSS0_CORE0_nvic_58_61                
43c2abd8  CMP_EVENT_INTROUTER0_outp_38_41_to_HSM0_nvic_51_54                            
43c2abe0  CPSW0_cpts_comp_0_0_to_CMP_EVENT_INTROUTER0_in_24_24                          
43c2abe8  CPSW0_cpts_genf0_1_1_to_TIMESYNC_EVENT_ROUTER0_in_16_16                       
43c2abf0  CPSW0_cpts_genf1_2_2_to_TIMESYNC_EVENT_ROUTER0_in_17_17                       
43c2abf8  CPSW0_cpts_sync_3_3_to_TIMESYNC_EVENT_ROUTER0_in_18_18                        
43c2ac00  DEBUGSS0_davdma_level_0_0_to_DMASS0_INTAGGR_0_intaggr_levi_pend_27_27         
43c2ac08  DMASS0_INTAGGR_0_intaggr_vintr_pend_0_39_to_GICSS0_spi_64_103                 
43c2ac10  DMASS0_INTAGGR_0_intaggr_vintr_pend_136_151_to_HSM0_nvic_176_191              
43c2ac18  DMASS0_INTAGGR_0_intaggr_vintr_pend_168_171_to_MCU_M4FSS0_CORE0_nvic_32_35    
43c2ac20  DMASS0_INTAGGR_0_intaggr_vintr_pend_172_175_to_MCU_M4FSS0_CORE0_nvic_54_57    
43c2ac28  DMASS0_INTAGGR_0_intaggr_vintr_pend_40_71_to_R5FSS0_CORE0_intr_64_95          
43c2ac30  DMASS0_INTAGGR_0_intaggr_vintr_pend_72_79_to_R5FSS0_CORE0_intr_8_15           
43c2ac38  DMASS0_INTAGGR_0_intaggr_vintr_pend_80_80_to_ICSSM0_pr1_slv_intr_21_21        
43c2ac40  DMASS0_INTAGGR_0_intaggr_vintr_pend_81_83_to_ICSSM0_pr1_slv_intr_29_31        
43c2ac48  EPWM0_epwm_synco_o_0_0_to_TIMESYNC_EVENT_ROUTER0_in_8_8                       
43c2ac50  GPIO0_gpio_0_89_to_MAIN_GPIOMUX_INTROUTER0_in_0_89                            
43c2ac58  GPIO0_gpio_90_91_to_MAIN_GPIOMUX_INTROUTER0_in_176_177                        
43c2ac60  GPIO0_gpio_bank_92_97_to_MAIN_GPIOMUX_INTROUTER0_in_190_195                   
43c2ac68  GPIO1_gpio_0_71_to_MAIN_GPIOMUX_INTROUTER0_in_90_161                          
43c2ac70  GPIO1_gpio_bank_72_76_to_MAIN_GPIOMUX_INTROUTER0_in_180_184                   
43c2ac78  GPMC0_gpmc_sdmareq_0_0_to_DMASS0_INTAGGR_0_intaggr_levi_pend_26_26            
43c2ac80  ICSSM0_pr1_edc0_sync0_out_0_0_to_TIMESYNC_EVENT_ROUTER0_in_10_10              
43c2ac88  ICSSM0_pr1_edc0_sync1_out_1_1_to_TIMESYNC_EVENT_ROUTER0_in_9_9                
43c2ac90  ICSSM0_pr1_host_intr_req_2_9_to_CMP_EVENT_INTROUTER0_in_0_7                   
43c2ac98  ICSSM0_pr1_iep0_cmp_intr_req_10_25_to_CMP_EVENT_INTROUTER0_in_8_23            
43c2aca0  MAIN_GPIOMUX_INTROUTER0_outp_0_15_to_GICSS0_spi_32_47                         
43c2aca8  MAIN_GPIOMUX_INTROUTER0_outp_0_15_to_R5FSS0_CORE0_intr_32_47                  
43c2acb0  MAIN_GPIOMUX_INTROUTER0_outp_0_7_to_HSM0_nvic_208_215                         
43c2acb8  MAIN_GPIOMUX_INTROUTER0_outp_16_21_to_ICSSM0_pr1_iep0_cap_intr_req_2_7        
43c2acc0  MAIN_GPIOMUX_INTROUTER0_outp_22_23_to_DMASS0_INTAGGR_0_intaggr_levi_pend_24_25
43c2acc8  MAIN_GPIOMUX_INTROUTER0_outp_24_31_to_DMASS0_INTAGGR_0_intaggr_levi_pend_16_23
43c2acd0  MAIN_GPIOMUX_INTROUTER0_outp_32_32_to_ICSSM0_pr1_slv_intr_18_18               
43c2acd8  MAIN_GPIOMUX_INTROUTER0_outp_33_33_to_ICSSM0_pr1_slv_intr_25_25               
43c2ace0  MAIN_GPIOMUX_INTROUTER0_outp_34_35_to_MCU_M4FSS0_CORE0_nvic_15_16             
43c2ace8  MCRC64_0_dma_event_0_3_to_DMASS0_INTAGGR_0_intaggr_levi_pend_28_31            
43c2acf0  MCU_GPIO0_gpio_0_23_to_WKUP_MCU_GPIOMUX_INTROUTER0_in_0_23                    
43c2acf8  MCU_GPIO0_gpio_bank_24_25_to_WKUP_MCU_GPIOMUX_INTROUTER0_in_30_31             
43c2ad00  TIMER0_timer_pwm_0_0_to_TIMESYNC_EVENT_ROUTER0_in_0_0                         
43c2ad08  TIMER1_timer_pwm_0_0_to_TIMESYNC_EVENT_ROUTER0_in_1_1                         
43c2ad10  TIMER2_timer_pwm_0_0_to_TIMESYNC_EVENT_ROUTER0_in_2_2                         
43c2ad18  TIMER3_timer_pwm_0_0_to_TIMESYNC_EVENT_ROUTER0_in_3_3                         
43c2ad20  TIMESYNC_EVENT_ROUTER0_outl_0_7_to_DMASS0_INTAGGR_0_intaggr_levi_pend_8_15    
43c2ad28  TIMESYNC_EVENT_ROUTER0_outl_10_10_to_CPSW0_cpts_hw1_push_0_0                  
43c2ad30  TIMESYNC_EVENT_ROUTER0_outl_11_11_to_CPSW0_cpts_hw2_push_1_1                  
43c2ad38  TIMESYNC_EVENT_ROUTER0_outl_12_12_to_CPSW0_cpts_hw3_push_2_2                  
43c2ad40  TIMESYNC_EVENT_ROUTER0_outl_13_13_to_CPSW0_cpts_hw4_push_3_3                  
43c2ad48  TIMESYNC_EVENT_ROUTER0_outl_14_14_to_CPSW0_cpts_hw5_push_4_4                  
43c2ad50  TIMESYNC_EVENT_ROUTER0_outl_15_15_to_CPSW0_cpts_hw6_push_5_5                  
43c2ad58  TIMESYNC_EVENT_ROUTER0_outl_16_16_to_CPSW0_cpts_hw7_push_6_6                  
43c2ad60  TIMESYNC_EVENT_ROUTER0_outl_17_17_to_CPSW0_cpts_hw8_push_7_7                  
43c2ad68  TIMESYNC_EVENT_ROUTER0_outl_24_25_to_ICSSM0_pr1_slv_intr_9_10                 
43c2ad70  TIMESYNC_EVENT_ROUTER0_outl_8_8_to_ICSSM0_pr1_edc0_latch0_in_0_0              
43c2ad78  TIMESYNC_EVENT_ROUTER0_outl_9_9_to_ICSSM0_pr1_edc0_latch1_in_1_1              
43c2ad80  WKUP_GTC0_gtc_push_event_0_0_to_TIMESYNC_EVENT_ROUTER0_in_11_11               
43c2ad88  WKUP_MCU_GPIOMUX_INTROUTER0_outp_0_3_to_GICSS0_spi_104_107                    
43c2ad90  WKUP_MCU_GPIOMUX_INTROUTER0_outp_0_3_to_R5FSS0_CORE0_intr_104_107             
43c2ad98  WKUP_MCU_GPIOMUX_INTROUTER0_outp_12_12_to_ICSSM0_pr1_slv_intr_8_8             
43c2ada0  WKUP_MCU_GPIOMUX_INTROUTER0_outp_4_7_to_HSM0_nvic_78_81                       
43c2ada8  WKUP_MCU_GPIOMUX_INTROUTER0_outp_4_7_to_MCU_M4FSS0_CORE0_nvic_0_3             
43c2adb0  WKUP_MCU_GPIOMUX_INTROUTER0_outp_8_11_to_WKUP_ESM0_esm_pls_event0_88_91       
43c2adb8  WKUP_MCU_GPIOMUX_INTROUTER0_outp_8_11_to_WKUP_ESM0_esm_pls_event1_92_95       
43c2adc0  WKUP_MCU_GPIOMUX_INTROUTER0_outp_8_11_to_WKUP_ESM0_esm_pls_event2_96_99       
43c2ae38  gcSciclientDirectExtBootX509MagicWord                                         
43c2ae40  tisci_if_GPIO1                                                                
43c2ae48  tisci_if_MCU_GPIO0                                                            
43c2b170  evt_rt_srcs                                                                   
43c2b174  evt_rt_srcs_count                                                             
43c2b178  gCacheL1dCacheLineSize                                                        
43c2b17c  gCacheL1pCacheLineSize                                                        
43c2b180  gRmIrqTreeCount                                                               
43c2b1a4  ra_inst_count                                                                 
43c2b1a8  soc_clock_count                                                               
43c2b1ac  soc_devgroup_count                                                            
43c2b1b0  soc_device_count                                                              
43c2b1f0  tisci_if_DEBUGSS0                                                             
43c2b1f4  tisci_if_EPWM0                                                                
43c2b1f8  tisci_if_GPMC0                                                                
43c2b1fc  tisci_if_MCRC64_0                                                             
43c2b200  tisci_if_TIMER0                                                               
43c2b204  tisci_if_TIMER1                                                               
43c2b208  tisci_if_TIMER2                                                               
43c2b20c  tisci_if_TIMER3                                                               
43c2b210  tisci_if_WKUP_GTC0                                                            
43c2b214  udmap_inst_count                                                              
43c2b280  gSciclient_boardCfgLow                                                        
43c2b300  gSciclient_boardCfgLow_rm                                                     
43c2b880  gSciclient_boardCfgLow_sec                                                    
43c2ba00  gSciclient_boardCfgLow_pm                                                     
43c2ba80  _sys_memory                                                                   
43c33a80  __BSS_START                                                                   
43c33a80  gHwiCtrl                                                                      
43c34a88  gUdmaDrvObj                                                                   
43c35e54  soc_clocks                                                                    
43c36618  soc_devices                                                                   
43c36f00  gMmcsdDataBuf0                                                                
43c37100  soc_clock_values                                                              
43c3740c  gProfileObj                                                                   
43c37528  _freertosresetvectors                                                         
43c37568  gFFDisks                                                                      
43c37738  bootCpuInfo                                                                   
43c377c8  gClockCtrl                                                                    
43c378e4  gSdData0                                                                      
43c37954  gADMA2Desc                                                                    
43c37974  gMmcsdHandle                                                                  
43c37978  gUartHandle                                                                   
43c37980  __BSS_END                                                                     
70000000  __stack                                                                       
70004000  __IRQ_STACK_START                                                             
70004000  __STACK_END                                                                   
70005000  __FIQ_STACK_START                                                             
70005000  __IRQ_STACK_END                                                               
70005100  __FIQ_STACK_END                                                               
70005100  __SVC_STACK_START                                                             
70005200  __ABORT_STACK_START                                                           
70005200  __SVC_STACK_END                                                               
70005300  __ABORT_STACK_END                                                             
70005300  __UNDEFINED_STACK_START                                                       
70005400  __UNDEFINED_STACK_END                                                         
84000000  gAppImageBuf                                                                  
ffffffff  __TI_pprof_out_hndl                                                           
ffffffff  __TI_prof_data_size                                                           
ffffffff  __TI_prof_data_start                                                          
ffffffff  __binit__                                                                     
ffffffff  binit                                                                         
UNDEFED   __TI_CINIT_Base                                                               
UNDEFED   __TI_CINIT_Limit                                                              
UNDEFED   __TI_Handler_Table_Base                                                       
UNDEFED   __TI_Handler_Table_Limit                                                      
UNDEFED   _system_post_cinit                                                            

[1000 symbols]
